<html>
<body>
<pre>
<h1>µVision Build Log</h1>
<h2>Tool Versions:</h2>
IDE-Version: ¦ÌVision V5.40.0.0
Copyright (C) 2024 ARM Ltd and ARM Germany GmbH. All rights reserved.
License Information: a 1806740514@qq.com, a, LIC=VGXG8-33RDG-MMC9I-T8FC8-UTX5H-7T38G
 
Tool Versions:
Toolchain:       MDK-ARM Plus  Version: 5.40.0.3
Toolchain Path:  C:\Keil_v5\ARM\ARMCLANG\Bin
C Compiler:      ArmClang.exe V6.22
Assembler:       Armasm.exe V6.22
Linker/Locator:  ArmLink.exe V6.22
Library Manager: ArmAr.exe V6.22
Hex Converter:   FromElf.exe V6.22
CPU DLL:         SARMCM3.DLL V5.40.0.3
Dialog DLL:      DCM.DLL V1.17.5.0
Target DLL:      CMSIS_AGDI.dll V1.33.18.0
Dialog DLL:      TCM.DLL V1.56.4.0
 
<h2>Project:</h2>
C:\Users\18067\Desktop\AT32M412CBT7_ARM2D\project\MDK_V5\AT32M412CBT7_Lvgl.uvprojx
Project File Date:  06/22/2025

<h2>Output:</h2>
*** Using Compiler 'V6.22', folder: 'C:\Keil_v5\ARM\ARMCLANG\Bin'
Build target 'AT32M412CBT7_Lvgl'
compiling wk_system.c...
compiling wk_usart.c...
compiling at32m412_416_pwc.c...
compiling at32m412_416_debug.c...
compiling at32m412_416_spi.c...
compiling wk_spi.c...
compiling at32m412_416_dma.c...
compiling at32m412_416_gpio.c...
compiling at32m412_416_int.c...
compiling at32m412_416_crm.c...
compiling at32m412_416_wk_config.c...
compiling wk_gpio.c...
compiling wk_dma.c...
compiling at32m412_416_usart.c...
compiling wk_wdt.c...
compiling main.c...
compiling at32m412_416_flash.c...
compiling at32m412_416_wdt.c...
compiling at32m412_416_misc.c...
compiling system_at32m412_416.c...
compiling TMT.c...
compiling util_queue.c...
compiling at32_Usart.c...
compiling lcd_init.c...
compiling WhiteDotSmall.c...
compiling touch.c...
compiling arm_2d_helper_built_in.c...
compiling bsp_lcd_spi.c...
compiling GLCD_Fonts.c...
compiling arm_2d_helper.c...
compiling arm_2d_helper_control.c...
compiling lcd.c...
compiling arm_2d_helper_list.c...
compiling busy_wheel.c...
compiling arm_2d_helper_shape.c...
compiling arm_2d_helper_font.c...
compiling circle_small.c...
compiling arm_2d_helper_pfb.c...
compiling arm_2d_helper_scene.c...
compiling console_box.c...
compiling arm_2d_async.c...
compiling arm_2d_conversion.c...
compiling arm_2d_draw.c...
compiling ClockMarking.c...
compiling arm_2d_filter.c...
compiling cmsis_logo.c...
compiling DigitsFont.c...
compiling Earth.c...
compiling ECGScan.c...
compiling ECG.c...
compiling arm_2d_transform.c...
compiling GlassBall40.c...
compiling GlassBall.c...
compiling ListCover.c...
compiling Lighting.c...
compiling GreenCircle.c...
compiling HallowOutCircleMask.c...
compiling Pointer.c...
compiling Cuisine.c...
compiling SinWave.c...
compiling RadialGradient.c...
compiling SpinWheel.c...
compiling QuaterArcSmall.c...
compiling WhiteDotBig.c...
compiling WhiteDotMiddle.c...
compiling BackgroundSmall.c...
compiling alarm_clock_font32.c...
compiling QuaterArcMiddle.c...
compiling alarm_clock_font64.c...
compiling arial_ascii_font14.c...
compiling battery_gasgauge_block.c...
compiling blue_slashes.c...
compiling battery_gasgauge_grade_boarder.c...
compiling battery_boarder_1.c...
compiling fan_blade.c...
compiling gear_02.c...
compiling QuaterArcBig.c...
compiling circle_mask.c...
compiling gear_01.c...
compiling glass_reflection_narrow.c...
compiling arm_2d_alpha_blending.c...
compiling icon_Developer.c...
compiling glass_reflection_wide.c...
compiling icon_Durability.c...
compiling icon_automobile.c...
compiling icon_compute.c...
compiling icon_drone.c...
compiling icon_multicore.c...
compiling icon_mobile.c...
compiling icon_smartmeter.c...
compiling icon_enterprise.c...
compiling icon_healthcare.c...
compiling compass.c...
compiling icon_wearables.c...
compiling icon_visual_sensor.c...
compiling background.c...
compiling pointer_sec.c...
compiling helium.c...
compiling star.c...
compiling small_icon_sun.c...
compiling software.c...
compiling wave.c...
compiling cloudy_glass.c...
compiling __simple_list.c...
compiling battery_gasgauge.c...
compiling controls.c...
compiling dynamic_nebula.c...
compiling histogram.c...
compiling watch_panel.c...
compiling icon_list.c...
compiling meter_pointer.c...
compiling progress_bar_drill.c...
compiling list_view.c...
compiling number_list.c...
compiling progress_bar_simple.c...
compiling wifi_signal.c...
compiling progress_bar_flowing.c...
compiling GlassHalo.c...
compiling spin_zoom_widget.c...
compiling progress_wheel.c...
compiling spinning_wheel.c...
compiling progress_bar_round.c...
compiling text_list.c...
compiling tjpgd.c...
compiling arm_2d_disp_adapter_0.c...
compiling text_tracking_list.c...
compiling text_box.c...
compiling arm_2d_scene_0.c...
compiling SquareDigits.c...
compiling BasicMathFunctions.c...
compiling BasicMathFunctionsF16.c...
compiling BayesFunctions.c...
compiling arm_2d_scene_mono_histogram.c...
compiling tjpgd_loader.c...
compiling arm_2d_scene_mono_icon_menu.c...
compiling arm_2d_scene_mono_clock.c...
compiling BayesFunctionsF16.c...
compiling arm_2d_scene_mono_loading.c...
compiling arm_2d_scene_mono_list.c...
compiling arm_2d_scene_mono_tracking_list.c...
compiling arm_2d.c...
compiling ComplexMathFunctionsF16.c...
compiling CommonTablesF16.c...
compiling ComplexMathFunctions.c...
compiling DistanceFunctionsF16.c...
compiling DistanceFunctions.c...
compiling InterpolationFunctionsF16.c...
compiling ControllerFunctions.c...
compiling FastMathFunctionsF16.c...
compiling InterpolationFunctions.c...
compiling FilteringFunctionsF16.c...
compiling WatchCoverRound.c...
compiling FastMathFunctions.c...
compiling MatrixFunctions.c...
compiling FilteringFunctions.c...
compiling MatrixFunctionsF16.c...
compiling QuaternionMathFunctions.c...
compiling SVMFunctions.c...
compiling SVMFunctionsF16.c...
compiling SupportFunctionsF16.c...
compiling perf_counter.c...
compiling StatisticsFunctions.c...
compiling perfc_port_default.c...
compiling retarget_io.c...
compiling SupportFunctions.c...
compiling StatisticsFunctionsF16.c...
compiling TransformFunctionsF16.c...
compiling TransformFunctions.c...
compiling CommonTables.c...
compiling Fire8x4.c...
linking...
Program Size: Code=75688 RO-data=10624 RW-data=448 ZI-data=14640  
FromELF: creating hex file...
After Build - User command #1: C:\Users\18067\Desktop\AT32M412CBT7_ARM2D\project\MDK_V5\keil5_disp_size_bar.exe
ram:
  RW_IRAM1 :0x20000000
   16.00 KB :|¡ö¡ö¡ö¡ö¡ö¡ö¡ö¡ö¡ö¡ö¡ö¡ö¡ö¡ö¡ö¡ö¡ö¡ö__|   92.09 % (   14.73 KB /    16.00 KB) [1296 B]
flash:
  ER_IROM1 :0x8000000
  128.00 KB :|¡ö¡ö¡ö¡ö¡ö¡ö¡ö¡ö¡ö¡ö¡ö¡ö¡ö_______|   65.85 % (   84.29 KB /   128.00 KB) [44760 B]
".\objects\AT32M412CBT7_Lvgl.axf" - 0 Error(s), 0 Warning(s).

<h2>Software Packages used:</h2>

Package Vendor: ARM
                https://www.keil.com/pack/ARM.Arm-2D.1.2.4-dev51.pack
                ARM::Arm-2D@1.2.4-dev51
                A 2D graphic library optimized for Cortex-M processors.
   * Component: Monochrome Version: 1.6.1
   * Component: Controls Version: 2.6.9
   * Component: LCD ASCII Printf Version: 2.13.1
   * Component: Loaders Version: 2.1.1
   * Component: Display Adapter Version: 3.4.0
   * Component: PFB Version: 2.7.3
   * Component: Scene Version: 1.3.3
   * Component: Alpha-Blending Version: 1.2.4-dev
   * Component: Core Version: 1.2.4-dev
   * Component: Filter Version: 1.2.4-dev
   * Component: Transform Version: 1.2.4-dev

Package Vendor: ARM
                https://www.keil.com/pack/ARM.CMSIS.6.1.0.pack
                ARM::CMSIS@6.1.0
                CMSIS (Common Microcontroller Software Interface Standard)
   * Component: CORE Version: 6.1.0

Package Vendor: ARM
                https://www.keil.com/pack/ARM.CMSIS-DSP.1.15.0.pack
                ARM::CMSIS-DSP@1.15.0
                CMSIS Embedded Compute Library
   * Component: DSP Variant: Source Version: 1.15.0

Package Vendor: ArteryTek
                
                ArteryTek::AT32M412_416_DFP@2.0.2
                ArteryTek AT32M412_416 Series Device Support,Drivers

Package Vendor: GorgonMeducer
                https://raw.githubusercontent.com/GorgonMeducer/perf_counter/CMSIS-Pack/cmsis-pack/GorgonMeducer.perf_counter.2.4.0.pack
                GorgonMeducer::perf_counter@2.4.0
                A dedicated performance counter for the Cortex-M Systick. It shares the SysTick with users' original SysTick function without interfering with it. This library will bring new functionalities, such as performance counter, APIs for delay, clock() defined in time.h etc.
   * Component: Core Variant: Source Version: 2.4.0

Package Vendor: Keil
                https://www.keil.com/pack/Keil.ARM_Compiler.1.7.2.pack
                Keil::ARM_Compiler@1.7.2
                Keil ARM Compiler extensions for ARM Compiler 5 and ARM Compiler 6
   * Component: STDOUT Variant: Breakpoint Version: 1.2.0

<h2>Collection of Component include folders:</h2>
  ./RTE/Acceleration
  ./RTE/_AT32M412CBT7_Lvgl
  C:/Users/18067/AppData/Local/Arm/Packs/ARM/Arm-2D/1.2.4-dev51/Helper/Include
  C:/Users/18067/AppData/Local/Arm/Packs/ARM/Arm-2D/1.2.4-dev51/Library/Include
  C:/Users/18067/AppData/Local/Arm/Packs/ARM/Arm-2D/1.2.4-dev51/examples/common/controls
  C:/Users/18067/AppData/Local/Arm/Packs/ARM/Arm-2D/1.2.4-dev51/examples/common/loader
  C:/Users/18067/AppData/Local/Arm/Packs/ARM/Arm-2D/1.2.4-dev51/examples/common/loader/tjpgd_loader
  C:/Users/18067/AppData/Local/Arm/Packs/ARM/Arm-2D/1.2.4-dev51/examples/demos
  C:/Users/18067/AppData/Local/Arm/Packs/ARM/CMSIS-DSP/1.15.0/Include
  C:/Users/18067/AppData/Local/Arm/Packs/ARM/CMSIS-DSP/1.15.0/PrivateInclude
  C:/Users/18067/AppData/Local/Arm/Packs/ARM/CMSIS/6.1.0/CMSIS/Core/Include
  C:/Users/18067/AppData/Local/Arm/Packs/ArteryTek/AT32M412_416_DFP/2.0.2/Device/Include
  C:/Users/18067/AppData/Local/Arm/Packs/GorgonMeducer/perf_counter/2.4.0

<h2>Collection of Component Files used:</h2>

   * Component: ARM::Acceleration:Arm-2D Demos:Monochrome@1.6.1
      Include file:  examples/demos/monochrome/arm_2d_scene_mono_list.h
      Include file:  examples/demos/monochrome/arm_2d_scene_mono_loading.h
      Source file:   examples/demos/monochrome/arm_2d_scene_mono_histogram.c
      Include file:  examples/demos/monochrome/arm_2d_scene_mono_histogram.h
      Include file:  examples/demos/monochrome/arm_2d_scene_mono_tracking_list.h
      Source file:   examples/demos/monochrome/arm_2d_scene_mono_icon_menu.c
      Include file:  examples/demos/monochrome/arm_2d_scene_mono_icon_menu.h
      Source file:   examples/demos/monochrome/arm_2d_scene_mono_tracking_list.c
      Source file:   examples/demos/monochrome/arm_2d_scene_mono_clock.c
      Source file:   examples/demos/monochrome/arm_2d_scene_mono_list.c
      Include file:  examples/demos/monochrome/arm_2d_scene_mono_clock.h
      Source file:   examples/demos/monochrome/SquareDigits.c
      Source file:   examples/demos/monochrome/arm_2d_scene_mono_loading.c

   * Component: ARM::Acceleration:Arm-2D Extras:Controls@2.6.9
      Source file:   examples/common/asset/circle_mask.c
      Source file:   examples/common/asset/Lighting.c
      Source file:   examples/common/asset/helium.c
      Source file:   examples/common/asset/blue_slashes.c
      Source file:   examples/common/controls/meter_pointer.c
      Source file:   examples/common/asset/QuaterArcSmall.c
      Source file:   examples/common/asset/WhiteDotBig.c
      Source file:   examples/common/asset/GreenCircle.c
      Source file:   examples/common/asset/QuaterArcMiddle.c
      Source file:   examples/common/asset/ListCover.c
      Source file:   examples/common/asset/glass_reflection_narrow.c
      Source file:   examples/common/asset/SpinWheel.c
      Source file:   examples/common/asset/WhiteDotMiddle.c
      Source file:   examples/common/asset/battery_gasgauge_block.c
      Source file:   examples/common/asset/QuaterArcBig.c
      Source file:   examples/common/asset/watch_panel.c
      Source file:   examples/common/asset/pointer_sec.c
      Source file:   examples/common/asset/gear_01.c
      Source file:   examples/common/asset/star.c
      Source file:   examples/common/asset/small_icon_sun.c
      Source file:   examples/common/asset/software.c
      Source file:   examples/common/asset/glass_reflection_wide.c
      Source file:   examples/common/asset/wifi_signal.c
      Source file:   examples/common/asset/battery_boarder_1.c
      Source file:   examples/common/asset/SinWave.c
      Source file:   examples/common/asset/background.c
      Source file:   examples/common/asset/BackgroundSmall.c
      Source file:   examples/common/controls/text_box.c
      Source file:   examples/common/asset/wave.c
      Source file:   examples/common/asset/Pointer.c
      Source file:   examples/common/asset/battery_gasgauge_grade_boarder.c
      Source file:   examples/common/asset/gear_02.c
      Source file:   examples/common/controls/icon_list.c
      Source file:   examples/common/controls/text_tracking_list.c
      Source file:   examples/common/controls/list_view.c
      Source file:   examples/common/controls/progress_bar_flowing.c
      Source file:   examples/common/controls/text_list.c
      Source file:   examples/common/controls/progress_bar_simple.c
      Source file:   examples/common/controls/progress_wheel.c
      Source file:   examples/common/controls/battery_gasgauge.c
      Source file:   examples/common/controls/progress_bar_round.c
      Source file:   examples/common/controls/dynamic_nebula.c
      Source file:   examples/common/controls/controls.c
      Source file:   examples/common/controls/spinning_wheel.c
      Source file:   examples/common/controls/progress_bar_drill.c
      Source file:   examples/common/controls/number_list.c
      Source file:   examples/common/controls/__simple_list.c
      Source file:   examples/common/controls/spin_zoom_widget.c
      Source file:   examples/common/controls/histogram.c
      Source file:   examples/common/controls/cloudy_glass.c
      Source file:   examples/common/asset/ECG.c
      Source file:   examples/common/asset/compass.c
      Source file:   examples/common/asset/alarm_clock_font32.c
      Source file:   examples/common/asset/WatchCoverRound.c
      Source file:   examples/common/asset/icon_drone.c
      Source file:   examples/common/asset/icon_mobile.c
      Source file:   examples/common/asset/icon_smartmeter.c
      Source file:   examples/common/asset/ECGScan.c
      Source file:   examples/common/asset/ClockMarking.c
      Source file:   examples/common/asset/icon_compute.c
      Source file:   examples/common/asset/fan_blade.c
      Source file:   examples/common/asset/alarm_clock_font64.c
      Source file:   examples/common/asset/Cuisine.c
      Source file:   examples/common/asset/DigitsFont.c
      Source file:   examples/common/asset/icon_automobile.c
      Source file:   examples/common/asset/Earth.c
      Source file:   examples/common/asset/icon_Durability.c
      Source file:   examples/common/asset/icon_healthcare.c
      Source file:   examples/common/asset/icon_multicore.c
      Source file:   examples/common/asset/GlassHalo.c
      Source file:   examples/common/asset/icon_Developer.c
      Source file:   examples/common/asset/icon_visual_sensor.c
      Source file:   examples/common/asset/icon_wearables.c
      Source file:   examples/common/asset/GlassBall40.c
      Source file:   examples/common/asset/RadialGradient.c
      Source file:   examples/common/asset/GlassBall.c
      Source file:   examples/common/asset/Fire8x4.c
      Source file:   examples/common/asset/arial_ascii_font14.c
      Source file:   examples/common/asset/HallowOutCircleMask.c
      Source file:   examples/common/asset/icon_enterprise.c

   * Component: ARM::Acceleration:Arm-2D Extras:LCD ASCII Printf@2.13.1
      Source file:   Helper/Source/arm_2d_helper_font.c
      Include file:  Helper/Include/arm_2d_helper_font.h
      Include file:  Helper/Include/arm_extra_lcd_printf.h
      Source file:   Helper/Source/GLCD_Fonts.c

   * Component: ARM::Acceleration:Arm-2D Extras:Loaders@2.1.1
      Source file:   examples/common/loader/tjpgd_loader/tjpgd/tjpgd.c
      Include file:  examples/common/loader/tjpgd_loader/tjpgd_loader.h
      Source file:   examples/common/loader/tjpgd_loader/tjpgd_loader.c
      Include file:  examples/common/loader/tjpgd_loader/arm_tjpgd_cfg.h

   * Component: ARM::Acceleration:Arm-2D Helper:Display Adapter@3.4.0
      Include file:  Helper/template/arm_2d_disp_adapter.h
      Source file:   Helper/template/arm_2d_disp_adapter.c

   * Component: ARM::Acceleration:Arm-2D Helper:PFB@2.7.3
      Source file:   examples/common/asset/radial_line_cover.c
      Source file:   examples/common/asset/radial_line_pattern.c
      Source file:   examples/common/asset/knob_circle_quater.c
      Source file:   Helper/Source/arm_2d_helper_shape.c
      Source file:   examples/common/scenes/bubble_charging/arm_2d_scene_bubble_charging.c
      Include file:  examples/common/scenes/alarm_clock/arm_2d_scene_alarm_clock.h
      Source file:   Helper/Source/arm_2d_helper_scene.c
      Source file:   examples/common/scenes/alarm_clock/arm_2d_scene_alarm_clock.c
      Source file:   Helper/Source/arm_2d_helper_built_in.c
      Source file:   Helper/Source/WhiteDotSmall.c
      Include file:  examples/common/scenes/meter/arm_2d_scene_meter.h
      Source file:   Helper/Source/arm_2d_helper.c
      Source file:   Helper/Source/arm_2d_helper_pfb.c
      Source file:   Helper/Source/cmsis_logo.c
      Source file:   examples/common/scenes/watch/arm_2d_scene_watch.c
      Include file:  examples/common/scenes/watch/arm_2d_scene_watch.h
      Source file:   examples/common/scenes/fitness/arm_2d_scene_fitness.c
      Include file:  examples/common/scenes/animate_background/arm_2d_scene_animate_background.h
      Source file:   examples/common/scenes/histogram/arm_2d_scene_histogram.c
      Source file:   examples/common/scenes/meter/arm_2d_scene_meter.c
      Include file:  examples/common/scenes/histogram/arm_2d_scene_histogram.h
      Source file:   examples/common/scenes/fan/arm_2d_scene_fan.c
      Include file:  examples/common/scenes/fitness/arm_2d_scene_fitness.h
      Source file:   Helper/Source/arm_2d_helper_control.c
      Include file:  examples/common/scenes/bubble_charging/arm_2d_scene_bubble_charging.h
      Include file:  examples/common/scenes/fan/arm_2d_scene_fan.h
      Source file:   examples/common/scenes/animate_background/arm_2d_scene_animate_background.c
      Source file:   Helper/template/arm_2d_helper_rtos_user.c
      Source file:   Helper/Source/arm_2d_helper_list.c
      Source file:   examples/common/asset/MeterPanel.c
      Source file:   examples/common/scenes/animate_background/arm_2d_scene_animate_background_vres.c
      Source file:   Helper/Source/busy_wheel.c
      Source file:   Helper/Source/console_box.c
      Source file:   Helper/Source/circle_small.c
      Include file:  examples/common/scenes/knob/arm_2d_scene_knob.h
      Source file:   examples/common/asset/wedge_pattern.c
      Source file:   examples/common/scenes/knob/arm_2d_scene_knob.c

   * Component: ARM::Acceleration:Arm-2D Helper:Scene@1.3.3
      Source file:   Helper/template/arm_2d_scene.c
      Include file:  Helper/template/arm_2d_scene.h

   * Component: ARM::Acceleration:Arm-2D:Alpha-Blending@1.2.4-dev
      Source file:   Library/Source/arm_2d_alpha_blending.c

   * Component: ARM::Acceleration:Arm-2D:Core@1.2.4-dev
      Source file:   examples/common/controls/template/user_control_template.c
      Include file:  examples/common/controls/template/user_control_template.h
      Include file:  Library/template/arm_2d_user_opcode_template_i_draw.h
      Source file:   Library/template/arm_2d_user_opcode_template_i_draw.c
      Source file:   Helper/template/arm_2d_scene_template.c
      Include file:  Helper/template/arm_2d_scene_template.h
      Source file:   Library/template/arm_2d_user_opcode_template_i_cp_src.c
      Include file:  Library/template/arm_2d_user_opcode_template_i_cp_src.h
      Source file:   Library/Source/arm_2d_draw.c
      Source file:   Library/Source/arm_2d_conversion.c
      Source file:   Library/Source/arm_2d_async.c
      Source file:   Library/Source/arm_2d.c

   * Component: ARM::Acceleration:Arm-2D:Filter@1.2.4-dev
      Source file:   Library/Source/arm_2d_filter.c

   * Component: ARM::Acceleration:Arm-2D:Transform@1.2.4-dev
      Source file:   Library/Source/arm_2d_transform.c

   * Component: ARM::CMSIS:CORE@6.1.0

   * Component: ARM::CMSIS:DSP&Source@1.15.0
      Source file:   Source/FastMathFunctions/FastMathFunctions.c
      Source file:   Source/ComplexMathFunctions/ComplexMathFunctionsF16.c
      Source file:   Source/FilteringFunctions/FilteringFunctions.c
      Source file:   Source/FilteringFunctions/FilteringFunctionsF16.c
      Source file:   Source/TransformFunctions/TransformFunctions.c
      Source file:   Source/SVMFunctions/SVMFunctions.c
      Source file:   Source/MatrixFunctions/MatrixFunctionsF16.c
      Source file:   Source/InterpolationFunctions/InterpolationFunctionsF16.c
      Source file:   Source/StatisticsFunctions/StatisticsFunctions.c
      Source file:   Source/CommonTables/CommonTables.c
      Source file:   Source/BayesFunctions/BayesFunctions.c
      Source file:   Source/ControllerFunctions/ControllerFunctions.c
      Include file:  Include/arm_const_structs_f16.h
      Source file:   Source/DistanceFunctions/DistanceFunctions.c
      Source file:   Source/InterpolationFunctions/InterpolationFunctions.c
      Include file:  Include/arm_math.h
      Include file:  Include/arm_math_f16.h
      Source file:   Source/BasicMathFunctions/BasicMathFunctions.c
      Source file:   Source/ComplexMathFunctions/ComplexMathFunctions.c
      Source file:   Source/BasicMathFunctions/BasicMathFunctionsF16.c
      Source file:   Source/QuaternionMathFunctions/QuaternionMathFunctions.c
      Source file:   Source/SupportFunctions/SupportFunctions.c
      Source file:   Source/CommonTables/CommonTablesF16.c
      Source file:   Source/TransformFunctions/TransformFunctionsF16.c
      Source file:   Source/StatisticsFunctions/StatisticsFunctionsF16.c
      Include file:  Include/arm_common_tables.h
      Source file:   Source/MatrixFunctions/MatrixFunctions.c
      Include file:  Include/arm_common_tables_f16.h
      Include file:  Include/arm_const_structs.h
      Source file:   Source/SVMFunctions/SVMFunctionsF16.c
      Source file:   Source/FastMathFunctions/FastMathFunctionsF16.c
      Source file:   Source/BayesFunctions/BayesFunctionsF16.c
      Source file:   Source/DistanceFunctions/DistanceFunctionsF16.c
      Source file:   Source/SupportFunctions/SupportFunctionsF16.c

   * Component: GorgonMeducer::Utilities:perf_counter:Core&Source@2.4.0
      Source file:   systick_wrapper_gnu.s
      Source file:   perfc_port_default.c
      Include file:  perf_counter.h
      Source file:   perf_counter.c

   * Component: Keil::Compiler&ARM Compiler:I/O:STDOUT&Breakpoint@1.2.0
      Source file:   Source/retarget_io.c
Build Time Elapsed:  00:00:17
</pre>
</body>
</html>
