<!doctype html public "-//w3c//dtd html 4.0 transitional//en">
<html><head>
<title>Static Call Graph - [.\objects\AT32M412CBT7_Lvgl.axf]</title></head>
<body><HR>
<H1>Static Call Graph for image .\objects\AT32M412CBT7_Lvgl.axf</H1><HR>
<BR><P>#&#060CALLGRAPH&#062# ARM Linker, 6220000: Last Updated: Sun Jun 22 14:02:28 2025
<BR><P>
<H3>Maximum Stack Usage =       1612 bytes + Unknown(Functions without stacksize, Cycles, Untraceable Function Pointers)</H3><H3>
Call chain for Maximum Stack Depth:</H3>
__pfb_draw_scene_mono_clock_handler &rArr; arm_lcd_printf &rArr; arm_lcd_puts &rArr; lcd_draw_char &rArr; arm_2dp_rgb16_draw_pattern &rArr; __arm_2d_op_invoke &rArr; __arm_2d_op_frontend &rArr; __arm_2d_op_frontend_op_decoder &rArr; __arm_2d_op_frontend_region_process_with_src &rArr; __tile_clipped_pave &rArr; __arm_2d_region_calculator &rArr; __arm_2d_issue_sub_task_copy_origin_masks &rArr; __arm_2d_sub_task_depose &rArr; __depose_virtual_resource &rArr; __arm_2d_tile_get_root &rArr; __arm_2d_tile_get_1st_derived_child_or_root &rArr; arm_2d_region_intersect &rArr; __aeabi_assert &rArr; fputs &rArr; fputc &rArr; stdout_putchar
<P>
<H3>
Functions with no stack information
</H3><UL>
 <LI><a href="#[c]">SysTick_Handler</a>
 <LI><a href="#[1e2]">__ensure_systick_wrapper</a>
</UL>
</UL>
<P>
<H3>
Mutually Recursive functions
</H3> <LI><a href="#[1f]">ADC1_2_IRQHandler</a>&nbsp;&nbsp;&nbsp;&rArr;&nbsp;&nbsp;&nbsp;<a href="#[1f]">ADC1_2_IRQHandler</a><BR>
 <LI><a href="#[bb]">__arm_2d_helper_pfb_report_rendering_complete</a>&nbsp;&nbsp;&nbsp;&rArr;&nbsp;&nbsp;&nbsp;<a href="#[a4]">arm_2d_helper_pfb_flush</a><BR>
</UL>
<P>
<H3>
Function Pointers
</H3><UL>
 <LI><a href="#[3e]">$Super$$SysTick_Handler</a> from lto-llvm-1ddb82.o(.text.SysTick_Handler) referenced from systick_wrapper_gnu.o(.text)
 <LI><a href="#[1f]">ADC1_2_IRQHandler</a> from startup_at32m412_416.o(.text) referenced from startup_at32m412_416.o(RESET)
 <LI><a href="#[50]">ARM_2D_A1_FONT_GET_CHAR_DESCRIPTOR_HANDLER</a> from lto-llvm-1ddb82.o(.text.ARM_2D_A1_FONT_GET_CHAR_DESCRIPTOR_HANDLER) referenced from lto-llvm-1ddb82.o(.rodata.ARM_2D_FONT_6x8)
 <LI><a href="#[7]">BusFault_Handler</a> from lto-llvm-1ddb82.o(.text.BusFault_Handler) referenced from startup_at32m412_416.o(RESET)
 <LI><a href="#[23]">CAN1_ERR_IRQHandler</a> from startup_at32m412_416.o(.text) referenced from startup_at32m412_416.o(RESET)
 <LI><a href="#[21]">CAN1_RX_IRQHandler</a> from startup_at32m412_416.o(.text) referenced from startup_at32m412_416.o(RESET)
 <LI><a href="#[22]">CAN1_STAT_IRQHandler</a> from startup_at32m412_416.o(.text) referenced from startup_at32m412_416.o(RESET)
 <LI><a href="#[20]">CAN1_TX_IRQHandler</a> from startup_at32m412_416.o(.text) referenced from startup_at32m412_416.o(RESET)
 <LI><a href="#[37]">CMP2_1_IRQHandler</a> from startup_at32m412_416.o(.text) referenced from startup_at32m412_416.o(RESET)
 <LI><a href="#[12]">CRM_IRQHandler</a> from startup_at32m412_416.o(.text) referenced from startup_at32m412_416.o(RESET)
 <LI><a href="#[18]">DMA1_Channel1_IRQHandler</a> from startup_at32m412_416.o(.text) referenced from startup_at32m412_416.o(RESET)
 <LI><a href="#[19]">DMA1_Channel2_IRQHandler</a> from startup_at32m412_416.o(.text) referenced from startup_at32m412_416.o(RESET)
 <LI><a href="#[1a]">DMA1_Channel3_IRQHandler</a> from startup_at32m412_416.o(.text) referenced from startup_at32m412_416.o(RESET)
 <LI><a href="#[1b]">DMA1_Channel4_IRQHandler</a> from startup_at32m412_416.o(.text) referenced from startup_at32m412_416.o(RESET)
 <LI><a href="#[1c]">DMA1_Channel5_IRQHandler</a> from startup_at32m412_416.o(.text) referenced from startup_at32m412_416.o(RESET)
 <LI><a href="#[1d]">DMA1_Channel6_IRQHandler</a> from startup_at32m412_416.o(.text) referenced from startup_at32m412_416.o(RESET)
 <LI><a href="#[1e]">DMA1_Channel7_IRQHandler</a> from startup_at32m412_416.o(.text) referenced from startup_at32m412_416.o(RESET)
 <LI><a href="#[39]">DMAMUX_IRQHandler</a> from startup_at32m412_416.o(.text) referenced from startup_at32m412_416.o(RESET)
 <LI><a href="#[a]">DebugMon_Handler</a> from lto-llvm-1ddb82.o(.text.DebugMon_Handler) referenced from startup_at32m412_416.o(RESET)
 <LI><a href="#[34]">ERTCAlarm_IRQHandler</a> from startup_at32m412_416.o(.text) referenced from startup_at32m412_416.o(RESET)
 <LI><a href="#[10]">ERTC_WKUP_IRQHandler</a> from startup_at32m412_416.o(.text) referenced from startup_at32m412_416.o(RESET)
 <LI><a href="#[13]">EXINT0_IRQHandler</a> from startup_at32m412_416.o(.text) referenced from startup_at32m412_416.o(RESET)
 <LI><a href="#[33]">EXINT15_10_IRQHandler</a> from startup_at32m412_416.o(.text) referenced from startup_at32m412_416.o(RESET)
 <LI><a href="#[14]">EXINT1_IRQHandler</a> from startup_at32m412_416.o(.text) referenced from startup_at32m412_416.o(RESET)
 <LI><a href="#[15]">EXINT2_IRQHandler</a> from startup_at32m412_416.o(.text) referenced from startup_at32m412_416.o(RESET)
 <LI><a href="#[16]">EXINT3_IRQHandler</a> from startup_at32m412_416.o(.text) referenced from startup_at32m412_416.o(RESET)
 <LI><a href="#[17]">EXINT4_IRQHandler</a> from startup_at32m412_416.o(.text) referenced from startup_at32m412_416.o(RESET)
 <LI><a href="#[24]">EXINT9_5_IRQHandler</a> from startup_at32m412_416.o(.text) referenced from startup_at32m412_416.o(RESET)
 <LI><a href="#[11]">FLASH_IRQHandler</a> from startup_at32m412_416.o(.text) referenced from startup_at32m412_416.o(RESET)
 <LI><a href="#[38]">FPU_IRQHandler</a> from startup_at32m412_416.o(.text) referenced from startup_at32m412_416.o(RESET)
 <LI><a href="#[5]">HardFault_Handler</a> from lto-llvm-1ddb82.o(.text.HardFault_Handler) referenced from startup_at32m412_416.o(RESET)
 <LI><a href="#[2c]">I2C1_ERR_IRQHandler</a> from startup_at32m412_416.o(.text) referenced from startup_at32m412_416.o(RESET)
 <LI><a href="#[2b]">I2C1_EVT_IRQHandler</a> from startup_at32m412_416.o(.text) referenced from startup_at32m412_416.o(RESET)
 <LI><a href="#[2e]">I2C2_ERR_IRQHandler</a> from startup_at32m412_416.o(.text) referenced from startup_at32m412_416.o(RESET)
 <LI><a href="#[2d]">I2C2_EVT_IRQHandler</a> from startup_at32m412_416.o(.text) referenced from startup_at32m412_416.o(RESET)
 <LI><a href="#[6]">MemManage_Handler</a> from lto-llvm-1ddb82.o(.text.MemManage_Handler) referenced from startup_at32m412_416.o(RESET)
 <LI><a href="#[4]">NMI_Handler</a> from lto-llvm-1ddb82.o(.text.NMI_Handler) referenced from startup_at32m412_416.o(RESET)
 <LI><a href="#[e]">PVM_IRQHandler</a> from startup_at32m412_416.o(.text) referenced from startup_at32m412_416.o(RESET)
 <LI><a href="#[b]">PendSV_Handler</a> from lto-llvm-1ddb82.o(.text.PendSV_Handler) referenced from startup_at32m412_416.o(RESET)
 <LI><a href="#[3]">Reset_Handler</a> from startup_at32m412_416.o(.text) referenced from startup_at32m412_416.o(RESET)
 <LI><a href="#[2f]">SPI1_IRQHandler</a> from startup_at32m412_416.o(.text) referenced from startup_at32m412_416.o(RESET)
 <LI><a href="#[30]">SPI2_IRQHandler</a> from startup_at32m412_416.o(.text) referenced from startup_at32m412_416.o(RESET)
 <LI><a href="#[9]">SVC_Handler</a> from lto-llvm-1ddb82.o(.text.SVC_Handler) referenced from startup_at32m412_416.o(RESET)
 <LI><a href="#[c]">SysTick_Handler</a> from systick_wrapper_gnu.o(.text) referenced from startup_at32m412_416.o(RESET)
 <LI><a href="#[3b]">SystemInit</a> from lto-llvm-1ddb82.o(.text.SystemInit) referenced from startup_at32m412_416.o(.text)
 <LI><a href="#[f]">TAMP_STAMP_IRQHandler</a> from startup_at32m412_416.o(.text) referenced from startup_at32m412_416.o(RESET)
 <LI><a href="#[25]">TMR1_BRK_TMR9_IRQHandler</a> from startup_at32m412_416.o(.text) referenced from startup_at32m412_416.o(RESET)
 <LI><a href="#[28]">TMR1_CH_IRQHandler</a> from startup_at32m412_416.o(.text) referenced from startup_at32m412_416.o(RESET)
 <LI><a href="#[26]">TMR1_OVF_TMR10_IRQHandler</a> from startup_at32m412_416.o(.text) referenced from startup_at32m412_416.o(RESET)
 <LI><a href="#[27]">TMR1_TRG_HALL_TMR11_IRQHandler</a> from startup_at32m412_416.o(.text) referenced from startup_at32m412_416.o(RESET)
 <LI><a href="#[29]">TMR3_GLOBAL_IRQHandler</a> from startup_at32m412_416.o(.text) referenced from startup_at32m412_416.o(RESET)
 <LI><a href="#[2a]">TMR4_GLOBAL_IRQHandler</a> from startup_at32m412_416.o(.text) referenced from startup_at32m412_416.o(RESET)
 <LI><a href="#[35]">TMR6_DAC_GLOBAL_IRQHandler</a> from startup_at32m412_416.o(.text) referenced from startup_at32m412_416.o(RESET)
 <LI><a href="#[36]">TMR7_GLOBAL_IRQHandler</a> from startup_at32m412_416.o(.text) referenced from startup_at32m412_416.o(RESET)
 <LI><a href="#[31]">USART1_IRQHandler</a> from lto-llvm-1ddb82.o(.text.USART1_IRQHandler) referenced from startup_at32m412_416.o(RESET)
 <LI><a href="#[32]">USART2_IRQHandler</a> from at32_usart.o(.text.USART2_IRQHandler) referenced from startup_at32m412_416.o(RESET)
 <LI><a href="#[8]">UsageFault_Handler</a> from lto-llvm-1ddb82.o(.text.UsageFault_Handler) referenced from startup_at32m412_416.o(RESET)
 <LI><a href="#[d]">WWDT_IRQHandler</a> from startup_at32m412_416.o(.text) referenced from startup_at32m412_416.o(RESET)
 <LI><a href="#[55]">__arm_2d_c8bit_sw_colour_filling</a> from lto-llvm-1ddb82.o(.text.__arm_2d_c8bit_sw_colour_filling) referenced from lto-llvm-1ddb82.o(.rodata.LOW_LEVEL_IO__ARM_2D_IO_FILL_COLOUR_C8BIT)
 <LI><a href="#[51]">__arm_2d_lcd_text_default_a1_font_draw_char</a> from lto-llvm-1ddb82.o(.text.__arm_2d_lcd_text_default_a1_font_draw_char) referenced from lto-llvm-1ddb82.o(.rodata.ARM_2D_FONT_6x8)
 <LI><a href="#[51]">__arm_2d_lcd_text_default_a1_font_draw_char</a> from lto-llvm-1ddb82.o(.text.__arm_2d_lcd_text_default_a1_font_draw_char) referenced from lto-llvm-1ddb82.o(.rodata.ARM_2D_FONT_SQUARE_DIGITS_24_A1)
 <LI><a href="#[57]">__arm_2d_rgb16_sw_colour_filling</a> from lto-llvm-1ddb82.o(.text.__arm_2d_rgb16_sw_colour_filling) referenced from lto-llvm-1ddb82.o(.rodata.LOW_LEVEL_IO__ARM_2D_IO_FILL_COLOUR_RGB16)
 <LI><a href="#[53]">__arm_2d_rgb16_sw_draw_pattern</a> from lto-llvm-1ddb82.o(.text.__arm_2d_rgb16_sw_draw_pattern) referenced from lto-llvm-1ddb82.o(.rodata.LOW_LEVEL_IO__ARM_2D_IO_DRAW_PATTERN_RGB16)
 <LI><a href="#[58]">__arm_2d_rgb32_sw_colour_filling</a> from lto-llvm-1ddb82.o(.text.__arm_2d_rgb32_sw_colour_filling) referenced from lto-llvm-1ddb82.o(.rodata.LOW_LEVEL_IO__ARM_2D_IO_FILL_COLOUR_RGB32)
 <LI><a href="#[54]">__arm_2d_rgb565_sw_colour_filling_with_a1_mask_and_opacity</a> from lto-llvm-1ddb82.o(.text.__arm_2d_rgb565_sw_colour_filling_with_a1_mask_and_opacity) referenced from lto-llvm-1ddb82.o(.rodata.LOW_LEVEL_IO__ARM_2D_IO_FILL_COLOUR_A1_MASK_AND_OPACITY_RGB565)
 <LI><a href="#[56]">__arm_2d_rgb565_sw_colour_filling_with_mask_and_opacity</a> from lto-llvm-1ddb82.o(.text.__arm_2d_rgb565_sw_colour_filling_with_mask_and_opacity) referenced from lto-llvm-1ddb82.o(.rodata.LOW_LEVEL_IO__ARM_2D_IO_FILL_COLOUR_MASK_AND_OPACITY_RGB565)
 <LI><a href="#[59]">__arm_2d_rgb565_sw_colour_filling_with_mask_opacity_and_transform</a> from lto-llvm-1ddb82.o(.text.__arm_2d_rgb565_sw_colour_filling_with_mask_opacity_and_transform) referenced from lto-llvm-1ddb82.o(.rodata.LOW_LEVEL_IO__ARM_2D_IO_FILL_COLOUR_WITH_MSK_OPACITY_AND_TRANSFORM_RGB565)
 <LI><a href="#[5a]">__arm_2d_rgb565_sw_colour_filling_with_opacity</a> from lto-llvm-1ddb82.o(.text.__arm_2d_rgb565_sw_colour_filling_with_opacity) referenced from lto-llvm-1ddb82.o(.rodata.LOW_LEVEL_IO__ARM_2D_IO_FILL_COLOUR_WITH_OPACITY_RGB565)
 <LI><a href="#[44]">__disp_adapter0_draw_navigation</a> from lto-llvm-1ddb82.o(.text.__disp_adapter0_draw_navigation) referenced 2 times from lto-llvm-1ddb82.o(.text.__arm_2d_scene_player_register_on_draw_navigation_event_handler)
 <LI><a href="#[4e]">__disp_adapter0_pfb_render_handler</a> from lto-llvm-1ddb82.o(.text.__disp_adapter0_pfb_render_handler) referenced from lto-llvm-1ddb82.o(.rodata..L__const.__user_scene_player_init.tCFG)
 <LI><a href="#[3c]">__main</a> from entry.o(.ARM.Collect$$$$00000000) referenced from startup_at32m412_416.o(.text)
 <LI><a href="#[4f]">__on_each_frame_complete</a> from lto-llvm-1ddb82.o(.text.__on_each_frame_complete) referenced from lto-llvm-1ddb82.o(.rodata..L__const.__user_scene_player_init.tCFG)
 <LI><a href="#[2]">__on_frame_complete</a> from lto-llvm-1ddb82.o(.text.__on_frame_complete) referenced 2 times from lto-llvm-1ddb82.o(.data.disp_adapter0_init.s_tScenes)
 <LI><a href="#[1]">__on_frame_start</a> from lto-llvm-1ddb82.o(.text.__on_frame_start) referenced 2 times from lto-llvm-1ddb82.o(.data.disp_adapter0_init.s_tScenes)
 <LI><a href="#[43]">__on_scene_mono_clock_depose</a> from lto-llvm-1ddb82.o(.text.__on_scene_mono_clock_depose) referenced 2 times from lto-llvm-1ddb82.o(.text.__arm_2d_scene_mono_clock_init)
 <LI><a href="#[42]">__on_scene_mono_clock_frame_complete</a> from lto-llvm-1ddb82.o(.text.__on_scene_mono_clock_frame_complete) referenced 2 times from lto-llvm-1ddb82.o(.text.__arm_2d_scene_mono_clock_init)
 <LI><a href="#[41]">__on_scene_mono_clock_frame_start</a> from lto-llvm-1ddb82.o(.text.__on_scene_mono_clock_frame_start) referenced 2 times from lto-llvm-1ddb82.o(.text.__arm_2d_scene_mono_clock_init)
 <LI><a href="#[40]">__on_scene_mono_clock_load</a> from lto-llvm-1ddb82.o(.text.__on_scene_mono_clock_load) referenced 2 times from lto-llvm-1ddb82.o(.text.__arm_2d_scene_mono_clock_init)
 <LI><a href="#[5b]">__perf_counter_init</a> from lto-llvm-1ddb82.o(.text.__perf_counter_init) referenced from lto-llvm-1ddb82.o(.init_array)
 <LI><a href="#[0]">__pfb_draw_handler</a> from lto-llvm-1ddb82.o(.text.__pfb_draw_handler) referenced 2 times from lto-llvm-1ddb82.o(.data.disp_adapter0_init.s_tScenes)
 <LI><a href="#[46]">__pfb_draw_scene_background_handler</a> from lto-llvm-1ddb82.o(.text.__pfb_draw_scene_background_handler) referenced 2 times from lto-llvm-1ddb82.o(.text.arm_2d_scene_player_task)
 <LI><a href="#[45]">__pfb_draw_scene_handler</a> from lto-llvm-1ddb82.o(.text.__pfb_draw_scene_handler) referenced 4 times from lto-llvm-1ddb82.o(.text.arm_2d_scene_player_task)
 <LI><a href="#[3f]">__pfb_draw_scene_mono_clock_handler</a> from lto-llvm-1ddb82.o(.text.__pfb_draw_scene_mono_clock_handler) referenced 2 times from lto-llvm-1ddb82.o(.text.__arm_2d_scene_mono_clock_init)
 <LI><a href="#[52]">__utf8_a1_font_get_char_descriptor.678</a> from lto-llvm-1ddb82.o(.text.__utf8_a1_font_get_char_descriptor.678) referenced from lto-llvm-1ddb82.o(.rodata.ARM_2D_FONT_SQUARE_DIGITS_24_A1)
 <LI><a href="#[4d]">_snputc</a> from printfa.o(i._snputc) referenced from printfa.o(i.__0vsnprintf)
 <LI><a href="#[3a]">main</a> from lto-llvm-1ddb82.o(.text.main) referenced from entry9a.o(.ARM.Collect$$$$0000000B)
 <LI><a href="#[3d]">perfc_port_insert_to_system_timer_insert_ovf_handler</a> from lto-llvm-1ddb82.o(.text.perfc_port_insert_to_system_timer_insert_ovf_handler) referenced from systick_wrapper_gnu.o(.text)
 <LI><a href="#[49]">tmt_create</a> from lto-llvm-1ddb82.o(.text.tmt_create) referenced 2 times from lto-llvm-1ddb82.o(.text.tmt_init)
 <LI><a href="#[4a]">tmt_delete</a> from lto-llvm-1ddb82.o(.text.tmt_delete) referenced 2 times from lto-llvm-1ddb82.o(.text.tmt_init)
 <LI><a href="#[47]">tmt_run</a> from lto-llvm-1ddb82.o(.text.tmt_run) referenced 2 times from lto-llvm-1ddb82.o(.text.tmt_init)
 <LI><a href="#[4c]">tmt_run_ctrl</a> from lto-llvm-1ddb82.o(.text.tmt_run_ctrl) referenced 2 times from lto-llvm-1ddb82.o(.text.tmt_init)
 <LI><a href="#[4b]">tmt_time_ctrl</a> from lto-llvm-1ddb82.o(.text.tmt_time_ctrl) referenced 2 times from lto-llvm-1ddb82.o(.text.tmt_init)
 <LI><a href="#[48]">tmt_update_tick</a> from lto-llvm-1ddb82.o(.text.tmt_update_tick) referenced 2 times from lto-llvm-1ddb82.o(.text.tmt_init)
</UL>
<P>
<H3>
Global Symbols
</H3>
<P><STRONG><a name="[3c]"></a>__main</STRONG> (Thumb, 0 bytes, Stack size unknown bytes, entry.o(.ARM.Collect$$$$00000000))
<BR>[Address Reference Count : 1]<UL><LI> startup_at32m412_416.o(.text)
</UL>
<P><STRONG><a name="[1dc]"></a>_main_stk</STRONG> (Thumb, 0 bytes, Stack size unknown bytes, entry2.o(.ARM.Collect$$$$00000001))

<P><STRONG><a name="[5d]"></a>_main_scatterload</STRONG> (Thumb, 0 bytes, Stack size unknown bytes, entry5.o(.ARM.Collect$$$$00000004))
<BR><BR>[Calls]<UL><LI><a href="#[5e]">&gt;&gt;</a>&nbsp;&nbsp;&nbsp;__scatterload
</UL>

<P><STRONG><a name="[71]"></a>__main_after_scatterload</STRONG> (Thumb, 0 bytes, Stack size unknown bytes, entry5.o(.ARM.Collect$$$$00000004))
<BR><BR>[Called By]<UL><LI><a href="#[5e]">&gt;&gt;</a>&nbsp;&nbsp;&nbsp;__scatterload
</UL>

<P><STRONG><a name="[1dd]"></a>_main_clock</STRONG> (Thumb, 0 bytes, Stack size unknown bytes, entry7b.o(.ARM.Collect$$$$00000008))

<P><STRONG><a name="[5f]"></a>_main_cpp_init$empty</STRONG> (Thumb, 0 bytes, Stack size unknown bytes, entry8a.o(.ARM.Collect$$$$00000009))
<BR><BR>[Stack]<UL><LI>Max Depth = 24 + Unknown Stack Size
<LI>Call Chain = _main_cpp_init$empty &rArr; __cpp_initialize__aeabi_
</UL>
<BR>[Calls]<UL><LI><a href="#[5c]">&gt;&gt;</a>&nbsp;&nbsp;&nbsp;__cpp_initialize__aeabi_
</UL>

<P><STRONG><a name="[1de]"></a>_main_cpp_init</STRONG> (Thumb, 0 bytes, Stack size unknown bytes, entry8b.o(.ARM.Collect$$$$0000000A))

<P><STRONG><a name="[1df]"></a>_main_init</STRONG> (Thumb, 0 bytes, Stack size unknown bytes, entry9a.o(.ARM.Collect$$$$0000000B))

<P><STRONG><a name="[1e0]"></a>__rt_final_cpp</STRONG> (Thumb, 0 bytes, Stack size unknown bytes, entry10a.o(.ARM.Collect$$$$0000000D))

<P><STRONG><a name="[1e1]"></a>__rt_final_exit</STRONG> (Thumb, 0 bytes, Stack size unknown bytes, entry11a.o(.ARM.Collect$$$$0000000F))

<P><STRONG><a name="[3]"></a>Reset_Handler</STRONG> (Thumb, 8 bytes, Stack size 0 bytes, startup_at32m412_416.o(.text))
<BR>[Address Reference Count : 1]<UL><LI> startup_at32m412_416.o(RESET)
</UL>
<P><STRONG><a name="[1f]"></a>ADC1_2_IRQHandler</STRONG> (Thumb, 0 bytes, Stack size 0 bytes, startup_at32m412_416.o(.text))
<BR><BR>[Calls]<UL><LI><a href="#[1f]">&gt;&gt;</a>&nbsp;&nbsp;&nbsp;ADC1_2_IRQHandler
</UL>
<BR>[Called By]<UL><LI><a href="#[1f]">&gt;&gt;</a>&nbsp;&nbsp;&nbsp;ADC1_2_IRQHandler
</UL>
<BR>[Address Reference Count : 1]<UL><LI> startup_at32m412_416.o(RESET)
</UL>
<P><STRONG><a name="[23]"></a>CAN1_ERR_IRQHandler</STRONG> (Thumb, 0 bytes, Stack size 0 bytes, startup_at32m412_416.o(.text))
<BR>[Address Reference Count : 1]<UL><LI> startup_at32m412_416.o(RESET)
</UL>
<P><STRONG><a name="[21]"></a>CAN1_RX_IRQHandler</STRONG> (Thumb, 0 bytes, Stack size 0 bytes, startup_at32m412_416.o(.text))
<BR>[Address Reference Count : 1]<UL><LI> startup_at32m412_416.o(RESET)
</UL>
<P><STRONG><a name="[22]"></a>CAN1_STAT_IRQHandler</STRONG> (Thumb, 0 bytes, Stack size 0 bytes, startup_at32m412_416.o(.text))
<BR>[Address Reference Count : 1]<UL><LI> startup_at32m412_416.o(RESET)
</UL>
<P><STRONG><a name="[20]"></a>CAN1_TX_IRQHandler</STRONG> (Thumb, 0 bytes, Stack size 0 bytes, startup_at32m412_416.o(.text))
<BR>[Address Reference Count : 1]<UL><LI> startup_at32m412_416.o(RESET)
</UL>
<P><STRONG><a name="[37]"></a>CMP2_1_IRQHandler</STRONG> (Thumb, 0 bytes, Stack size 0 bytes, startup_at32m412_416.o(.text))
<BR>[Address Reference Count : 1]<UL><LI> startup_at32m412_416.o(RESET)
</UL>
<P><STRONG><a name="[12]"></a>CRM_IRQHandler</STRONG> (Thumb, 0 bytes, Stack size 0 bytes, startup_at32m412_416.o(.text))
<BR>[Address Reference Count : 1]<UL><LI> startup_at32m412_416.o(RESET)
</UL>
<P><STRONG><a name="[18]"></a>DMA1_Channel1_IRQHandler</STRONG> (Thumb, 0 bytes, Stack size 0 bytes, startup_at32m412_416.o(.text))
<BR>[Address Reference Count : 1]<UL><LI> startup_at32m412_416.o(RESET)
</UL>
<P><STRONG><a name="[19]"></a>DMA1_Channel2_IRQHandler</STRONG> (Thumb, 0 bytes, Stack size 0 bytes, startup_at32m412_416.o(.text))
<BR>[Address Reference Count : 1]<UL><LI> startup_at32m412_416.o(RESET)
</UL>
<P><STRONG><a name="[1a]"></a>DMA1_Channel3_IRQHandler</STRONG> (Thumb, 0 bytes, Stack size 0 bytes, startup_at32m412_416.o(.text))
<BR>[Address Reference Count : 1]<UL><LI> startup_at32m412_416.o(RESET)
</UL>
<P><STRONG><a name="[1b]"></a>DMA1_Channel4_IRQHandler</STRONG> (Thumb, 0 bytes, Stack size 0 bytes, startup_at32m412_416.o(.text))
<BR>[Address Reference Count : 1]<UL><LI> startup_at32m412_416.o(RESET)
</UL>
<P><STRONG><a name="[1c]"></a>DMA1_Channel5_IRQHandler</STRONG> (Thumb, 0 bytes, Stack size 0 bytes, startup_at32m412_416.o(.text))
<BR>[Address Reference Count : 1]<UL><LI> startup_at32m412_416.o(RESET)
</UL>
<P><STRONG><a name="[1d]"></a>DMA1_Channel6_IRQHandler</STRONG> (Thumb, 0 bytes, Stack size 0 bytes, startup_at32m412_416.o(.text))
<BR>[Address Reference Count : 1]<UL><LI> startup_at32m412_416.o(RESET)
</UL>
<P><STRONG><a name="[1e]"></a>DMA1_Channel7_IRQHandler</STRONG> (Thumb, 0 bytes, Stack size 0 bytes, startup_at32m412_416.o(.text))
<BR>[Address Reference Count : 1]<UL><LI> startup_at32m412_416.o(RESET)
</UL>
<P><STRONG><a name="[39]"></a>DMAMUX_IRQHandler</STRONG> (Thumb, 0 bytes, Stack size 0 bytes, startup_at32m412_416.o(.text))
<BR>[Address Reference Count : 1]<UL><LI> startup_at32m412_416.o(RESET)
</UL>
<P><STRONG><a name="[34]"></a>ERTCAlarm_IRQHandler</STRONG> (Thumb, 0 bytes, Stack size 0 bytes, startup_at32m412_416.o(.text))
<BR>[Address Reference Count : 1]<UL><LI> startup_at32m412_416.o(RESET)
</UL>
<P><STRONG><a name="[10]"></a>ERTC_WKUP_IRQHandler</STRONG> (Thumb, 0 bytes, Stack size 0 bytes, startup_at32m412_416.o(.text))
<BR>[Address Reference Count : 1]<UL><LI> startup_at32m412_416.o(RESET)
</UL>
<P><STRONG><a name="[13]"></a>EXINT0_IRQHandler</STRONG> (Thumb, 0 bytes, Stack size 0 bytes, startup_at32m412_416.o(.text))
<BR>[Address Reference Count : 1]<UL><LI> startup_at32m412_416.o(RESET)
</UL>
<P><STRONG><a name="[33]"></a>EXINT15_10_IRQHandler</STRONG> (Thumb, 0 bytes, Stack size 0 bytes, startup_at32m412_416.o(.text))
<BR>[Address Reference Count : 1]<UL><LI> startup_at32m412_416.o(RESET)
</UL>
<P><STRONG><a name="[14]"></a>EXINT1_IRQHandler</STRONG> (Thumb, 0 bytes, Stack size 0 bytes, startup_at32m412_416.o(.text))
<BR>[Address Reference Count : 1]<UL><LI> startup_at32m412_416.o(RESET)
</UL>
<P><STRONG><a name="[15]"></a>EXINT2_IRQHandler</STRONG> (Thumb, 0 bytes, Stack size 0 bytes, startup_at32m412_416.o(.text))
<BR>[Address Reference Count : 1]<UL><LI> startup_at32m412_416.o(RESET)
</UL>
<P><STRONG><a name="[16]"></a>EXINT3_IRQHandler</STRONG> (Thumb, 0 bytes, Stack size 0 bytes, startup_at32m412_416.o(.text))
<BR>[Address Reference Count : 1]<UL><LI> startup_at32m412_416.o(RESET)
</UL>
<P><STRONG><a name="[17]"></a>EXINT4_IRQHandler</STRONG> (Thumb, 0 bytes, Stack size 0 bytes, startup_at32m412_416.o(.text))
<BR>[Address Reference Count : 1]<UL><LI> startup_at32m412_416.o(RESET)
</UL>
<P><STRONG><a name="[24]"></a>EXINT9_5_IRQHandler</STRONG> (Thumb, 0 bytes, Stack size 0 bytes, startup_at32m412_416.o(.text))
<BR>[Address Reference Count : 1]<UL><LI> startup_at32m412_416.o(RESET)
</UL>
<P><STRONG><a name="[11]"></a>FLASH_IRQHandler</STRONG> (Thumb, 0 bytes, Stack size 0 bytes, startup_at32m412_416.o(.text))
<BR>[Address Reference Count : 1]<UL><LI> startup_at32m412_416.o(RESET)
</UL>
<P><STRONG><a name="[38]"></a>FPU_IRQHandler</STRONG> (Thumb, 0 bytes, Stack size 0 bytes, startup_at32m412_416.o(.text))
<BR>[Address Reference Count : 1]<UL><LI> startup_at32m412_416.o(RESET)
</UL>
<P><STRONG><a name="[2c]"></a>I2C1_ERR_IRQHandler</STRONG> (Thumb, 0 bytes, Stack size 0 bytes, startup_at32m412_416.o(.text))
<BR>[Address Reference Count : 1]<UL><LI> startup_at32m412_416.o(RESET)
</UL>
<P><STRONG><a name="[2b]"></a>I2C1_EVT_IRQHandler</STRONG> (Thumb, 0 bytes, Stack size 0 bytes, startup_at32m412_416.o(.text))
<BR>[Address Reference Count : 1]<UL><LI> startup_at32m412_416.o(RESET)
</UL>
<P><STRONG><a name="[2e]"></a>I2C2_ERR_IRQHandler</STRONG> (Thumb, 0 bytes, Stack size 0 bytes, startup_at32m412_416.o(.text))
<BR>[Address Reference Count : 1]<UL><LI> startup_at32m412_416.o(RESET)
</UL>
<P><STRONG><a name="[2d]"></a>I2C2_EVT_IRQHandler</STRONG> (Thumb, 0 bytes, Stack size 0 bytes, startup_at32m412_416.o(.text))
<BR>[Address Reference Count : 1]<UL><LI> startup_at32m412_416.o(RESET)
</UL>
<P><STRONG><a name="[e]"></a>PVM_IRQHandler</STRONG> (Thumb, 0 bytes, Stack size 0 bytes, startup_at32m412_416.o(.text))
<BR>[Address Reference Count : 1]<UL><LI> startup_at32m412_416.o(RESET)
</UL>
<P><STRONG><a name="[2f]"></a>SPI1_IRQHandler</STRONG> (Thumb, 0 bytes, Stack size 0 bytes, startup_at32m412_416.o(.text))
<BR>[Address Reference Count : 1]<UL><LI> startup_at32m412_416.o(RESET)
</UL>
<P><STRONG><a name="[30]"></a>SPI2_IRQHandler</STRONG> (Thumb, 0 bytes, Stack size 0 bytes, startup_at32m412_416.o(.text))
<BR>[Address Reference Count : 1]<UL><LI> startup_at32m412_416.o(RESET)
</UL>
<P><STRONG><a name="[f]"></a>TAMP_STAMP_IRQHandler</STRONG> (Thumb, 0 bytes, Stack size 0 bytes, startup_at32m412_416.o(.text))
<BR>[Address Reference Count : 1]<UL><LI> startup_at32m412_416.o(RESET)
</UL>
<P><STRONG><a name="[25]"></a>TMR1_BRK_TMR9_IRQHandler</STRONG> (Thumb, 0 bytes, Stack size 0 bytes, startup_at32m412_416.o(.text))
<BR>[Address Reference Count : 1]<UL><LI> startup_at32m412_416.o(RESET)
</UL>
<P><STRONG><a name="[28]"></a>TMR1_CH_IRQHandler</STRONG> (Thumb, 0 bytes, Stack size 0 bytes, startup_at32m412_416.o(.text))
<BR>[Address Reference Count : 1]<UL><LI> startup_at32m412_416.o(RESET)
</UL>
<P><STRONG><a name="[26]"></a>TMR1_OVF_TMR10_IRQHandler</STRONG> (Thumb, 0 bytes, Stack size 0 bytes, startup_at32m412_416.o(.text))
<BR>[Address Reference Count : 1]<UL><LI> startup_at32m412_416.o(RESET)
</UL>
<P><STRONG><a name="[27]"></a>TMR1_TRG_HALL_TMR11_IRQHandler</STRONG> (Thumb, 0 bytes, Stack size 0 bytes, startup_at32m412_416.o(.text))
<BR>[Address Reference Count : 1]<UL><LI> startup_at32m412_416.o(RESET)
</UL>
<P><STRONG><a name="[29]"></a>TMR3_GLOBAL_IRQHandler</STRONG> (Thumb, 0 bytes, Stack size 0 bytes, startup_at32m412_416.o(.text))
<BR>[Address Reference Count : 1]<UL><LI> startup_at32m412_416.o(RESET)
</UL>
<P><STRONG><a name="[2a]"></a>TMR4_GLOBAL_IRQHandler</STRONG> (Thumb, 0 bytes, Stack size 0 bytes, startup_at32m412_416.o(.text))
<BR>[Address Reference Count : 1]<UL><LI> startup_at32m412_416.o(RESET)
</UL>
<P><STRONG><a name="[35]"></a>TMR6_DAC_GLOBAL_IRQHandler</STRONG> (Thumb, 0 bytes, Stack size 0 bytes, startup_at32m412_416.o(.text))
<BR>[Address Reference Count : 1]<UL><LI> startup_at32m412_416.o(RESET)
</UL>
<P><STRONG><a name="[36]"></a>TMR7_GLOBAL_IRQHandler</STRONG> (Thumb, 0 bytes, Stack size 0 bytes, startup_at32m412_416.o(.text))
<BR>[Address Reference Count : 1]<UL><LI> startup_at32m412_416.o(RESET)
</UL>
<P><STRONG><a name="[d]"></a>WWDT_IRQHandler</STRONG> (Thumb, 0 bytes, Stack size 0 bytes, startup_at32m412_416.o(.text))
<BR>[Address Reference Count : 1]<UL><LI> startup_at32m412_416.o(RESET)
</UL>
<P><STRONG><a name="[c]"></a>SysTick_Handler</STRONG> (Thumb, 0 bytes, Stack size unknown bytes, systick_wrapper_gnu.o(.text))
<BR>[Address Reference Count : 1]<UL><LI> startup_at32m412_416.o(RESET)
</UL>
<P><STRONG><a name="[1e2]"></a>__ensure_systick_wrapper</STRONG> (Thumb, 0 bytes, Stack size unknown bytes, systick_wrapper_gnu.o(.text), UNUSED)

<P><STRONG><a name="[151]"></a>strncmp</STRONG> (Thumb, 30 bytes, Stack size 12 bytes, strncmp.o(.text))
<BR><BR>[Stack]<UL><LI>Max Depth = 12<LI>Call Chain = strncmp
</UL>
<BR>[Called By]<UL><LI><a href="#[52]">&gt;&gt;</a>&nbsp;&nbsp;&nbsp;__utf8_a1_font_get_char_descriptor.678
</UL>

<P><STRONG><a name="[60]"></a>__aeabi_dadd</STRONG> (Thumb, 322 bytes, Stack size 48 bytes, dadd.o(.text), UNUSED)
<BR><BR>[Calls]<UL><LI><a href="#[62]">&gt;&gt;</a>&nbsp;&nbsp;&nbsp;__aeabi_lasr
<LI><a href="#[61]">&gt;&gt;</a>&nbsp;&nbsp;&nbsp;__aeabi_llsl
<LI><a href="#[64]">&gt;&gt;</a>&nbsp;&nbsp;&nbsp;_double_round
<LI><a href="#[63]">&gt;&gt;</a>&nbsp;&nbsp;&nbsp;_double_epilogue
</UL>
<BR>[Called By]<UL><LI><a href="#[1d7]">&gt;&gt;</a>&nbsp;&nbsp;&nbsp;_fp_digits
<LI><a href="#[65]">&gt;&gt;</a>&nbsp;&nbsp;&nbsp;__aeabi_dsub
<LI><a href="#[66]">&gt;&gt;</a>&nbsp;&nbsp;&nbsp;__aeabi_drsub
</UL>

<P><STRONG><a name="[65]"></a>__aeabi_dsub</STRONG> (Thumb, 6 bytes, Stack size 0 bytes, dadd.o(.text), UNUSED)
<BR><BR>[Calls]<UL><LI><a href="#[60]">&gt;&gt;</a>&nbsp;&nbsp;&nbsp;__aeabi_dadd
</UL>

<P><STRONG><a name="[66]"></a>__aeabi_drsub</STRONG> (Thumb, 6 bytes, Stack size 0 bytes, dadd.o(.text), UNUSED)
<BR><BR>[Calls]<UL><LI><a href="#[60]">&gt;&gt;</a>&nbsp;&nbsp;&nbsp;__aeabi_dadd
</UL>

<P><STRONG><a name="[67]"></a>__aeabi_ddiv</STRONG> (Thumb, 222 bytes, Stack size 32 bytes, ddiv.o(.text))
<BR><BR>[Stack]<UL><LI>Max Depth = 40<LI>Call Chain = __aeabi_ddiv &rArr; _double_round
</UL>
<BR>[Calls]<UL><LI><a href="#[64]">&gt;&gt;</a>&nbsp;&nbsp;&nbsp;_double_round
</UL>
<BR>[Called By]<UL><LI><a href="#[1d7]">&gt;&gt;</a>&nbsp;&nbsp;&nbsp;_fp_digits
<LI><a href="#[4f]">&gt;&gt;</a>&nbsp;&nbsp;&nbsp;__on_each_frame_complete
</UL>

<P><STRONG><a name="[1e3]"></a>__aeabi_uidiv</STRONG> (Thumb, 0 bytes, Stack size 12 bytes, uidiv.o(.text), UNUSED)

<P><STRONG><a name="[1db]"></a>__aeabi_uidivmod</STRONG> (Thumb, 44 bytes, Stack size 12 bytes, uidiv.o(.text), UNUSED)
<BR><BR>[Called By]<UL><LI><a href="#[1d4]">&gt;&gt;</a>&nbsp;&nbsp;&nbsp;_printf_core
</UL>

<P><STRONG><a name="[68]"></a>__aeabi_uldivmod</STRONG> (Thumb, 98 bytes, Stack size 40 bytes, uldiv.o(.text))
<BR><BR>[Stack]<UL><LI>Max Depth = 40<LI>Call Chain = __aeabi_uldivmod
</UL>
<BR>[Calls]<UL><LI><a href="#[69]">&gt;&gt;</a>&nbsp;&nbsp;&nbsp;__aeabi_llsr
<LI><a href="#[61]">&gt;&gt;</a>&nbsp;&nbsp;&nbsp;__aeabi_llsl
</UL>
<BR>[Called By]<UL><LI><a href="#[1d4]">&gt;&gt;</a>&nbsp;&nbsp;&nbsp;_printf_core
<LI><a href="#[1d7]">&gt;&gt;</a>&nbsp;&nbsp;&nbsp;_fp_digits
<LI><a href="#[72]">&gt;&gt;</a>&nbsp;&nbsp;&nbsp;__aeabi_ldivmod
<LI><a href="#[4f]">&gt;&gt;</a>&nbsp;&nbsp;&nbsp;__on_each_frame_complete
<LI><a href="#[17f]">&gt;&gt;</a>&nbsp;&nbsp;&nbsp;crm_clocks_freq_get
<LI><a href="#[1b3]">&gt;&gt;</a>&nbsp;&nbsp;&nbsp;system_core_clock_update
</UL>

<P><STRONG><a name="[61]"></a>__aeabi_llsl</STRONG> (Thumb, 30 bytes, Stack size 0 bytes, llshl.o(.text))
<BR><BR>[Called By]<UL><LI><a href="#[60]">&gt;&gt;</a>&nbsp;&nbsp;&nbsp;__aeabi_dadd
<LI><a href="#[68]">&gt;&gt;</a>&nbsp;&nbsp;&nbsp;__aeabi_uldivmod
<LI><a href="#[63]">&gt;&gt;</a>&nbsp;&nbsp;&nbsp;_double_epilogue
<LI><a href="#[6f]">&gt;&gt;</a>&nbsp;&nbsp;&nbsp;__aeabi_d2ulz
</UL>

<P><STRONG><a name="[1e4]"></a>_ll_shift_l</STRONG> (Thumb, 0 bytes, Stack size 0 bytes, llshl.o(.text), UNUSED)

<P><STRONG><a name="[69]"></a>__aeabi_llsr</STRONG> (Thumb, 32 bytes, Stack size 0 bytes, llushr.o(.text))
<BR><BR>[Called By]<UL><LI><a href="#[68]">&gt;&gt;</a>&nbsp;&nbsp;&nbsp;__aeabi_uldivmod
<LI><a href="#[63]">&gt;&gt;</a>&nbsp;&nbsp;&nbsp;_double_epilogue
<LI><a href="#[6f]">&gt;&gt;</a>&nbsp;&nbsp;&nbsp;__aeabi_d2ulz
</UL>

<P><STRONG><a name="[1e5]"></a>_ll_ushift_r</STRONG> (Thumb, 0 bytes, Stack size 0 bytes, llushr.o(.text), UNUSED)

<P><STRONG><a name="[62]"></a>__aeabi_lasr</STRONG> (Thumb, 36 bytes, Stack size 0 bytes, llsshr.o(.text), UNUSED)
<BR><BR>[Called By]<UL><LI><a href="#[60]">&gt;&gt;</a>&nbsp;&nbsp;&nbsp;__aeabi_dadd
</UL>

<P><STRONG><a name="[1e6]"></a>_ll_sshift_r</STRONG> (Thumb, 0 bytes, Stack size 0 bytes, llsshr.o(.text), UNUSED)

<P><STRONG><a name="[1e7]"></a>__aeabi_memcpy</STRONG> (Thumb, 36 bytes, Stack size 0 bytes, memcpya.o(.text), UNUSED)

<P><STRONG><a name="[14e]"></a>__aeabi_memcpy4</STRONG> (Thumb, 0 bytes, Stack size 0 bytes, memcpya.o(.text))
<BR><BR>[Called By]<UL><LI><a href="#[14d]">&gt;&gt;</a>&nbsp;&nbsp;&nbsp;__user_scene_player_init
<LI><a href="#[14f]">&gt;&gt;</a>&nbsp;&nbsp;&nbsp;arm_2d_helper_pfb_init
</UL>

<P><STRONG><a name="[106]"></a>__aeabi_memcpy8</STRONG> (Thumb, 0 bytes, Stack size 0 bytes, memcpya.o(.text))
<BR><BR>[Called By]<UL><LI><a href="#[ff]">&gt;&gt;</a>&nbsp;&nbsp;&nbsp;__arm_2d_scene_mono_clock_init
</UL>

<P><STRONG><a name="[1e8]"></a>__I$use$fp</STRONG> (Thumb, 0 bytes, Stack size 8 bytes, iusefp.o(.text), UNUSED)

<P><STRONG><a name="[6a]"></a>_frnd</STRONG> (Thumb, 60 bytes, Stack size 8 bytes, frnd.o(.text))
<BR><BR>[Stack]<UL><LI>Max Depth = 8<LI>Call Chain = _frnd
</UL>
<BR>[Calls]<UL><LI><a href="#[6b]">&gt;&gt;</a>&nbsp;&nbsp;&nbsp;_float_round
</UL>
<BR>[Called By]<UL><LI><a href="#[11b]">&gt;&gt;</a>&nbsp;&nbsp;&nbsp;__hardfp_lroundf
</UL>

<P><STRONG><a name="[6c]"></a>_frem</STRONG> (Thumb, 82 bytes, Stack size 16 bytes, frem.o(.text))
<BR><BR>[Stack]<UL><LI>Max Depth = 20<LI>Call Chain = _frem &rArr; _float_epilogue
</UL>
<BR>[Calls]<UL><LI><a href="#[6d]">&gt;&gt;</a>&nbsp;&nbsp;&nbsp;_float_epilogue
</UL>
<BR>[Called By]<UL><LI><a href="#[117]">&gt;&gt;</a>&nbsp;&nbsp;&nbsp;__hardfp_fmodf
</UL>

<P><STRONG><a name="[64]"></a>_double_round</STRONG> (Thumb, 30 bytes, Stack size 8 bytes, depilogue.o(.text))
<BR><BR>[Stack]<UL><LI>Max Depth = 8<LI>Call Chain = _double_round
</UL>
<BR>[Called By]<UL><LI><a href="#[60]">&gt;&gt;</a>&nbsp;&nbsp;&nbsp;__aeabi_dadd
<LI><a href="#[67]">&gt;&gt;</a>&nbsp;&nbsp;&nbsp;__aeabi_ddiv
<LI><a href="#[63]">&gt;&gt;</a>&nbsp;&nbsp;&nbsp;_double_epilogue
</UL>

<P><STRONG><a name="[63]"></a>_double_epilogue</STRONG> (Thumb, 156 bytes, Stack size 32 bytes, depilogue.o(.text))
<BR><BR>[Stack]<UL><LI>Max Depth = 40<LI>Call Chain = _double_epilogue &rArr; _double_round
</UL>
<BR>[Calls]<UL><LI><a href="#[69]">&gt;&gt;</a>&nbsp;&nbsp;&nbsp;__aeabi_llsr
<LI><a href="#[61]">&gt;&gt;</a>&nbsp;&nbsp;&nbsp;__aeabi_llsl
<LI><a href="#[64]">&gt;&gt;</a>&nbsp;&nbsp;&nbsp;_double_round
</UL>
<BR>[Called By]<UL><LI><a href="#[60]">&gt;&gt;</a>&nbsp;&nbsp;&nbsp;__aeabi_dadd
<LI><a href="#[6e]">&gt;&gt;</a>&nbsp;&nbsp;&nbsp;__aeabi_dmul
<LI><a href="#[76]">&gt;&gt;</a>&nbsp;&nbsp;&nbsp;__aeabi_l2d
<LI><a href="#[77]">&gt;&gt;</a>&nbsp;&nbsp;&nbsp;__aeabi_ul2d
</UL>

<P><STRONG><a name="[6e]"></a>__aeabi_dmul</STRONG> (Thumb, 228 bytes, Stack size 48 bytes, dmul.o(.text), UNUSED)
<BR><BR>[Calls]<UL><LI><a href="#[63]">&gt;&gt;</a>&nbsp;&nbsp;&nbsp;_double_epilogue
</UL>
<BR>[Called By]<UL><LI><a href="#[1d7]">&gt;&gt;</a>&nbsp;&nbsp;&nbsp;_fp_digits
</UL>

<P><STRONG><a name="[6f]"></a>__aeabi_d2ulz</STRONG> (Thumb, 48 bytes, Stack size 0 bytes, dfixul.o(.text), UNUSED)
<BR><BR>[Calls]<UL><LI><a href="#[69]">&gt;&gt;</a>&nbsp;&nbsp;&nbsp;__aeabi_llsr
<LI><a href="#[61]">&gt;&gt;</a>&nbsp;&nbsp;&nbsp;__aeabi_llsl
</UL>
<BR>[Called By]<UL><LI><a href="#[1d7]">&gt;&gt;</a>&nbsp;&nbsp;&nbsp;_fp_digits
</UL>

<P><STRONG><a name="[70]"></a>_ffix_r</STRONG> (Thumb, 76 bytes, Stack size 8 bytes, ffixir.o(.text))
<BR><BR>[Stack]<UL><LI>Max Depth = 8<LI>Call Chain = _ffix_r
</UL>
<BR>[Calls]<UL><LI><a href="#[6b]">&gt;&gt;</a>&nbsp;&nbsp;&nbsp;_float_round
</UL>
<BR>[Called By]<UL><LI><a href="#[11b]">&gt;&gt;</a>&nbsp;&nbsp;&nbsp;__hardfp_lroundf
</UL>

<P><STRONG><a name="[1d8]"></a>__aeabi_cdrcmple</STRONG> (Thumb, 48 bytes, Stack size 0 bytes, cdrcmple.o(.text), UNUSED)
<BR><BR>[Called By]<UL><LI><a href="#[1d7]">&gt;&gt;</a>&nbsp;&nbsp;&nbsp;_fp_digits
</UL>

<P><STRONG><a name="[5e]"></a>__scatterload</STRONG> (Thumb, 38 bytes, Stack size 0 bytes, init.o(.text))
<BR><BR>[Calls]<UL><LI><a href="#[71]">&gt;&gt;</a>&nbsp;&nbsp;&nbsp;__main_after_scatterload
</UL>
<BR>[Called By]<UL><LI><a href="#[5d]">&gt;&gt;</a>&nbsp;&nbsp;&nbsp;_main_scatterload
</UL>

<P><STRONG><a name="[1e9]"></a>__scatterload_rt2</STRONG> (Thumb, 0 bytes, Stack size 0 bytes, init.o(.text), UNUSED)

<P><STRONG><a name="[6b]"></a>_float_round</STRONG> (Thumb, 18 bytes, Stack size 0 bytes, fepilogue.o(.text))
<BR><BR>[Called By]<UL><LI><a href="#[6a]">&gt;&gt;</a>&nbsp;&nbsp;&nbsp;_frnd
<LI><a href="#[70]">&gt;&gt;</a>&nbsp;&nbsp;&nbsp;_ffix_r
<LI><a href="#[78]">&gt;&gt;</a>&nbsp;&nbsp;&nbsp;__aeabi_d2f
</UL>

<P><STRONG><a name="[6d]"></a>_float_epilogue</STRONG> (Thumb, 92 bytes, Stack size 4 bytes, fepilogue.o(.text))
<BR><BR>[Stack]<UL><LI>Max Depth = 4<LI>Call Chain = _float_epilogue
</UL>
<BR>[Called By]<UL><LI><a href="#[6c]">&gt;&gt;</a>&nbsp;&nbsp;&nbsp;_frem
</UL>

<P><STRONG><a name="[72]"></a>__aeabi_ldivmod</STRONG> (Thumb, 98 bytes, Stack size 24 bytes, ldiv.o(.text))
<BR><BR>[Stack]<UL><LI>Max Depth = 64<LI>Call Chain = __aeabi_ldivmod &rArr; __aeabi_uldivmod
</UL>
<BR>[Calls]<UL><LI><a href="#[68]">&gt;&gt;</a>&nbsp;&nbsp;&nbsp;__aeabi_uldivmod
</UL>
<BR>[Called By]<UL><LI><a href="#[3d]">&gt;&gt;</a>&nbsp;&nbsp;&nbsp;perfc_port_insert_to_system_timer_insert_ovf_handler
<LI><a href="#[41]">&gt;&gt;</a>&nbsp;&nbsp;&nbsp;__on_scene_mono_clock_frame_start
<LI><a href="#[13f]">&gt;&gt;</a>&nbsp;&nbsp;&nbsp;arm_2d_helper_convert_ticks_to_ms
</UL>

<P><STRONG><a name="[74]"></a>__aeabi_memset</STRONG> (Thumb, 14 bytes, Stack size 0 bytes, memseta.o(.text))
<BR><BR>[Called By]<UL><LI><a href="#[75]">&gt;&gt;</a>&nbsp;&nbsp;&nbsp;_memset$wrapper
<LI><a href="#[73]">&gt;&gt;</a>&nbsp;&nbsp;&nbsp;__aeabi_memclr
</UL>

<P><STRONG><a name="[1ea]"></a>__aeabi_memset4</STRONG> (Thumb, 0 bytes, Stack size 0 bytes, memseta.o(.text), UNUSED)

<P><STRONG><a name="[1eb]"></a>__aeabi_memset8</STRONG> (Thumb, 0 bytes, Stack size 0 bytes, memseta.o(.text), UNUSED)

<P><STRONG><a name="[73]"></a>__aeabi_memclr</STRONG> (Thumb, 4 bytes, Stack size 0 bytes, memseta.o(.text))
<BR><BR>[Calls]<UL><LI><a href="#[74]">&gt;&gt;</a>&nbsp;&nbsp;&nbsp;__aeabi_memset
</UL>
<BR>[Called By]<UL><LI><a href="#[51]">&gt;&gt;</a>&nbsp;&nbsp;&nbsp;__arm_2d_lcd_text_default_a1_font_draw_char
</UL>

<P><STRONG><a name="[d7]"></a>__aeabi_memclr4</STRONG> (Thumb, 0 bytes, Stack size 0 bytes, memseta.o(.text))
<BR><BR>[Called By]<UL><LI><a href="#[d6]">&gt;&gt;</a>&nbsp;&nbsp;&nbsp;__arm_2d_init
<LI><a href="#[e1]">&gt;&gt;</a>&nbsp;&nbsp;&nbsp;__arm_2d_issue_sub_task_tile_process
<LI><a href="#[16a]">&gt;&gt;</a>&nbsp;&nbsp;&nbsp;arm_2d_op_init
<LI><a href="#[142]">&gt;&gt;</a>&nbsp;&nbsp;&nbsp;arm_2d_scene_player_task
<LI><a href="#[10b]">&gt;&gt;</a>&nbsp;&nbsp;&nbsp;__arm_2d_scene_player_register_on_draw_navigation_event_handler
<LI><a href="#[159]">&gt;&gt;</a>&nbsp;&nbsp;&nbsp;arm_2d_helper_dirty_region_init
</UL>

<P><STRONG><a name="[105]"></a>__aeabi_memclr8</STRONG> (Thumb, 0 bytes, Stack size 0 bytes, memseta.o(.text))
<BR><BR>[Called By]<UL><LI><a href="#[14d]">&gt;&gt;</a>&nbsp;&nbsp;&nbsp;__user_scene_player_init
<LI><a href="#[14f]">&gt;&gt;</a>&nbsp;&nbsp;&nbsp;arm_2d_helper_pfb_init
<LI><a href="#[ff]">&gt;&gt;</a>&nbsp;&nbsp;&nbsp;__arm_2d_scene_mono_clock_init
</UL>

<P><STRONG><a name="[75]"></a>_memset$wrapper</STRONG> (Thumb, 18 bytes, Stack size 8 bytes, memseta.o(.text), UNUSED)
<BR><BR>[Calls]<UL><LI><a href="#[74]">&gt;&gt;</a>&nbsp;&nbsp;&nbsp;__aeabi_memset
</UL>

<P><STRONG><a name="[5c]"></a>__cpp_initialize__aeabi_</STRONG> (Thumb, 32 bytes, Stack size 24 bytes, cpp_init.o(.text))
<BR><BR>[Stack]<UL><LI>Max Depth = 24<LI>Call Chain = __cpp_initialize__aeabi_
</UL>
<BR>[Called By]<UL><LI><a href="#[5f]">&gt;&gt;</a>&nbsp;&nbsp;&nbsp;_main_cpp_init$empty
</UL>

<P><STRONG><a name="[119]"></a>__aeabi_dcmpgt</STRONG> (Thumb, 54 bytes, Stack size 12 bytes, dcmpgt.o(.text))
<BR><BR>[Stack]<UL><LI>Max Depth = 12<LI>Call Chain = __aeabi_dcmpgt
</UL>
<BR>[Called By]<UL><LI><a href="#[116]">&gt;&gt;</a>&nbsp;&nbsp;&nbsp;__arm_2d_transform_preprocess_source
</UL>

<P><STRONG><a name="[76]"></a>__aeabi_l2d</STRONG> (Thumb, 40 bytes, Stack size 24 bytes, dfltl.o(.text))
<BR><BR>[Stack]<UL><LI>Max Depth = 64<LI>Call Chain = __aeabi_l2d &rArr; _double_epilogue &rArr; _double_round
</UL>
<BR>[Calls]<UL><LI><a href="#[63]">&gt;&gt;</a>&nbsp;&nbsp;&nbsp;_double_epilogue
</UL>
<BR>[Called By]<UL><LI><a href="#[4f]">&gt;&gt;</a>&nbsp;&nbsp;&nbsp;__on_each_frame_complete
</UL>

<P><STRONG><a name="[77]"></a>__aeabi_ul2d</STRONG> (Thumb, 24 bytes, Stack size 16 bytes, dfltul.o(.text))
<BR><BR>[Stack]<UL><LI>Max Depth = 56<LI>Call Chain = __aeabi_ul2d &rArr; _double_epilogue &rArr; _double_round
</UL>
<BR>[Calls]<UL><LI><a href="#[63]">&gt;&gt;</a>&nbsp;&nbsp;&nbsp;_double_epilogue
</UL>
<BR>[Called By]<UL><LI><a href="#[4f]">&gt;&gt;</a>&nbsp;&nbsp;&nbsp;__on_each_frame_complete
</UL>

<P><STRONG><a name="[118]"></a>__aeabi_f2d</STRONG> (Thumb, 38 bytes, Stack size 0 bytes, f2d.o(.text))
<BR><BR>[Called By]<UL><LI><a href="#[116]">&gt;&gt;</a>&nbsp;&nbsp;&nbsp;__arm_2d_transform_preprocess_source
<LI><a href="#[44]">&gt;&gt;</a>&nbsp;&nbsp;&nbsp;__disp_adapter0_draw_navigation
</UL>

<P><STRONG><a name="[78]"></a>__aeabi_d2f</STRONG> (Thumb, 56 bytes, Stack size 8 bytes, d2f.o(.text))
<BR><BR>[Stack]<UL><LI>Max Depth = 8<LI>Call Chain = __aeabi_d2f
</UL>
<BR>[Calls]<UL><LI><a href="#[6b]">&gt;&gt;</a>&nbsp;&nbsp;&nbsp;_float_round
</UL>
<BR>[Called By]<UL><LI><a href="#[4f]">&gt;&gt;</a>&nbsp;&nbsp;&nbsp;__on_each_frame_complete
</UL>

<P><STRONG><a name="[1ec]"></a>__decompress</STRONG> (Thumb, 0 bytes, Stack size unknown bytes, __dczerorl.o(.text), UNUSED)

<P><STRONG><a name="[1ed]"></a>__decompress0</STRONG> (Thumb, 58 bytes, Stack size unknown bytes, __dczerorl.o(.text), UNUSED)

<P><STRONG><a name="[7]"></a>BusFault_Handler</STRONG> (Thumb, 4 bytes, Stack size 0 bytes, lto-llvm-1ddb82.o(.text.BusFault_Handler))
<BR>[Address Reference Count : 1]<UL><LI> startup_at32m412_416.o(RESET)
</UL>
<P><STRONG><a name="[a]"></a>DebugMon_Handler</STRONG> (Thumb, 2 bytes, Stack size 0 bytes, lto-llvm-1ddb82.o(.text.DebugMon_Handler))
<BR>[Address Reference Count : 1]<UL><LI> startup_at32m412_416.o(RESET)
</UL>
<P><STRONG><a name="[5]"></a>HardFault_Handler</STRONG> (Thumb, 4 bytes, Stack size 0 bytes, lto-llvm-1ddb82.o(.text.HardFault_Handler))
<BR>[Address Reference Count : 1]<UL><LI> startup_at32m412_416.o(RESET)
</UL>
<P><STRONG><a name="[7c]"></a>LCD_Address_Set</STRONG> (Thumb, 74 bytes, Stack size 16 bytes, lcd_init.o(.text.LCD_Address_Set))
<BR><BR>[Stack]<UL><LI>Max Depth = 108<LI>Call Chain = LCD_Address_Set &rArr; LCD_WR_REG &rArr; LCD_Writ_Bus &rArr; spi_write_read_byte &rArr; spi_i2s_flag_get
</UL>
<BR>[Calls]<UL><LI><a href="#[7d]">&gt;&gt;</a>&nbsp;&nbsp;&nbsp;LCD_WR_REG
<LI><a href="#[7e]">&gt;&gt;</a>&nbsp;&nbsp;&nbsp;LCD_WR_DATA
</UL>
<BR>[Called By]<UL><LI><a href="#[80]">&gt;&gt;</a>&nbsp;&nbsp;&nbsp;LCD_Fill
<LI><a href="#[7b]">&gt;&gt;</a>&nbsp;&nbsp;&nbsp;LCD_ShowPicture
</UL>

<P><STRONG><a name="[7f]"></a>LCD_Clear</STRONG> (Thumb, 34 bytes, Stack size 16 bytes, lcd.o(.text.LCD_Clear))
<BR><BR>[Stack]<UL><LI>Max Depth = 156<LI>Call Chain = LCD_Clear &rArr; LCD_Fill &rArr; LCD_Address_Set &rArr; LCD_WR_REG &rArr; LCD_Writ_Bus &rArr; spi_write_read_byte &rArr; spi_i2s_flag_get
</UL>
<BR>[Calls]<UL><LI><a href="#[80]">&gt;&gt;</a>&nbsp;&nbsp;&nbsp;LCD_Fill
</UL>
<BR>[Called By]<UL><LI><a href="#[3a]">&gt;&gt;</a>&nbsp;&nbsp;&nbsp;main
</UL>

<P><STRONG><a name="[80]"></a>LCD_Fill</STRONG> (Thumb, 188 bytes, Stack size 32 bytes, lcd.o(.text.LCD_Fill))
<BR><BR>[Stack]<UL><LI>Max Depth = 140<LI>Call Chain = LCD_Fill &rArr; LCD_Address_Set &rArr; LCD_WR_REG &rArr; LCD_Writ_Bus &rArr; spi_write_read_byte &rArr; spi_i2s_flag_get
</UL>
<BR>[Calls]<UL><LI><a href="#[82]">&gt;&gt;</a>&nbsp;&nbsp;&nbsp;spi_dma_write_halfwords
<LI><a href="#[7c]">&gt;&gt;</a>&nbsp;&nbsp;&nbsp;LCD_Address_Set
<LI><a href="#[83]">&gt;&gt;</a>&nbsp;&nbsp;&nbsp;gpio_bits_set
<LI><a href="#[81]">&gt;&gt;</a>&nbsp;&nbsp;&nbsp;gpio_bits_reset
</UL>
<BR>[Called By]<UL><LI><a href="#[7f]">&gt;&gt;</a>&nbsp;&nbsp;&nbsp;LCD_Clear
</UL>

<P><STRONG><a name="[84]"></a>LCD_Init</STRONG> (Thumb, 664 bytes, Stack size 88 bytes, lcd_init.o(.text.LCD_Init))
<BR><BR>[Stack]<UL><LI>Max Depth = 212<LI>Call Chain = LCD_Init &rArr; LCD_direction &rArr; LCD_WriteReg &rArr; LCD_WR_REG &rArr; LCD_Writ_Bus &rArr; spi_write_read_byte &rArr; spi_i2s_flag_get
</UL>
<BR>[Calls]<UL><LI><a href="#[86]">&gt;&gt;</a>&nbsp;&nbsp;&nbsp;LCD_direction
<LI><a href="#[7d]">&gt;&gt;</a>&nbsp;&nbsp;&nbsp;LCD_WR_REG
<LI><a href="#[87]">&gt;&gt;</a>&nbsp;&nbsp;&nbsp;LCD_WR_DATA8
<LI><a href="#[83]">&gt;&gt;</a>&nbsp;&nbsp;&nbsp;gpio_bits_set
<LI><a href="#[81]">&gt;&gt;</a>&nbsp;&nbsp;&nbsp;gpio_bits_reset
<LI><a href="#[85]">&gt;&gt;</a>&nbsp;&nbsp;&nbsp;wk_delay_ms
</UL>
<BR>[Called By]<UL><LI><a href="#[3a]">&gt;&gt;</a>&nbsp;&nbsp;&nbsp;main
</UL>

<P><STRONG><a name="[7b]"></a>LCD_ShowPicture</STRONG> (Thumb, 180 bytes, Stack size 32 bytes, lcd.o(.text.LCD_ShowPicture))
<BR><BR>[Stack]<UL><LI>Max Depth = 140<LI>Call Chain = LCD_ShowPicture &rArr; LCD_Address_Set &rArr; LCD_WR_REG &rArr; LCD_Writ_Bus &rArr; spi_write_read_byte &rArr; spi_i2s_flag_get
</UL>
<BR>[Calls]<UL><LI><a href="#[88]">&gt;&gt;</a>&nbsp;&nbsp;&nbsp;spi_dma_write_bytes
<LI><a href="#[7c]">&gt;&gt;</a>&nbsp;&nbsp;&nbsp;LCD_Address_Set
<LI><a href="#[83]">&gt;&gt;</a>&nbsp;&nbsp;&nbsp;gpio_bits_set
<LI><a href="#[81]">&gt;&gt;</a>&nbsp;&nbsp;&nbsp;gpio_bits_reset
</UL>
<BR>[Called By]<UL><LI><a href="#[7a]">&gt;&gt;</a>&nbsp;&nbsp;&nbsp;Disp0_DrawBitmap
</UL>

<P><STRONG><a name="[7e]"></a>LCD_WR_DATA</STRONG> (Thumb, 72 bytes, Stack size 24 bytes, lcd_init.o(.text.LCD_WR_DATA))
<BR><BR>[Stack]<UL><LI>Max Depth = 84<LI>Call Chain = LCD_WR_DATA &rArr; LCD_Writ_Bus &rArr; spi_write_read_byte &rArr; spi_i2s_flag_get
</UL>
<BR>[Calls]<UL><LI><a href="#[89]">&gt;&gt;</a>&nbsp;&nbsp;&nbsp;LCD_Writ_Bus
<LI><a href="#[83]">&gt;&gt;</a>&nbsp;&nbsp;&nbsp;gpio_bits_set
<LI><a href="#[81]">&gt;&gt;</a>&nbsp;&nbsp;&nbsp;gpio_bits_reset
</UL>
<BR>[Called By]<UL><LI><a href="#[8b]">&gt;&gt;</a>&nbsp;&nbsp;&nbsp;LCD_WriteReg
<LI><a href="#[7c]">&gt;&gt;</a>&nbsp;&nbsp;&nbsp;LCD_Address_Set
</UL>

<P><STRONG><a name="[87]"></a>LCD_WR_DATA8</STRONG> (Thumb, 20 bytes, Stack size 16 bytes, lcd_init.o(.text.LCD_WR_DATA8))
<BR><BR>[Stack]<UL><LI>Max Depth = 76<LI>Call Chain = LCD_WR_DATA8 &rArr; LCD_Writ_Bus &rArr; spi_write_read_byte &rArr; spi_i2s_flag_get
</UL>
<BR>[Calls]<UL><LI><a href="#[89]">&gt;&gt;</a>&nbsp;&nbsp;&nbsp;LCD_Writ_Bus
</UL>
<BR>[Called By]<UL><LI><a href="#[84]">&gt;&gt;</a>&nbsp;&nbsp;&nbsp;LCD_Init
</UL>

<P><STRONG><a name="[7d]"></a>LCD_WR_REG</STRONG> (Thumb, 76 bytes, Stack size 32 bytes, lcd_init.o(.text.LCD_WR_REG))
<BR><BR>[Stack]<UL><LI>Max Depth = 92<LI>Call Chain = LCD_WR_REG &rArr; LCD_Writ_Bus &rArr; spi_write_read_byte &rArr; spi_i2s_flag_get
</UL>
<BR>[Calls]<UL><LI><a href="#[89]">&gt;&gt;</a>&nbsp;&nbsp;&nbsp;LCD_Writ_Bus
<LI><a href="#[83]">&gt;&gt;</a>&nbsp;&nbsp;&nbsp;gpio_bits_set
<LI><a href="#[81]">&gt;&gt;</a>&nbsp;&nbsp;&nbsp;gpio_bits_reset
</UL>
<BR>[Called By]<UL><LI><a href="#[8b]">&gt;&gt;</a>&nbsp;&nbsp;&nbsp;LCD_WriteReg
<LI><a href="#[7c]">&gt;&gt;</a>&nbsp;&nbsp;&nbsp;LCD_Address_Set
<LI><a href="#[84]">&gt;&gt;</a>&nbsp;&nbsp;&nbsp;LCD_Init
</UL>

<P><STRONG><a name="[89]"></a>LCD_Writ_Bus</STRONG> (Thumb, 48 bytes, Stack size 24 bytes, lcd_init.o(.text.LCD_Writ_Bus))
<BR><BR>[Stack]<UL><LI>Max Depth = 60<LI>Call Chain = LCD_Writ_Bus &rArr; spi_write_read_byte &rArr; spi_i2s_flag_get
</UL>
<BR>[Calls]<UL><LI><a href="#[8a]">&gt;&gt;</a>&nbsp;&nbsp;&nbsp;spi_write_read_byte
<LI><a href="#[83]">&gt;&gt;</a>&nbsp;&nbsp;&nbsp;gpio_bits_set
<LI><a href="#[81]">&gt;&gt;</a>&nbsp;&nbsp;&nbsp;gpio_bits_reset
</UL>
<BR>[Called By]<UL><LI><a href="#[7d]">&gt;&gt;</a>&nbsp;&nbsp;&nbsp;LCD_WR_REG
<LI><a href="#[87]">&gt;&gt;</a>&nbsp;&nbsp;&nbsp;LCD_WR_DATA8
<LI><a href="#[7e]">&gt;&gt;</a>&nbsp;&nbsp;&nbsp;LCD_WR_DATA
</UL>

<P><STRONG><a name="[8b]"></a>LCD_WriteReg</STRONG> (Thumb, 32 bytes, Stack size 16 bytes, lcd_init.o(.text.LCD_WriteReg))
<BR><BR>[Stack]<UL><LI>Max Depth = 108<LI>Call Chain = LCD_WriteReg &rArr; LCD_WR_REG &rArr; LCD_Writ_Bus &rArr; spi_write_read_byte &rArr; spi_i2s_flag_get
</UL>
<BR>[Calls]<UL><LI><a href="#[7d]">&gt;&gt;</a>&nbsp;&nbsp;&nbsp;LCD_WR_REG
<LI><a href="#[7e]">&gt;&gt;</a>&nbsp;&nbsp;&nbsp;LCD_WR_DATA
</UL>
<BR>[Called By]<UL><LI><a href="#[86]">&gt;&gt;</a>&nbsp;&nbsp;&nbsp;LCD_direction
</UL>

<P><STRONG><a name="[86]"></a>LCD_direction</STRONG> (Thumb, 168 bytes, Stack size 16 bytes, lcd_init.o(.text.LCD_direction))
<BR><BR>[Stack]<UL><LI>Max Depth = 124<LI>Call Chain = LCD_direction &rArr; LCD_WriteReg &rArr; LCD_WR_REG &rArr; LCD_Writ_Bus &rArr; spi_write_read_byte &rArr; spi_i2s_flag_get
</UL>
<BR>[Calls]<UL><LI><a href="#[8b]">&gt;&gt;</a>&nbsp;&nbsp;&nbsp;LCD_WriteReg
</UL>
<BR>[Called By]<UL><LI><a href="#[84]">&gt;&gt;</a>&nbsp;&nbsp;&nbsp;LCD_Init
</UL>

<P><STRONG><a name="[6]"></a>MemManage_Handler</STRONG> (Thumb, 4 bytes, Stack size 0 bytes, lto-llvm-1ddb82.o(.text.MemManage_Handler))
<BR>[Address Reference Count : 1]<UL><LI> startup_at32m412_416.o(RESET)
</UL>
<P><STRONG><a name="[4]"></a>NMI_Handler</STRONG> (Thumb, 2 bytes, Stack size 0 bytes, lto-llvm-1ddb82.o(.text.NMI_Handler))
<BR>[Address Reference Count : 1]<UL><LI> startup_at32m412_416.o(RESET)
</UL>
<P><STRONG><a name="[b]"></a>PendSV_Handler</STRONG> (Thumb, 2 bytes, Stack size 0 bytes, lto-llvm-1ddb82.o(.text.PendSV_Handler))
<BR>[Address Reference Count : 1]<UL><LI> startup_at32m412_416.o(RESET)
</UL>
<P><STRONG><a name="[9]"></a>SVC_Handler</STRONG> (Thumb, 2 bytes, Stack size 0 bytes, lto-llvm-1ddb82.o(.text.SVC_Handler))
<BR>[Address Reference Count : 1]<UL><LI> startup_at32m412_416.o(RESET)
</UL>
<P><STRONG><a name="[3e]"></a>$Super$$SysTick_Handler</STRONG> (Thumb, 20 bytes, Stack size 8 bytes, lto-llvm-1ddb82.o(.text.SysTick_Handler))
<BR><BR>[Stack]<UL><LI>Max Depth = 16<LI>Call Chain = $Super$$SysTick_Handler &rArr; wk_timebase_handler
</UL>
<BR>[Calls]<UL><LI><a href="#[8c]">&gt;&gt;</a>&nbsp;&nbsp;&nbsp;wk_timebase_handler
</UL>
<BR>[Address Reference Count : 1]<UL><LI> systick_wrapper_gnu.o(.text)
</UL>
<P><STRONG><a name="[3b]"></a>SystemInit</STRONG> (Thumb, 192 bytes, Stack size 0 bytes, lto-llvm-1ddb82.o(.text.SystemInit))
<BR>[Address Reference Count : 1]<UL><LI> startup_at32m412_416.o(.text)
</UL>
<P><STRONG><a name="[31]"></a>USART1_IRQHandler</STRONG> (Thumb, 2 bytes, Stack size 0 bytes, lto-llvm-1ddb82.o(.text.USART1_IRQHandler))
<BR>[Address Reference Count : 1]<UL><LI> startup_at32m412_416.o(RESET)
</UL>
<P><STRONG><a name="[32]"></a>USART2_IRQHandler</STRONG> (Thumb, 194 bytes, Stack size 16 bytes, at32_usart.o(.text.USART2_IRQHandler))
<BR><BR>[Stack]<UL><LI>Max Depth = 44<LI>Call Chain = USART2_IRQHandler &rArr; queue_read &rArr; queue_isEmpty
</UL>
<BR>[Calls]<UL><LI><a href="#[91]">&gt;&gt;</a>&nbsp;&nbsp;&nbsp;queue_read
<LI><a href="#[8f]">&gt;&gt;</a>&nbsp;&nbsp;&nbsp;queue_write
<LI><a href="#[90]">&gt;&gt;</a>&nbsp;&nbsp;&nbsp;usart_flag_clear
<LI><a href="#[8d]">&gt;&gt;</a>&nbsp;&nbsp;&nbsp;usart_flag_get
<LI><a href="#[8e]">&gt;&gt;</a>&nbsp;&nbsp;&nbsp;usart_data_receive
<LI><a href="#[92]">&gt;&gt;</a>&nbsp;&nbsp;&nbsp;usart_data_transmit
</UL>
<BR>[Address Reference Count : 1]<UL><LI> startup_at32m412_416.o(RESET)
</UL>
<P><STRONG><a name="[8]"></a>UsageFault_Handler</STRONG> (Thumb, 4 bytes, Stack size 0 bytes, lto-llvm-1ddb82.o(.text.UsageFault_Handler))
<BR>[Address Reference Count : 1]<UL><LI> startup_at32m412_416.o(RESET)
</UL>
<P><STRONG><a name="[19c]"></a>XPT2046_TouchInit</STRONG> (Thumb, 2 bytes, Stack size 0 bytes, touch.o(.text.XPT2046_TouchInit))
<BR><BR>[Called By]<UL><LI><a href="#[3a]">&gt;&gt;</a>&nbsp;&nbsp;&nbsp;main
</UL>

<P><STRONG><a name="[195]"></a>dma_channel_enable</STRONG> (Thumb, 26 bytes, Stack size 8 bytes, lto-llvm-1ddb82.o(.text.dma_channel_enable))
<BR><BR>[Stack]<UL><LI>Max Depth = 8<LI>Call Chain = dma_channel_enable
</UL>
<BR>[Called By]<UL><LI><a href="#[88]">&gt;&gt;</a>&nbsp;&nbsp;&nbsp;spi_dma_write_bytes
<LI><a href="#[82]">&gt;&gt;</a>&nbsp;&nbsp;&nbsp;spi_dma_write_halfwords
<LI><a href="#[3a]">&gt;&gt;</a>&nbsp;&nbsp;&nbsp;main
</UL>

<P><STRONG><a name="[1a9]"></a>dma_default_para_init</STRONG> (Thumb, 50 bytes, Stack size 4 bytes, lto-llvm-1ddb82.o(.text.dma_default_para_init))
<BR><BR>[Stack]<UL><LI>Max Depth = 4<LI>Call Chain = dma_default_para_init
</UL>
<BR>[Called By]<UL><LI><a href="#[88]">&gt;&gt;</a>&nbsp;&nbsp;&nbsp;spi_dma_write_bytes
<LI><a href="#[82]">&gt;&gt;</a>&nbsp;&nbsp;&nbsp;spi_dma_write_halfwords
<LI><a href="#[197]">&gt;&gt;</a>&nbsp;&nbsp;&nbsp;wk_dma1_channel3_init
<LI><a href="#[196]">&gt;&gt;</a>&nbsp;&nbsp;&nbsp;wk_dma1_channel2_init
<LI><a href="#[193]">&gt;&gt;</a>&nbsp;&nbsp;&nbsp;wk_dma1_channel1_init
</UL>

<P><STRONG><a name="[1ae]"></a>dma_flag_clear</STRONG> (Thumb, 20 bytes, Stack size 4 bytes, lto-llvm-1ddb82.o(.text.dma_flag_clear))
<BR><BR>[Stack]<UL><LI>Max Depth = 4<LI>Call Chain = dma_flag_clear
</UL>
<BR>[Called By]<UL><LI><a href="#[88]">&gt;&gt;</a>&nbsp;&nbsp;&nbsp;spi_dma_write_bytes
<LI><a href="#[82]">&gt;&gt;</a>&nbsp;&nbsp;&nbsp;spi_dma_write_halfwords
</UL>

<P><STRONG><a name="[1ad]"></a>dma_flag_get</STRONG> (Thumb, 54 bytes, Stack size 12 bytes, lto-llvm-1ddb82.o(.text.dma_flag_get))
<BR><BR>[Stack]<UL><LI>Max Depth = 12<LI>Call Chain = dma_flag_get
</UL>
<BR>[Called By]<UL><LI><a href="#[88]">&gt;&gt;</a>&nbsp;&nbsp;&nbsp;spi_dma_write_bytes
<LI><a href="#[82]">&gt;&gt;</a>&nbsp;&nbsp;&nbsp;spi_dma_write_halfwords
</UL>

<P><STRONG><a name="[1aa]"></a>dma_init</STRONG> (Thumb, 192 bytes, Stack size 8 bytes, lto-llvm-1ddb82.o(.text.dma_init))
<BR><BR>[Stack]<UL><LI>Max Depth = 8<LI>Call Chain = dma_init
</UL>
<BR>[Called By]<UL><LI><a href="#[88]">&gt;&gt;</a>&nbsp;&nbsp;&nbsp;spi_dma_write_bytes
<LI><a href="#[82]">&gt;&gt;</a>&nbsp;&nbsp;&nbsp;spi_dma_write_halfwords
<LI><a href="#[197]">&gt;&gt;</a>&nbsp;&nbsp;&nbsp;wk_dma1_channel3_init
<LI><a href="#[196]">&gt;&gt;</a>&nbsp;&nbsp;&nbsp;wk_dma1_channel2_init
<LI><a href="#[193]">&gt;&gt;</a>&nbsp;&nbsp;&nbsp;wk_dma1_channel1_init
</UL>

<P><STRONG><a name="[1a8]"></a>dma_reset</STRONG> (Thumb, 88 bytes, Stack size 8 bytes, lto-llvm-1ddb82.o(.text.dma_reset))
<BR><BR>[Stack]<UL><LI>Max Depth = 8<LI>Call Chain = dma_reset
</UL>
<BR>[Called By]<UL><LI><a href="#[88]">&gt;&gt;</a>&nbsp;&nbsp;&nbsp;spi_dma_write_bytes
<LI><a href="#[82]">&gt;&gt;</a>&nbsp;&nbsp;&nbsp;spi_dma_write_halfwords
<LI><a href="#[197]">&gt;&gt;</a>&nbsp;&nbsp;&nbsp;wk_dma1_channel3_init
<LI><a href="#[196]">&gt;&gt;</a>&nbsp;&nbsp;&nbsp;wk_dma1_channel2_init
<LI><a href="#[193]">&gt;&gt;</a>&nbsp;&nbsp;&nbsp;wk_dma1_channel1_init
</UL>

<P><STRONG><a name="[187]"></a>fputc</STRONG> (Thumb, 48 bytes, Stack size 24 bytes, lto-llvm-1ddb82.o(.text.fputc))
<BR><BR>[Stack]<UL><LI>Max Depth = 28<LI>Call Chain = fputc &rArr; stdout_putchar
</UL>
<BR>[Calls]<UL><LI><a href="#[188]">&gt;&gt;</a>&nbsp;&nbsp;&nbsp;stdout_putchar
</UL>
<BR>[Called By]<UL><LI><a href="#[93]">&gt;&gt;</a>&nbsp;&nbsp;&nbsp;fputs
</UL>

<P><STRONG><a name="[81]"></a>gpio_bits_reset</STRONG> (Thumb, 20 bytes, Stack size 8 bytes, lto-llvm-1ddb82.o(.text.gpio_bits_reset))
<BR><BR>[Stack]<UL><LI>Max Depth = 8<LI>Call Chain = gpio_bits_reset
</UL>
<BR>[Called By]<UL><LI><a href="#[7d]">&gt;&gt;</a>&nbsp;&nbsp;&nbsp;LCD_WR_REG
<LI><a href="#[89]">&gt;&gt;</a>&nbsp;&nbsp;&nbsp;LCD_Writ_Bus
<LI><a href="#[7e]">&gt;&gt;</a>&nbsp;&nbsp;&nbsp;LCD_WR_DATA
<LI><a href="#[80]">&gt;&gt;</a>&nbsp;&nbsp;&nbsp;LCD_Fill
<LI><a href="#[84]">&gt;&gt;</a>&nbsp;&nbsp;&nbsp;LCD_Init
<LI><a href="#[7b]">&gt;&gt;</a>&nbsp;&nbsp;&nbsp;LCD_ShowPicture
<LI><a href="#[192]">&gt;&gt;</a>&nbsp;&nbsp;&nbsp;wk_gpio_config
</UL>

<P><STRONG><a name="[83]"></a>gpio_bits_set</STRONG> (Thumb, 20 bytes, Stack size 8 bytes, lto-llvm-1ddb82.o(.text.gpio_bits_set))
<BR><BR>[Stack]<UL><LI>Max Depth = 8<LI>Call Chain = gpio_bits_set
</UL>
<BR>[Called By]<UL><LI><a href="#[7d]">&gt;&gt;</a>&nbsp;&nbsp;&nbsp;LCD_WR_REG
<LI><a href="#[89]">&gt;&gt;</a>&nbsp;&nbsp;&nbsp;LCD_Writ_Bus
<LI><a href="#[7e]">&gt;&gt;</a>&nbsp;&nbsp;&nbsp;LCD_WR_DATA
<LI><a href="#[80]">&gt;&gt;</a>&nbsp;&nbsp;&nbsp;LCD_Fill
<LI><a href="#[84]">&gt;&gt;</a>&nbsp;&nbsp;&nbsp;LCD_Init
<LI><a href="#[7b]">&gt;&gt;</a>&nbsp;&nbsp;&nbsp;LCD_ShowPicture
</UL>

<P><STRONG><a name="[3a]"></a>main</STRONG> (Thumb, 276 bytes, Stack size 48 bytes, lto-llvm-1ddb82.o(.text.main))
<BR><BR>[Stack]<UL><LI>Max Depth = 1604<LI>Call Chain = main &rArr; __disp_adapter0_task &rArr; arm_2d_scene_player_task &rArr; arm_2d_helper_pfb_task &rArr; arm_2d_helper_draw_box &rArr; arm_2dp_rgb565_fill_colour_with_opacity &rArr; __arm_2d_op_invoke &rArr; __arm_2d_op_frontend &rArr; __arm_2d_op_frontend_op_decoder &rArr; __arm_2d_op_frontend_region_process_with_src &rArr; __tile_clipped_pave &rArr; __arm_2d_region_calculator &rArr; __arm_2d_issue_sub_task_copy_origin_masks &rArr; __arm_2d_sub_task_depose &rArr; __depose_virtual_resource &rArr; __arm_2d_tile_get_root &rArr; __arm_2d_tile_get_1st_derived_child_or_root &rArr; arm_2d_region_intersect &rArr; __aeabi_assert &rArr; fputs &rArr; fputc &rArr; stdout_putchar
</UL>
<BR>[Calls]<UL><LI><a href="#[19c]">&gt;&gt;</a>&nbsp;&nbsp;&nbsp;XPT2046_TouchInit
<LI><a href="#[84]">&gt;&gt;</a>&nbsp;&nbsp;&nbsp;LCD_Init
<LI><a href="#[7f]">&gt;&gt;</a>&nbsp;&nbsp;&nbsp;LCD_Clear
<LI><a href="#[18e]">&gt;&gt;</a>&nbsp;&nbsp;&nbsp;wk_system_clock_config
<LI><a href="#[195]">&gt;&gt;</a>&nbsp;&nbsp;&nbsp;dma_channel_enable
<LI><a href="#[141]">&gt;&gt;</a>&nbsp;&nbsp;&nbsp;__disp_adapter0_task
<LI><a href="#[16b]">&gt;&gt;</a>&nbsp;&nbsp;&nbsp;arm_2d_scene_player_switch_to_next_scene
<LI><a href="#[ff]">&gt;&gt;</a>&nbsp;&nbsp;&nbsp;__arm_2d_scene_mono_clock_init
<LI><a href="#[185]">&gt;&gt;</a>&nbsp;&nbsp;&nbsp;disp_adapter0_init
<LI><a href="#[168]">&gt;&gt;</a>&nbsp;&nbsp;&nbsp;arm_2d_init
<LI><a href="#[19b]">&gt;&gt;</a>&nbsp;&nbsp;&nbsp;tmt_init
<LI><a href="#[148]">&gt;&gt;</a>&nbsp;&nbsp;&nbsp;init_cycle_counter
<LI><a href="#[19a]">&gt;&gt;</a>&nbsp;&nbsp;&nbsp;wk_wdt_init
<LI><a href="#[199]">&gt;&gt;</a>&nbsp;&nbsp;&nbsp;wk_spi2_init
<LI><a href="#[198]">&gt;&gt;</a>&nbsp;&nbsp;&nbsp;wk_usart1_init
<LI><a href="#[197]">&gt;&gt;</a>&nbsp;&nbsp;&nbsp;wk_dma1_channel3_init
<LI><a href="#[196]">&gt;&gt;</a>&nbsp;&nbsp;&nbsp;wk_dma1_channel2_init
<LI><a href="#[194]">&gt;&gt;</a>&nbsp;&nbsp;&nbsp;wk_dma_channel_config
<LI><a href="#[193]">&gt;&gt;</a>&nbsp;&nbsp;&nbsp;wk_dma1_channel1_init
<LI><a href="#[192]">&gt;&gt;</a>&nbsp;&nbsp;&nbsp;wk_gpio_config
<LI><a href="#[191]">&gt;&gt;</a>&nbsp;&nbsp;&nbsp;wk_timebase_init
<LI><a href="#[190]">&gt;&gt;</a>&nbsp;&nbsp;&nbsp;wk_nvic_config
<LI><a href="#[18f]">&gt;&gt;</a>&nbsp;&nbsp;&nbsp;wk_periph_clock_config
</UL>
<BR>[Address Reference Count : 1]<UL><LI> entry9a.o(.ARM.Collect$$$$0000000B)
</UL>
<P><STRONG><a name="[3d]"></a>perfc_port_insert_to_system_timer_insert_ovf_handler</STRONG> (Thumb, 286 bytes, Stack size 72 bytes, lto-llvm-1ddb82.o(.text.perfc_port_insert_to_system_timer_insert_ovf_handler))
<BR><BR>[Stack]<UL><LI>Max Depth = 136<LI>Call Chain = perfc_port_insert_to_system_timer_insert_ovf_handler &rArr; __aeabi_ldivmod &rArr; __aeabi_uldivmod
</UL>
<BR>[Calls]<UL><LI><a href="#[72]">&gt;&gt;</a>&nbsp;&nbsp;&nbsp;__aeabi_ldivmod
<LI><a href="#[17c]">&gt;&gt;</a>&nbsp;&nbsp;&nbsp;perfc_port_get_system_timer_top
<LI><a href="#[18a]">&gt;&gt;</a>&nbsp;&nbsp;&nbsp;perfc_port_resume_global_interrupt
<LI><a href="#[189]">&gt;&gt;</a>&nbsp;&nbsp;&nbsp;perfc_port_disable_global_interrupt
</UL>
<BR>[Address Reference Count : 1]<UL><LI> systick_wrapper_gnu.o(.text)
</UL>
<P><STRONG><a name="[1a6]"></a>queue_isEmpty</STRONG> (Thumb, 22 bytes, Stack size 4 bytes, util_queue.o(.text.queue_isEmpty))
<BR><BR>[Stack]<UL><LI>Max Depth = 4<LI>Call Chain = queue_isEmpty
</UL>
<BR>[Called By]<UL><LI><a href="#[91]">&gt;&gt;</a>&nbsp;&nbsp;&nbsp;queue_read
</UL>

<P><STRONG><a name="[1a7]"></a>queue_isFull</STRONG> (Thumb, 34 bytes, Stack size 4 bytes, util_queue.o(.text.queue_isFull))
<BR><BR>[Stack]<UL><LI>Max Depth = 4<LI>Call Chain = queue_isFull
</UL>
<BR>[Called By]<UL><LI><a href="#[8f]">&gt;&gt;</a>&nbsp;&nbsp;&nbsp;queue_write
</UL>

<P><STRONG><a name="[91]"></a>queue_read</STRONG> (Thumb, 72 bytes, Stack size 24 bytes, util_queue.o(.text.queue_read))
<BR><BR>[Stack]<UL><LI>Max Depth = 28<LI>Call Chain = queue_read &rArr; queue_isEmpty
</UL>
<BR>[Calls]<UL><LI><a href="#[1a6]">&gt;&gt;</a>&nbsp;&nbsp;&nbsp;queue_isEmpty
</UL>
<BR>[Called By]<UL><LI><a href="#[32]">&gt;&gt;</a>&nbsp;&nbsp;&nbsp;USART2_IRQHandler
</UL>

<P><STRONG><a name="[8f]"></a>queue_write</STRONG> (Thumb, 74 bytes, Stack size 24 bytes, util_queue.o(.text.queue_write))
<BR><BR>[Stack]<UL><LI>Max Depth = 28<LI>Call Chain = queue_write &rArr; queue_isFull
</UL>
<BR>[Calls]<UL><LI><a href="#[1a7]">&gt;&gt;</a>&nbsp;&nbsp;&nbsp;queue_isFull
</UL>
<BR>[Called By]<UL><LI><a href="#[32]">&gt;&gt;</a>&nbsp;&nbsp;&nbsp;USART2_IRQHandler
</UL>

<P><STRONG><a name="[88]"></a>spi_dma_write_bytes</STRONG> (Thumb, 290 bytes, Stack size 64 bytes, bsp_lcd_spi.o(.text.spi_dma_write_bytes))
<BR><BR>[Stack]<UL><LI>Max Depth = 76<LI>Call Chain = spi_dma_write_bytes &rArr; dma_flag_get
</UL>
<BR>[Calls]<UL><LI><a href="#[1ae]">&gt;&gt;</a>&nbsp;&nbsp;&nbsp;dma_flag_clear
<LI><a href="#[1ad]">&gt;&gt;</a>&nbsp;&nbsp;&nbsp;dma_flag_get
<LI><a href="#[1aa]">&gt;&gt;</a>&nbsp;&nbsp;&nbsp;dma_init
<LI><a href="#[1a9]">&gt;&gt;</a>&nbsp;&nbsp;&nbsp;dma_default_para_init
<LI><a href="#[1a8]">&gt;&gt;</a>&nbsp;&nbsp;&nbsp;dma_reset
<LI><a href="#[1ac]">&gt;&gt;</a>&nbsp;&nbsp;&nbsp;spi_i2s_dma_receiver_enable
<LI><a href="#[1ab]">&gt;&gt;</a>&nbsp;&nbsp;&nbsp;spi_i2s_dma_transmitter_enable
<LI><a href="#[195]">&gt;&gt;</a>&nbsp;&nbsp;&nbsp;dma_channel_enable
</UL>
<BR>[Called By]<UL><LI><a href="#[7b]">&gt;&gt;</a>&nbsp;&nbsp;&nbsp;LCD_ShowPicture
</UL>

<P><STRONG><a name="[82]"></a>spi_dma_write_halfwords</STRONG> (Thumb, 324 bytes, Stack size 80 bytes, bsp_lcd_spi.o(.text.spi_dma_write_halfwords))
<BR><BR>[Stack]<UL><LI>Max Depth = 92<LI>Call Chain = spi_dma_write_halfwords &rArr; dma_flag_get
</UL>
<BR>[Calls]<UL><LI><a href="#[1ae]">&gt;&gt;</a>&nbsp;&nbsp;&nbsp;dma_flag_clear
<LI><a href="#[1ad]">&gt;&gt;</a>&nbsp;&nbsp;&nbsp;dma_flag_get
<LI><a href="#[1af]">&gt;&gt;</a>&nbsp;&nbsp;&nbsp;spi_frame_bit_num_set
<LI><a href="#[1aa]">&gt;&gt;</a>&nbsp;&nbsp;&nbsp;dma_init
<LI><a href="#[1a9]">&gt;&gt;</a>&nbsp;&nbsp;&nbsp;dma_default_para_init
<LI><a href="#[1a8]">&gt;&gt;</a>&nbsp;&nbsp;&nbsp;dma_reset
<LI><a href="#[1ac]">&gt;&gt;</a>&nbsp;&nbsp;&nbsp;spi_i2s_dma_receiver_enable
<LI><a href="#[1ab]">&gt;&gt;</a>&nbsp;&nbsp;&nbsp;spi_i2s_dma_transmitter_enable
<LI><a href="#[195]">&gt;&gt;</a>&nbsp;&nbsp;&nbsp;dma_channel_enable
</UL>
<BR>[Called By]<UL><LI><a href="#[80]">&gt;&gt;</a>&nbsp;&nbsp;&nbsp;LCD_Fill
</UL>

<P><STRONG><a name="[1af]"></a>spi_frame_bit_num_set</STRONG> (Thumb, 34 bytes, Stack size 8 bytes, lto-llvm-1ddb82.o(.text.spi_frame_bit_num_set))
<BR><BR>[Stack]<UL><LI>Max Depth = 8<LI>Call Chain = spi_frame_bit_num_set
</UL>
<BR>[Called By]<UL><LI><a href="#[82]">&gt;&gt;</a>&nbsp;&nbsp;&nbsp;spi_dma_write_halfwords
</UL>

<P><STRONG><a name="[1b2]"></a>spi_i2s_data_receive</STRONG> (Thumb, 14 bytes, Stack size 4 bytes, lto-llvm-1ddb82.o(.text.spi_i2s_data_receive))
<BR><BR>[Stack]<UL><LI>Max Depth = 4<LI>Call Chain = spi_i2s_data_receive
</UL>
<BR>[Called By]<UL><LI><a href="#[8a]">&gt;&gt;</a>&nbsp;&nbsp;&nbsp;spi_write_read_byte
</UL>

<P><STRONG><a name="[1b1]"></a>spi_i2s_data_transmit</STRONG> (Thumb, 20 bytes, Stack size 8 bytes, lto-llvm-1ddb82.o(.text.spi_i2s_data_transmit))
<BR><BR>[Stack]<UL><LI>Max Depth = 8<LI>Call Chain = spi_i2s_data_transmit
</UL>
<BR>[Called By]<UL><LI><a href="#[8a]">&gt;&gt;</a>&nbsp;&nbsp;&nbsp;spi_write_read_byte
</UL>

<P><STRONG><a name="[1ac]"></a>spi_i2s_dma_receiver_enable</STRONG> (Thumb, 26 bytes, Stack size 8 bytes, lto-llvm-1ddb82.o(.text.spi_i2s_dma_receiver_enable))
<BR><BR>[Stack]<UL><LI>Max Depth = 8<LI>Call Chain = spi_i2s_dma_receiver_enable
</UL>
<BR>[Called By]<UL><LI><a href="#[8a]">&gt;&gt;</a>&nbsp;&nbsp;&nbsp;spi_write_read_byte
<LI><a href="#[88]">&gt;&gt;</a>&nbsp;&nbsp;&nbsp;spi_dma_write_bytes
<LI><a href="#[82]">&gt;&gt;</a>&nbsp;&nbsp;&nbsp;spi_dma_write_halfwords
<LI><a href="#[199]">&gt;&gt;</a>&nbsp;&nbsp;&nbsp;wk_spi2_init
</UL>

<P><STRONG><a name="[1ab]"></a>spi_i2s_dma_transmitter_enable</STRONG> (Thumb, 34 bytes, Stack size 8 bytes, lto-llvm-1ddb82.o(.text.spi_i2s_dma_transmitter_enable))
<BR><BR>[Stack]<UL><LI>Max Depth = 8<LI>Call Chain = spi_i2s_dma_transmitter_enable
</UL>
<BR>[Called By]<UL><LI><a href="#[8a]">&gt;&gt;</a>&nbsp;&nbsp;&nbsp;spi_write_read_byte
<LI><a href="#[88]">&gt;&gt;</a>&nbsp;&nbsp;&nbsp;spi_dma_write_bytes
<LI><a href="#[82]">&gt;&gt;</a>&nbsp;&nbsp;&nbsp;spi_dma_write_halfwords
<LI><a href="#[199]">&gt;&gt;</a>&nbsp;&nbsp;&nbsp;wk_spi2_init
</UL>

<P><STRONG><a name="[1b0]"></a>spi_i2s_flag_get</STRONG> (Thumb, 48 bytes, Stack size 12 bytes, lto-llvm-1ddb82.o(.text.spi_i2s_flag_get))
<BR><BR>[Stack]<UL><LI>Max Depth = 12<LI>Call Chain = spi_i2s_flag_get
</UL>
<BR>[Called By]<UL><LI><a href="#[8a]">&gt;&gt;</a>&nbsp;&nbsp;&nbsp;spi_write_read_byte
</UL>

<P><STRONG><a name="[8a]"></a>spi_write_read_byte</STRONG> (Thumb, 178 bytes, Stack size 24 bytes, bsp_lcd_spi.o(.text.spi_write_read_byte))
<BR><BR>[Stack]<UL><LI>Max Depth = 36<LI>Call Chain = spi_write_read_byte &rArr; spi_i2s_flag_get
</UL>
<BR>[Calls]<UL><LI><a href="#[1b0]">&gt;&gt;</a>&nbsp;&nbsp;&nbsp;spi_i2s_flag_get
<LI><a href="#[1b2]">&gt;&gt;</a>&nbsp;&nbsp;&nbsp;spi_i2s_data_receive
<LI><a href="#[1b1]">&gt;&gt;</a>&nbsp;&nbsp;&nbsp;spi_i2s_data_transmit
<LI><a href="#[1ac]">&gt;&gt;</a>&nbsp;&nbsp;&nbsp;spi_i2s_dma_receiver_enable
<LI><a href="#[1ab]">&gt;&gt;</a>&nbsp;&nbsp;&nbsp;spi_i2s_dma_transmitter_enable
</UL>
<BR>[Called By]<UL><LI><a href="#[89]">&gt;&gt;</a>&nbsp;&nbsp;&nbsp;LCD_Writ_Bus
</UL>

<P><STRONG><a name="[8e]"></a>usart_data_receive</STRONG> (Thumb, 14 bytes, Stack size 4 bytes, lto-llvm-1ddb82.o(.text.usart_data_receive))
<BR><BR>[Stack]<UL><LI>Max Depth = 4<LI>Call Chain = usart_data_receive
</UL>
<BR>[Called By]<UL><LI><a href="#[32]">&gt;&gt;</a>&nbsp;&nbsp;&nbsp;USART2_IRQHandler
</UL>

<P><STRONG><a name="[92]"></a>usart_data_transmit</STRONG> (Thumb, 24 bytes, Stack size 8 bytes, lto-llvm-1ddb82.o(.text.usart_data_transmit))
<BR><BR>[Stack]<UL><LI>Max Depth = 8<LI>Call Chain = usart_data_transmit
</UL>
<BR>[Called By]<UL><LI><a href="#[32]">&gt;&gt;</a>&nbsp;&nbsp;&nbsp;USART2_IRQHandler
</UL>

<P><STRONG><a name="[90]"></a>usart_flag_clear</STRONG> (Thumb, 84 bytes, Stack size 8 bytes, lto-llvm-1ddb82.o(.text.usart_flag_clear))
<BR><BR>[Stack]<UL><LI>Max Depth = 8<LI>Call Chain = usart_flag_clear
</UL>
<BR>[Called By]<UL><LI><a href="#[32]">&gt;&gt;</a>&nbsp;&nbsp;&nbsp;USART2_IRQHandler
</UL>

<P><STRONG><a name="[8d]"></a>usart_flag_get</STRONG> (Thumb, 42 bytes, Stack size 12 bytes, lto-llvm-1ddb82.o(.text.usart_flag_get))
<BR><BR>[Stack]<UL><LI>Max Depth = 12<LI>Call Chain = usart_flag_get
</UL>
<BR>[Called By]<UL><LI><a href="#[32]">&gt;&gt;</a>&nbsp;&nbsp;&nbsp;USART2_IRQHandler
</UL>

<P><STRONG><a name="[85]"></a>wk_delay_ms</STRONG> (Thumb, 52 bytes, Stack size 16 bytes, lto-llvm-1ddb82.o(.text.wk_delay_ms))
<BR><BR>[Stack]<UL><LI>Max Depth = 16<LI>Call Chain = wk_delay_ms
</UL>
<BR>[Calls]<UL><LI><a href="#[1b5]">&gt;&gt;</a>&nbsp;&nbsp;&nbsp;wk_timebase_get
</UL>
<BR>[Called By]<UL><LI><a href="#[84]">&gt;&gt;</a>&nbsp;&nbsp;&nbsp;LCD_Init
</UL>

<P><STRONG><a name="[1d3]"></a>__0vsnprintf</STRONG> (Thumb, 46 bytes, Stack size 24 bytes, printfa.o(i.__0vsnprintf), UNUSED)
<BR><BR>[Calls]<UL><LI><a href="#[1d4]">&gt;&gt;</a>&nbsp;&nbsp;&nbsp;_printf_core
</UL>

<P><STRONG><a name="[1ee]"></a>__1vsnprintf</STRONG> (Thumb, 0 bytes, Stack size 24 bytes, printfa.o(i.__0vsnprintf), UNUSED)

<P><STRONG><a name="[1ef]"></a>__2vsnprintf</STRONG> (Thumb, 0 bytes, Stack size 24 bytes, printfa.o(i.__0vsnprintf), UNUSED)

<P><STRONG><a name="[1f0]"></a>__c89vsnprintf</STRONG> (Thumb, 0 bytes, Stack size 24 bytes, printfa.o(i.__0vsnprintf), UNUSED)

<P><STRONG><a name="[175]"></a>vsnprintf</STRONG> (Thumb, 0 bytes, Stack size 24 bytes, printfa.o(i.__0vsnprintf))
<BR><BR>[Stack]<UL><LI>Max Depth = 24<LI>Call Chain = vsnprintf
</UL>
<BR>[Called By]<UL><LI><a href="#[140]">&gt;&gt;</a>&nbsp;&nbsp;&nbsp;arm_lcd_printf
</UL>

<P><STRONG><a name="[117]"></a>__hardfp_fmodf</STRONG> (Thumb, 176 bytes, Stack size 16 bytes, fmodf.o(i.__hardfp_fmodf))
<BR><BR>[Stack]<UL><LI>Max Depth = 36<LI>Call Chain = __hardfp_fmodf &rArr; _frem &rArr; _float_epilogue
</UL>
<BR>[Calls]<UL><LI><a href="#[1d5]">&gt;&gt;</a>&nbsp;&nbsp;&nbsp;__set_errno
<LI><a href="#[1d6]">&gt;&gt;</a>&nbsp;&nbsp;&nbsp;__mathlib_flt_invalid
<LI><a href="#[6c]">&gt;&gt;</a>&nbsp;&nbsp;&nbsp;_frem
</UL>
<BR>[Called By]<UL><LI><a href="#[116]">&gt;&gt;</a>&nbsp;&nbsp;&nbsp;__arm_2d_transform_preprocess_source
</UL>

<P><STRONG><a name="[11b]"></a>__hardfp_lroundf</STRONG> (Thumb, 194 bytes, Stack size 16 bytes, lroundf.o(i.__hardfp_lroundf))
<BR><BR>[Stack]<UL><LI>Max Depth = 24<LI>Call Chain = __hardfp_lroundf &rArr; _frnd
</UL>
<BR>[Calls]<UL><LI><a href="#[1d5]">&gt;&gt;</a>&nbsp;&nbsp;&nbsp;__set_errno
<LI><a href="#[6a]">&gt;&gt;</a>&nbsp;&nbsp;&nbsp;_frnd
<LI><a href="#[70]">&gt;&gt;</a>&nbsp;&nbsp;&nbsp;_ffix_r
</UL>
<BR>[Called By]<UL><LI><a href="#[cc]">&gt;&gt;</a>&nbsp;&nbsp;&nbsp;__arm_2d_transform_regression
</UL>

<P><STRONG><a name="[1d6]"></a>__mathlib_flt_invalid</STRONG> (Thumb, 10 bytes, Stack size 0 bytes, funder.o(i.__mathlib_flt_invalid))
<BR><BR>[Called By]<UL><LI><a href="#[117]">&gt;&gt;</a>&nbsp;&nbsp;&nbsp;__hardfp_fmodf
</UL>

<P><STRONG><a name="[1f1]"></a>__scatterload_copy</STRONG> (Thumb, 14 bytes, Stack size unknown bytes, handlers.o(i.__scatterload_copy), UNUSED)

<P><STRONG><a name="[1f2]"></a>__scatterload_null</STRONG> (Thumb, 2 bytes, Stack size unknown bytes, handlers.o(i.__scatterload_null), UNUSED)

<P><STRONG><a name="[1f3]"></a>__scatterload_zeroinit</STRONG> (Thumb, 14 bytes, Stack size unknown bytes, handlers.o(i.__scatterload_zeroinit), UNUSED)

<P><STRONG><a name="[1d5]"></a>__set_errno</STRONG> (Thumb, 6 bytes, Stack size 0 bytes, errno.o(i.__set_errno))
<BR><BR>[Called By]<UL><LI><a href="#[11b]">&gt;&gt;</a>&nbsp;&nbsp;&nbsp;__hardfp_lroundf
<LI><a href="#[117]">&gt;&gt;</a>&nbsp;&nbsp;&nbsp;__hardfp_fmodf
</UL>

<P><STRONG><a name="[93]"></a>fputs</STRONG> (Thumb, 24 bytes, Stack size 16 bytes, fputs.o(i.fputs))
<BR><BR>[Stack]<UL><LI>Max Depth = 44<LI>Call Chain = fputs &rArr; fputc &rArr; stdout_putchar
</UL>
<BR>[Calls]<UL><LI><a href="#[187]">&gt;&gt;</a>&nbsp;&nbsp;&nbsp;fputc
</UL>
<BR>[Called By]<UL><LI><a href="#[79]">&gt;&gt;</a>&nbsp;&nbsp;&nbsp;__aeabi_assert
</UL>

<P><STRONG><a name="[9b]"></a>free</STRONG> (Thumb, 76 bytes, Stack size 8 bytes, malloc.o(i.free))
<BR><BR>[Stack]<UL><LI>Max Depth = 8<LI>Call Chain = free
</UL>
<BR>[Called By]<UL><LI><a href="#[9a]">&gt;&gt;</a>&nbsp;&nbsp;&nbsp;__arm_2d_free_scratch_memory
</UL>

<P><STRONG><a name="[96]"></a>malloc</STRONG> (Thumb, 92 bytes, Stack size 20 bytes, malloc.o(i.malloc))
<BR><BR>[Stack]<UL><LI>Max Depth = 20<LI>Call Chain = malloc
</UL>
<BR>[Called By]<UL><LI><a href="#[95]">&gt;&gt;</a>&nbsp;&nbsp;&nbsp;__arm_2d_allocate_scratch_memory
</UL>
<P>
<H3>
Local Symbols
</H3>
<P><STRONG><a name="[1d7]"></a>_fp_digits</STRONG> (Thumb, 366 bytes, Stack size 64 bytes, printfa.o(i._fp_digits), UNUSED)
<BR><BR>[Calls]<UL><LI><a href="#[60]">&gt;&gt;</a>&nbsp;&nbsp;&nbsp;__aeabi_dadd
<LI><a href="#[67]">&gt;&gt;</a>&nbsp;&nbsp;&nbsp;__aeabi_ddiv
<LI><a href="#[68]">&gt;&gt;</a>&nbsp;&nbsp;&nbsp;__aeabi_uldivmod
<LI><a href="#[6f]">&gt;&gt;</a>&nbsp;&nbsp;&nbsp;__aeabi_d2ulz
<LI><a href="#[6e]">&gt;&gt;</a>&nbsp;&nbsp;&nbsp;__aeabi_dmul
<LI><a href="#[1d8]">&gt;&gt;</a>&nbsp;&nbsp;&nbsp;__aeabi_cdrcmple
</UL>
<BR>[Called By]<UL><LI><a href="#[1d4]">&gt;&gt;</a>&nbsp;&nbsp;&nbsp;_printf_core
</UL>

<P><STRONG><a name="[1d4]"></a>_printf_core</STRONG> (Thumb, 1744 bytes, Stack size 136 bytes, printfa.o(i._printf_core), UNUSED)
<BR><BR>[Calls]<UL><LI><a href="#[68]">&gt;&gt;</a>&nbsp;&nbsp;&nbsp;__aeabi_uldivmod
<LI><a href="#[1db]">&gt;&gt;</a>&nbsp;&nbsp;&nbsp;__aeabi_uidivmod
<LI><a href="#[1d9]">&gt;&gt;</a>&nbsp;&nbsp;&nbsp;_printf_pre_padding
<LI><a href="#[1da]">&gt;&gt;</a>&nbsp;&nbsp;&nbsp;_printf_post_padding
<LI><a href="#[1d7]">&gt;&gt;</a>&nbsp;&nbsp;&nbsp;_fp_digits
</UL>
<BR>[Called By]<UL><LI><a href="#[1d3]">&gt;&gt;</a>&nbsp;&nbsp;&nbsp;__0vsnprintf
</UL>

<P><STRONG><a name="[1da]"></a>_printf_post_padding</STRONG> (Thumb, 36 bytes, Stack size 24 bytes, printfa.o(i._printf_post_padding), UNUSED)
<BR><BR>[Called By]<UL><LI><a href="#[1d4]">&gt;&gt;</a>&nbsp;&nbsp;&nbsp;_printf_core
</UL>

<P><STRONG><a name="[1d9]"></a>_printf_pre_padding</STRONG> (Thumb, 46 bytes, Stack size 24 bytes, printfa.o(i._printf_pre_padding), UNUSED)
<BR><BR>[Called By]<UL><LI><a href="#[1d4]">&gt;&gt;</a>&nbsp;&nbsp;&nbsp;_printf_core
</UL>

<P><STRONG><a name="[4d]"></a>_snputc</STRONG> (Thumb, 22 bytes, Stack size 0 bytes, printfa.o(i._snputc))
<BR>[Address Reference Count : 1]<UL><LI> printfa.o(i.__0vsnprintf)
</UL>
<P><STRONG><a name="[8c]"></a>wk_timebase_handler</STRONG> (Thumb, 8 bytes, Stack size 8 bytes, lto-llvm-1ddb82.o(.text.wk_timebase_handler))
<BR><BR>[Stack]<UL><LI>Max Depth = 8<LI>Call Chain = wk_timebase_handler
</UL>
<BR>[Calls]<UL><LI><a href="#[1c8]">&gt;&gt;</a>&nbsp;&nbsp;&nbsp;wk_timebase_increase
</UL>
<BR>[Called By]<UL><LI><a href="#[3e]">&gt;&gt;</a>&nbsp;&nbsp;&nbsp;$Super$$SysTick_Handler
</UL>

<P><STRONG><a name="[18e]"></a>wk_system_clock_config</STRONG> (Thumb, 256 bytes, Stack size 8 bytes, lto-llvm-1ddb82.o(.text.wk_system_clock_config))
<BR><BR>[Stack]<UL><LI>Max Depth = 96<LI>Call Chain = wk_system_clock_config &rArr; system_core_clock_update &rArr; __aeabi_uldivmod
</UL>
<BR>[Calls]<UL><LI><a href="#[1bd]">&gt;&gt;</a>&nbsp;&nbsp;&nbsp;crm_periph_clock_enable
<LI><a href="#[183]">&gt;&gt;</a>&nbsp;&nbsp;&nbsp;crm_reset
<LI><a href="#[1b3]">&gt;&gt;</a>&nbsp;&nbsp;&nbsp;system_core_clock_update
<LI><a href="#[180]">&gt;&gt;</a>&nbsp;&nbsp;&nbsp;crm_sysclk_switch_status_get
<LI><a href="#[184]">&gt;&gt;</a>&nbsp;&nbsp;&nbsp;crm_sysclk_switch
<LI><a href="#[17e]">&gt;&gt;</a>&nbsp;&nbsp;&nbsp;crm_auto_step_mode_enable
<LI><a href="#[1c7]">&gt;&gt;</a>&nbsp;&nbsp;&nbsp;crm_apb1_div_set
<LI><a href="#[1c6]">&gt;&gt;</a>&nbsp;&nbsp;&nbsp;crm_apb2_div_set
<LI><a href="#[1c5]">&gt;&gt;</a>&nbsp;&nbsp;&nbsp;crm_apb3_div_set
<LI><a href="#[17d]">&gt;&gt;</a>&nbsp;&nbsp;&nbsp;crm_ahb_div_set
<LI><a href="#[1c4]">&gt;&gt;</a>&nbsp;&nbsp;&nbsp;crm_pll_config
<LI><a href="#[181]">&gt;&gt;</a>&nbsp;&nbsp;&nbsp;crm_hext_stable_wait
<LI><a href="#[1c3]">&gt;&gt;</a>&nbsp;&nbsp;&nbsp;crm_clock_source_enable
<LI><a href="#[182]">&gt;&gt;</a>&nbsp;&nbsp;&nbsp;crm_flag_get
<LI><a href="#[1c2]">&gt;&gt;</a>&nbsp;&nbsp;&nbsp;pwc_battery_powered_domain_access
</UL>
<BR>[Called By]<UL><LI><a href="#[3a]">&gt;&gt;</a>&nbsp;&nbsp;&nbsp;main
</UL>

<P><STRONG><a name="[183]"></a>crm_reset</STRONG> (Thumb, 176 bytes, Stack size 8 bytes, lto-llvm-1ddb82.o(.text.crm_reset))
<BR><BR>[Stack]<UL><LI>Max Depth = 12<LI>Call Chain = crm_reset &rArr; crm_auto_step_mode_enable
</UL>
<BR>[Calls]<UL><LI><a href="#[17e]">&gt;&gt;</a>&nbsp;&nbsp;&nbsp;crm_auto_step_mode_enable
</UL>
<BR>[Called By]<UL><LI><a href="#[18e]">&gt;&gt;</a>&nbsp;&nbsp;&nbsp;wk_system_clock_config
</UL>

<P><STRONG><a name="[1bd]"></a>crm_periph_clock_enable</STRONG> (Thumb, 84 bytes, Stack size 8 bytes, lto-llvm-1ddb82.o(.text.crm_periph_clock_enable))
<BR><BR>[Stack]<UL><LI>Max Depth = 8<LI>Call Chain = crm_periph_clock_enable
</UL>
<BR>[Called By]<UL><LI><a href="#[18e]">&gt;&gt;</a>&nbsp;&nbsp;&nbsp;wk_system_clock_config
<LI><a href="#[18f]">&gt;&gt;</a>&nbsp;&nbsp;&nbsp;wk_periph_clock_config
</UL>

<P><STRONG><a name="[1c2]"></a>pwc_battery_powered_domain_access</STRONG> (Thumb, 38 bytes, Stack size 4 bytes, lto-llvm-1ddb82.o(.text.pwc_battery_powered_domain_access))
<BR><BR>[Stack]<UL><LI>Max Depth = 4<LI>Call Chain = pwc_battery_powered_domain_access
</UL>
<BR>[Called By]<UL><LI><a href="#[18e]">&gt;&gt;</a>&nbsp;&nbsp;&nbsp;wk_system_clock_config
</UL>

<P><STRONG><a name="[182]"></a>crm_flag_get</STRONG> (Thumb, 62 bytes, Stack size 8 bytes, lto-llvm-1ddb82.o(.text.crm_flag_get))
<BR><BR>[Stack]<UL><LI>Max Depth = 8<LI>Call Chain = crm_flag_get
</UL>
<BR>[Called By]<UL><LI><a href="#[18e]">&gt;&gt;</a>&nbsp;&nbsp;&nbsp;wk_system_clock_config
<LI><a href="#[181]">&gt;&gt;</a>&nbsp;&nbsp;&nbsp;crm_hext_stable_wait
</UL>

<P><STRONG><a name="[1c3]"></a>crm_clock_source_enable</STRONG> (Thumb, 162 bytes, Stack size 4 bytes, lto-llvm-1ddb82.o(.text.crm_clock_source_enable))
<BR><BR>[Stack]<UL><LI>Max Depth = 4<LI>Call Chain = crm_clock_source_enable
</UL>
<BR>[Called By]<UL><LI><a href="#[18e]">&gt;&gt;</a>&nbsp;&nbsp;&nbsp;wk_system_clock_config
</UL>

<P><STRONG><a name="[181]"></a>crm_hext_stable_wait</STRONG> (Thumb, 92 bytes, Stack size 16 bytes, lto-llvm-1ddb82.o(.text.crm_hext_stable_wait))
<BR><BR>[Stack]<UL><LI>Max Depth = 24<LI>Call Chain = crm_hext_stable_wait &rArr; crm_flag_get
</UL>
<BR>[Calls]<UL><LI><a href="#[182]">&gt;&gt;</a>&nbsp;&nbsp;&nbsp;crm_flag_get
</UL>
<BR>[Called By]<UL><LI><a href="#[18e]">&gt;&gt;</a>&nbsp;&nbsp;&nbsp;wk_system_clock_config
</UL>

<P><STRONG><a name="[1c4]"></a>crm_pll_config</STRONG> (Thumb, 112 bytes, Stack size 8 bytes, lto-llvm-1ddb82.o(.text.crm_pll_config))
<BR><BR>[Stack]<UL><LI>Max Depth = 8<LI>Call Chain = crm_pll_config
</UL>
<BR>[Called By]<UL><LI><a href="#[18e]">&gt;&gt;</a>&nbsp;&nbsp;&nbsp;wk_system_clock_config
</UL>

<P><STRONG><a name="[17d]"></a>crm_ahb_div_set</STRONG> (Thumb, 54 bytes, Stack size 16 bytes, lto-llvm-1ddb82.o(.text.crm_ahb_div_set))
<BR><BR>[Stack]<UL><LI>Max Depth = 20<LI>Call Chain = crm_ahb_div_set &rArr; crm_auto_step_mode_enable
</UL>
<BR>[Calls]<UL><LI><a href="#[17e]">&gt;&gt;</a>&nbsp;&nbsp;&nbsp;crm_auto_step_mode_enable
</UL>
<BR>[Called By]<UL><LI><a href="#[18e]">&gt;&gt;</a>&nbsp;&nbsp;&nbsp;wk_system_clock_config
</UL>

<P><STRONG><a name="[1c5]"></a>crm_apb3_div_set</STRONG> (Thumb, 40 bytes, Stack size 4 bytes, lto-llvm-1ddb82.o(.text.crm_apb3_div_set))
<BR><BR>[Stack]<UL><LI>Max Depth = 4<LI>Call Chain = crm_apb3_div_set
</UL>
<BR>[Called By]<UL><LI><a href="#[18e]">&gt;&gt;</a>&nbsp;&nbsp;&nbsp;wk_system_clock_config
</UL>

<P><STRONG><a name="[1c6]"></a>crm_apb2_div_set</STRONG> (Thumb, 40 bytes, Stack size 4 bytes, lto-llvm-1ddb82.o(.text.crm_apb2_div_set))
<BR><BR>[Stack]<UL><LI>Max Depth = 4<LI>Call Chain = crm_apb2_div_set
</UL>
<BR>[Called By]<UL><LI><a href="#[18e]">&gt;&gt;</a>&nbsp;&nbsp;&nbsp;wk_system_clock_config
</UL>

<P><STRONG><a name="[1c7]"></a>crm_apb1_div_set</STRONG> (Thumb, 40 bytes, Stack size 4 bytes, lto-llvm-1ddb82.o(.text.crm_apb1_div_set))
<BR><BR>[Stack]<UL><LI>Max Depth = 4<LI>Call Chain = crm_apb1_div_set
</UL>
<BR>[Called By]<UL><LI><a href="#[18e]">&gt;&gt;</a>&nbsp;&nbsp;&nbsp;wk_system_clock_config
</UL>

<P><STRONG><a name="[17e]"></a>crm_auto_step_mode_enable</STRONG> (Thumb, 56 bytes, Stack size 4 bytes, lto-llvm-1ddb82.o(.text.crm_auto_step_mode_enable))
<BR><BR>[Stack]<UL><LI>Max Depth = 4<LI>Call Chain = crm_auto_step_mode_enable
</UL>
<BR>[Called By]<UL><LI><a href="#[183]">&gt;&gt;</a>&nbsp;&nbsp;&nbsp;crm_reset
<LI><a href="#[18e]">&gt;&gt;</a>&nbsp;&nbsp;&nbsp;wk_system_clock_config
<LI><a href="#[184]">&gt;&gt;</a>&nbsp;&nbsp;&nbsp;crm_sysclk_switch
<LI><a href="#[17d]">&gt;&gt;</a>&nbsp;&nbsp;&nbsp;crm_ahb_div_set
</UL>

<P><STRONG><a name="[184]"></a>crm_sysclk_switch</STRONG> (Thumb, 46 bytes, Stack size 16 bytes, lto-llvm-1ddb82.o(.text.crm_sysclk_switch))
<BR><BR>[Stack]<UL><LI>Max Depth = 20<LI>Call Chain = crm_sysclk_switch &rArr; crm_auto_step_mode_enable
</UL>
<BR>[Calls]<UL><LI><a href="#[17e]">&gt;&gt;</a>&nbsp;&nbsp;&nbsp;crm_auto_step_mode_enable
</UL>
<BR>[Called By]<UL><LI><a href="#[18e]">&gt;&gt;</a>&nbsp;&nbsp;&nbsp;wk_system_clock_config
</UL>

<P><STRONG><a name="[180]"></a>crm_sysclk_switch_status_get</STRONG> (Thumb, 16 bytes, Stack size 0 bytes, lto-llvm-1ddb82.o(.text.crm_sysclk_switch_status_get))
[...]
<LI><a href="#[79]">&gt;&gt;</a>&nbsp;&nbsp;&nbsp;__aeabi_assert
</UL>
<BR>[Called By]<UL><LI><a href="#[f6]">&gt;&gt;</a>&nbsp;&nbsp;&nbsp;__tile_non_negtive_location_pave
<LI><a href="#[f5]">&gt;&gt;</a>&nbsp;&nbsp;&nbsp;__tile_clipped_pave
</UL>

<P><STRONG><a name="[fa]"></a>__arm_2d_source_side_tile_mirror_preprocess</STRONG> (Thumb, 354 bytes, Stack size 20 bytes, lto-llvm-1ddb82.o(.text.__arm_2d_source_side_tile_mirror_preprocess))
<BR><BR>[Stack]<UL><LI>Max Depth = 20<LI>Call Chain = __arm_2d_source_side_tile_mirror_preprocess
</UL>
<BR>[Called By]<UL><LI><a href="#[f8]">&gt;&gt;</a>&nbsp;&nbsp;&nbsp;__arm_2d_region_calculator
</UL>

<P><STRONG><a name="[fb]"></a>__load_virtual_resource</STRONG> (Thumb, 264 bytes, Stack size 40 bytes, lto-llvm-1ddb82.o(.text.__load_virtual_resource))
<BR><BR>[Stack]<UL><LI>Max Depth = 40<LI>Call Chain = __load_virtual_resource
</UL>
<BR>[Called By]<UL><LI><a href="#[f8]">&gt;&gt;</a>&nbsp;&nbsp;&nbsp;__arm_2d_region_calculator
</UL>

<P><STRONG><a name="[fc]"></a>__load_background_virtual_resource</STRONG> (Thumb, 174 bytes, Stack size 32 bytes, lto-llvm-1ddb82.o(.text.__load_background_virtual_resource))
<BR><BR>[Stack]<UL><LI>Max Depth = 108<LI>Call Chain = __load_background_virtual_resource &rArr; __aeabi_assert &rArr; fputs &rArr; fputc &rArr; stdout_putchar
</UL>
<BR>[Calls]<UL><LI><a href="#[79]">&gt;&gt;</a>&nbsp;&nbsp;&nbsp;__aeabi_assert
</UL>
<BR>[Called By]<UL><LI><a href="#[f8]">&gt;&gt;</a>&nbsp;&nbsp;&nbsp;__arm_2d_region_calculator
</UL>

<P><STRONG><a name="[ea]"></a>__arm_2d_op_frontend</STRONG> (Thumb, 30 bytes, Stack size 16 bytes, lto-llvm-1ddb82.o(.text.__arm_2d_op_frontend))
<BR><BR>[Stack]<UL><LI>Max Depth = 1060<LI>Call Chain = __arm_2d_op_frontend &rArr; __arm_2d_op_frontend_op_decoder &rArr; __arm_2d_op_frontend_region_process_with_src &rArr; __tile_clipped_pave &rArr; __arm_2d_region_calculator &rArr; __arm_2d_issue_sub_task_copy_origin_masks &rArr; __arm_2d_sub_task_depose &rArr; __depose_virtual_resource &rArr; __arm_2d_tile_get_root &rArr; __arm_2d_tile_get_1st_derived_child_or_root &rArr; arm_2d_region_intersect &rArr; __aeabi_assert &rArr; fputs &rArr; fputc &rArr; stdout_putchar
</UL>
<BR>[Calls]<UL><LI><a href="#[eb]">&gt;&gt;</a>&nbsp;&nbsp;&nbsp;__arm_2d_op_frontend_op_decoder
<LI><a href="#[ec]">&gt;&gt;</a>&nbsp;&nbsp;&nbsp;__arm_2d_op_frontend_on_leave
</UL>
<BR>[Called By]<UL><LI><a href="#[f7]">&gt;&gt;</a>&nbsp;&nbsp;&nbsp;__arm_2d_op_invoke
</UL>

<P><STRONG><a name="[d6]"></a>__arm_2d_init</STRONG> (Thumb, 18 bytes, Stack size 8 bytes, lto-llvm-1ddb82.o(.text.__arm_2d_init))
<BR><BR>[Stack]<UL><LI>Max Depth = 8<LI>Call Chain = __arm_2d_init
</UL>
<BR>[Calls]<UL><LI><a href="#[d7]">&gt;&gt;</a>&nbsp;&nbsp;&nbsp;__aeabi_memclr4
</UL>
<BR>[Called By]<UL><LI><a href="#[168]">&gt;&gt;</a>&nbsp;&nbsp;&nbsp;arm_2d_init
</UL>

<P><STRONG><a name="[169]"></a>arm_2d_is_point_inside_region</STRONG> (Thumb, 218 bytes, Stack size 16 bytes, lto-llvm-1ddb82.o(.text.arm_2d_is_point_inside_region))
<BR><BR>[Stack]<UL><LI>Max Depth = 92<LI>Call Chain = arm_2d_is_point_inside_region &rArr; __aeabi_assert &rArr; fputs &rArr; fputc &rArr; stdout_putchar
</UL>
<BR>[Calls]<UL><LI><a href="#[79]">&gt;&gt;</a>&nbsp;&nbsp;&nbsp;__aeabi_assert
</UL>
<BR>[Called By]<UL><LI><a href="#[bd]">&gt;&gt;</a>&nbsp;&nbsp;&nbsp;arm_2d_is_region_inside_target
</UL>

<P><STRONG><a name="[134]"></a>__disp_adapter0_user_draw_navigation</STRONG> (Thumb, 14 bytes, Stack size 12 bytes, lto-llvm-1ddb82.o(.text.__disp_adapter0_user_draw_navigation))
<BR><BR>[Stack]<UL><LI>Max Depth = 12<LI>Call Chain = __disp_adapter0_user_draw_navigation
</UL>
<BR>[Called By]<UL><LI><a href="#[44]">&gt;&gt;</a>&nbsp;&nbsp;&nbsp;__disp_adapter0_draw_navigation
</UL>

<P><STRONG><a name="[4e]"></a>__disp_adapter0_pfb_render_handler</STRONG> (Thumb, 68 bytes, Stack size 32 bytes, lto-llvm-1ddb82.o(.text.__disp_adapter0_pfb_render_handler))
<BR><BR>[Stack]<UL><LI>Max Depth = 204<LI>Call Chain = __disp_adapter0_pfb_render_handler &rArr; Disp0_DrawBitmap &rArr; LCD_ShowPicture &rArr; LCD_Address_Set &rArr; LCD_WR_REG &rArr; LCD_Writ_Bus &rArr; spi_write_read_byte &rArr; spi_i2s_flag_get
</UL>
<BR>[Calls]<UL><LI><a href="#[bb]">&gt;&gt;</a>&nbsp;&nbsp;&nbsp;__arm_2d_helper_pfb_report_rendering_complete
<LI><a href="#[7a]">&gt;&gt;</a>&nbsp;&nbsp;&nbsp;Disp0_DrawBitmap
</UL>
<BR>[Address Reference Count : 1]<UL><LI> lto-llvm-1ddb82.o(.rodata..L__const.__user_scene_player_init.tCFG)
</UL>
<P><STRONG><a name="[146]"></a>__disp_adapter0_user_on_frame_complete</STRONG> (Thumb, 12 bytes, Stack size 8 bytes, lto-llvm-1ddb82.o(.text.__disp_adapter0_user_on_frame_complete))
<BR><BR>[Stack]<UL><LI>Max Depth = 8<LI>Call Chain = __disp_adapter0_user_on_frame_complete
</UL>
<BR>[Called By]<UL><LI><a href="#[4f]">&gt;&gt;</a>&nbsp;&nbsp;&nbsp;__on_each_frame_complete
</UL>

<P><STRONG><a name="[186]"></a>disp_adapter0_navigator_init</STRONG> (Thumb, 8 bytes, Stack size 8 bytes, lto-llvm-1ddb82.o(.text.disp_adapter0_navigator_init))
<BR><BR>[Stack]<UL><LI>Max Depth = 204<LI>Call Chain = disp_adapter0_navigator_init &rArr; __arm_2d_scene_player_register_on_draw_navigation_event_handler &rArr; arm_2d_helper_pfb_update_dependency &rArr; __aeabi_assert &rArr; fputs &rArr; fputc &rArr; stdout_putchar
</UL>
<BR>[Calls]<UL><LI><a href="#[10b]">&gt;&gt;</a>&nbsp;&nbsp;&nbsp;__arm_2d_scene_player_register_on_draw_navigation_event_handler
</UL>
<BR>[Called By]<UL><LI><a href="#[185]">&gt;&gt;</a>&nbsp;&nbsp;&nbsp;disp_adapter0_init
</UL>

<P><STRONG><a name="[14d]"></a>__user_scene_player_init</STRONG> (Thumb, 138 bytes, Stack size 104 bytes, lto-llvm-1ddb82.o(.text.__user_scene_player_init))
<BR><BR>[Stack]<UL><LI>Max Depth = 364<LI>Call Chain = __user_scene_player_init &rArr; arm_2d_helper_pfb_init &rArr; arm_2d_helper_init &rArr; arm_2d_helper_built_in_init &rArr; busy_wheel_init &rArr; arm_cos_f32
</UL>
<BR>[Calls]<UL><LI><a href="#[14e]">&gt;&gt;</a>&nbsp;&nbsp;&nbsp;__aeabi_memcpy4
<LI><a href="#[105]">&gt;&gt;</a>&nbsp;&nbsp;&nbsp;__aeabi_memclr8
<LI><a href="#[14f]">&gt;&gt;</a>&nbsp;&nbsp;&nbsp;arm_2d_helper_pfb_init
<LI><a href="#[150]">&gt;&gt;</a>&nbsp;&nbsp;&nbsp;arm_lcd_text_init
<LI><a href="#[79]">&gt;&gt;</a>&nbsp;&nbsp;&nbsp;__aeabi_assert
</UL>
<BR>[Called By]<UL><LI><a href="#[185]">&gt;&gt;</a>&nbsp;&nbsp;&nbsp;disp_adapter0_init
</UL>

<P><STRONG><a name="[0]"></a>__pfb_draw_handler</STRONG> (Thumb, 254 bytes, Stack size 72 bytes, lto-llvm-1ddb82.o(.text.__pfb_draw_handler))
<BR><BR>[Stack]<UL><LI>Max Depth = 1580<LI>Call Chain = __pfb_draw_handler &rArr; __draw_round_corner_box &rArr; arm_2dp_rgb565_fill_colour_with_mask_and_opacity &rArr; __arm_2d_op_invoke &rArr; __arm_2d_op_frontend &rArr; __arm_2d_op_frontend_op_decoder &rArr; __arm_2d_op_frontend_region_process_with_src &rArr; __tile_clipped_pave &rArr; __arm_2d_region_calculator &rArr; __arm_2d_issue_sub_task_copy_origin_masks &rArr; __arm_2d_sub_task_depose &rArr; __depose_virtual_resource &rArr; __arm_2d_tile_get_root &rArr; __arm_2d_tile_get_1st_derived_child_or_root &rArr; arm_2d_region_intersect &rArr; __aeabi_assert &rArr; fputs &rArr; fputc &rArr; stdout_putchar
</UL>
<BR>[Calls]<UL><LI><a href="#[149]">&gt;&gt;</a>&nbsp;&nbsp;&nbsp;busy_wheel2_show
<LI><a href="#[143]">&gt;&gt;</a>&nbsp;&nbsp;&nbsp;__draw_round_corner_box
<LI><a href="#[104]">&gt;&gt;</a>&nbsp;&nbsp;&nbsp;arm_2d_op_wait_async.specialized.1
</UL>
<BR>[Address Reference Count : 1]<UL><LI> lto-llvm-1ddb82.o(.data.disp_adapter0_init.s_tScenes)
</UL>
<P><STRONG><a name="[1]"></a>__on_frame_start</STRONG> (Thumb, 8 bytes, Stack size 4 bytes, lto-llvm-1ddb82.o(.text.__on_frame_start))
<BR><BR>[Stack]<UL><LI>Max Depth = 4<LI>Call Chain = __on_frame_start
</UL>
<BR>[Address Reference Count : 1]<UL><LI> lto-llvm-1ddb82.o(.data.disp_adapter0_init.s_tScenes)
</UL>
<P><STRONG><a name="[2]"></a>__on_frame_complete</STRONG> (Thumb, 8 bytes, Stack size 4 bytes, lto-llvm-1ddb82.o(.text.__on_frame_complete))
<BR><BR>[Stack]<UL><LI>Max Depth = 4<LI>Call Chain = __on_frame_complete
</UL>
<BR>[Address Reference Count : 1]<UL><LI> lto-llvm-1ddb82.o(.data.disp_adapter0_init.s_tScenes)
</UL>
<P><STRONG><a name="[4f]"></a>__on_each_frame_complete</STRONG> (Thumb, 576 bytes, Stack size 56 bytes, lto-llvm-1ddb82.o(.text.__on_each_frame_complete))
<BR><BR>[Stack]<UL><LI>Max Depth = 140<LI>Call Chain = __on_each_frame_complete &rArr; arm_2d_helper_is_frame_skipped &rArr; __aeabi_assert &rArr; fputs &rArr; fputc &rArr; stdout_putchar
</UL>
<BR>[Calls]<UL><LI><a href="#[67]">&gt;&gt;</a>&nbsp;&nbsp;&nbsp;__aeabi_ddiv
<LI><a href="#[68]">&gt;&gt;</a>&nbsp;&nbsp;&nbsp;__aeabi_uldivmod
<LI><a href="#[78]">&gt;&gt;</a>&nbsp;&nbsp;&nbsp;__aeabi_d2f
<LI><a href="#[76]">&gt;&gt;</a>&nbsp;&nbsp;&nbsp;__aeabi_l2d
<LI><a href="#[77]">&gt;&gt;</a>&nbsp;&nbsp;&nbsp;__aeabi_ul2d
<LI><a href="#[146]">&gt;&gt;</a>&nbsp;&nbsp;&nbsp;__disp_adapter0_user_on_frame_complete
<LI><a href="#[145]">&gt;&gt;</a>&nbsp;&nbsp;&nbsp;arm_2d_helper_is_frame_skipped
<LI><a href="#[a7]">&gt;&gt;</a>&nbsp;&nbsp;&nbsp;arm_2d_helper_get_system_timestamp
</UL>
<BR>[Address Reference Count : 1]<UL><LI> lto-llvm-1ddb82.o(.rodata..L__const.__user_scene_player_init.tCFG)
</UL>
<P><STRONG><a name="[52]"></a>__utf8_a1_font_get_char_descriptor.678</STRONG> (Thumb, 302 bytes, Stack size 48 bytes, lto-llvm-1ddb82.o(.text.__utf8_a1_font_get_char_descriptor.678))
<BR><BR>[Stack]<UL><LI>Max Depth = 124<LI>Call Chain = __utf8_a1_font_get_char_descriptor.678 &rArr; __aeabi_assert &rArr; fputs &rArr; fputc &rArr; stdout_putchar
</UL>
<BR>[Calls]<UL><LI><a href="#[151]">&gt;&gt;</a>&nbsp;&nbsp;&nbsp;strncmp
<LI><a href="#[79]">&gt;&gt;</a>&nbsp;&nbsp;&nbsp;__aeabi_assert
</UL>
<BR>[Address Reference Count : 1]<UL><LI> lto-llvm-1ddb82.o(.rodata.ARM_2D_FONT_SQUARE_DIGITS_24_A1)
</UL>
<P><STRONG><a name="[3f]"></a>__pfb_draw_scene_mono_clock_handler</STRONG> (Thumb, 2872 bytes, Stack size 344 bytes, lto-llvm-1ddb82.o(.text.__pfb_draw_scene_mono_clock_handler))
<BR><BR>[Stack]<UL><LI>Max Depth = 1612<LI>Call Chain = __pfb_draw_scene_mono_clock_handler &rArr; arm_lcd_printf &rArr; arm_lcd_puts &rArr; lcd_draw_char &rArr; arm_2dp_rgb16_draw_pattern &rArr; __arm_2d_op_invoke &rArr; __arm_2d_op_frontend &rArr; __arm_2d_op_frontend_op_decoder &rArr; __arm_2d_op_frontend_region_process_with_src &rArr; __tile_clipped_pave &rArr; __arm_2d_region_calculator &rArr; __arm_2d_issue_sub_task_copy_origin_masks &rArr; __arm_2d_sub_task_depose &rArr; __depose_virtual_resource &rArr; __arm_2d_tile_get_root &rArr; __arm_2d_tile_get_1st_derived_child_or_root &rArr; arm_2d_region_intersect &rArr; __aeabi_assert &rArr; fputs &rArr; fputc &rArr; stdout_putchar
</UL>
<BR>[Calls]<UL><LI><a href="#[140]">&gt;&gt;</a>&nbsp;&nbsp;&nbsp;arm_lcd_printf
<LI><a href="#[14a]">&gt;&gt;</a>&nbsp;&nbsp;&nbsp;arm_lcd_puts
<LI><a href="#[102]">&gt;&gt;</a>&nbsp;&nbsp;&nbsp;__arm_lcd_get_string_line_box
<LI><a href="#[103]">&gt;&gt;</a>&nbsp;&nbsp;&nbsp;arm_lcd_text_set_font
<LI><a href="#[13a]">&gt;&gt;</a>&nbsp;&nbsp;&nbsp;arm_lcd_text_set_draw_region
<LI><a href="#[14c]">&gt;&gt;</a>&nbsp;&nbsp;&nbsp;arm_lcd_text_force_char_use_same_width
<LI><a href="#[101]">&gt;&gt;</a>&nbsp;&nbsp;&nbsp;arm_lcd_text_set_scale
<LI><a href="#[138]">&gt;&gt;</a>&nbsp;&nbsp;&nbsp;arm_lcd_text_set_display_mode
<LI><a href="#[139]">&gt;&gt;</a>&nbsp;&nbsp;&nbsp;arm_lcd_text_set_target_framebuffer
<LI><a href="#[13c]">&gt;&gt;</a>&nbsp;&nbsp;&nbsp;arm_lcd_text_set_colour
<LI><a href="#[14b]">&gt;&gt;</a>&nbsp;&nbsp;&nbsp;arm_lcd_text_reset_display_region_tracking
<LI><a href="#[104]">&gt;&gt;</a>&nbsp;&nbsp;&nbsp;arm_2d_op_wait_async.specialized.1
</UL>
<BR>[Address Reference Count : 1]<UL><LI> lto-llvm-1ddb82.o(.text.__arm_2d_scene_mono_clock_init)
</UL>
<P><STRONG><a name="[40]"></a>__on_scene_mono_clock_load</STRONG> (Thumb, 12 bytes, Stack size 8 bytes, lto-llvm-1ddb82.o(.text.__on_scene_mono_clock_load))
<BR><BR>[Stack]<UL><LI>Max Depth = 8<LI>Call Chain = __on_scene_mono_clock_load
</UL>
<BR>[Address Reference Count : 1]<UL><LI> lto-llvm-1ddb82.o(.text.__arm_2d_scene_mono_clock_init)
</UL>
<P><STRONG><a name="[41]"></a>__on_scene_mono_clock_frame_start</STRONG> (Thumb, 338 bytes, Stack size 40 bytes, lto-llvm-1ddb82.o(.text.__on_scene_mono_clock_frame_start))
<BR><BR>[Stack]<UL><LI>Max Depth = 148<LI>Call Chain = __on_scene_mono_clock_frame_start &rArr; arm_2d_dirty_region_item_ignore_set &rArr; __aeabi_assert &rArr; fputs &rArr; fputc &rArr; stdout_putchar
</UL>
<BR>[Calls]<UL><LI><a href="#[72]">&gt;&gt;</a>&nbsp;&nbsp;&nbsp;__aeabi_ldivmod
<LI><a href="#[147]">&gt;&gt;</a>&nbsp;&nbsp;&nbsp;arm_2d_dirty_region_item_ignore_set
<LI><a href="#[13f]">&gt;&gt;</a>&nbsp;&nbsp;&nbsp;arm_2d_helper_convert_ticks_to_ms
<LI><a href="#[a7]">&gt;&gt;</a>&nbsp;&nbsp;&nbsp;arm_2d_helper_get_system_timestamp
</UL>
<BR>[Address Reference Count : 1]<UL><LI> lto-llvm-1ddb82.o(.text.__arm_2d_scene_mono_clock_init)
</UL>
<P><STRONG><a name="[42]"></a>__on_scene_mono_clock_frame_complete</STRONG> (Thumb, 12 bytes, Stack size 8 bytes, lto-llvm-1ddb82.o(.text.__on_scene_mono_clock_frame_complete))
<BR><BR>[Stack]<UL><LI>Max Depth = 8<LI>Call Chain = __on_scene_mono_clock_frame_complete
</UL>
<BR>[Address Reference Count : 1]<UL><LI> lto-llvm-1ddb82.o(.text.__arm_2d_scene_mono_clock_init)
</UL>
<P><STRONG><a name="[43]"></a>__on_scene_mono_clock_depose</STRONG> (Thumb, 126 bytes, Stack size 32 bytes, lto-llvm-1ddb82.o(.text.__on_scene_mono_clock_depose))
<BR><BR>[Stack]<UL><LI>Max Depth = 56<LI>Call Chain = __on_scene_mono_clock_depose &rArr; __arm_2d_free_scratch_memory &rArr; free
</UL>
<BR>[Calls]<UL><LI><a href="#[9a]">&gt;&gt;</a>&nbsp;&nbsp;&nbsp;__arm_2d_free_scratch_memory
</UL>
<BR>[Address Reference Count : 1]<UL><LI> lto-llvm-1ddb82.o(.text.__arm_2d_scene_mono_clock_init)
</UL>
<P><STRONG><a name="[188]"></a>stdout_putchar</STRONG> (Thumb, 12 bytes, Stack size 4 bytes, lto-llvm-1ddb82.o(.text.stdout_putchar))
<BR><BR>[Stack]<UL><LI>Max Depth = 4<LI>Call Chain = stdout_putchar
</UL>
<BR>[Called By]<UL><LI><a href="#[187]">&gt;&gt;</a>&nbsp;&nbsp;&nbsp;fputc
</UL>

<P><STRONG><a name="[94]"></a>abort</STRONG> (Thumb, 4 bytes, Stack size 0 bytes, lto-llvm-1ddb82.o(.text.abort))
<BR><BR>[Called By]<UL><LI><a href="#[79]">&gt;&gt;</a>&nbsp;&nbsp;&nbsp;__aeabi_assert
</UL>

<P><STRONG><a name="[5b]"></a>__perf_counter_init</STRONG> (Thumb, 8 bytes, Stack size 8 bytes, lto-llvm-1ddb82.o(.text.__perf_counter_init))
<BR><BR>[Stack]<UL><LI>Max Depth = 96<LI>Call Chain = __perf_counter_init &rArr; init_cycle_counter &rArr; update_perf_counter &rArr; get_system_ticks &rArr; check_systick
</UL>
<BR>[Calls]<UL><LI><a href="#[148]">&gt;&gt;</a>&nbsp;&nbsp;&nbsp;init_cycle_counter
</UL>
<BR>[Address Reference Count : 1]<UL><LI> lto-llvm-1ddb82.o(.init_array)
</UL>
<P><STRONG><a name="[189]"></a>perfc_port_disable_global_interrupt</STRONG> (Thumb, 20 bytes, Stack size 8 bytes, lto-llvm-1ddb82.o(.text.perfc_port_disable_global_interrupt))
<BR><BR>[Stack]<UL><LI>Max Depth = 8<LI>Call Chain = perfc_port_disable_global_interrupt
</UL>
<BR>[Called By]<UL><LI><a href="#[3d]">&gt;&gt;</a>&nbsp;&nbsp;&nbsp;perfc_port_insert_to_system_timer_insert_ovf_handler
<LI><a href="#[18d]">&gt;&gt;</a>&nbsp;&nbsp;&nbsp;update_perf_counter
<LI><a href="#[162]">&gt;&gt;</a>&nbsp;&nbsp;&nbsp;get_system_ticks
<LI><a href="#[148]">&gt;&gt;</a>&nbsp;&nbsp;&nbsp;init_cycle_counter
</UL>

<P><STRONG><a name="[18b]"></a>perfc_port_init_system_timer</STRONG> (Thumb, 100 bytes, Stack size 24 bytes, lto-llvm-1ddb82.o(.text.perfc_port_init_system_timer))
<BR><BR>[Stack]<UL><LI>Max Depth = 32<LI>Call Chain = perfc_port_init_system_timer &rArr; perfc_port_resume_global_interrupt.816
</UL>
<BR>[Calls]<UL><LI><a href="#[1a5]">&gt;&gt;</a>&nbsp;&nbsp;&nbsp;perfc_port_resume_global_interrupt.816
<LI><a href="#[1a4]">&gt;&gt;</a>&nbsp;&nbsp;&nbsp;perfc_port_disable_global_interrupt.815
</UL>
<BR>[Called By]<UL><LI><a href="#[148]">&gt;&gt;</a>&nbsp;&nbsp;&nbsp;init_cycle_counter
</UL>

<P><STRONG><a name="[18c]"></a>perfc_port_clear_system_timer_ovf_pending</STRONG> (Thumb, 16 bytes, Stack size 0 bytes, lto-llvm-1ddb82.o(.text.perfc_port_clear_system_timer_ovf_pending))
<BR><BR>[Called By]<UL><LI><a href="#[148]">&gt;&gt;</a>&nbsp;&nbsp;&nbsp;init_cycle_counter
</UL>

<P><STRONG><a name="[18a]"></a>perfc_port_resume_global_interrupt</STRONG> (Thumb, 18 bytes, Stack size 8 bytes, lto-llvm-1ddb82.o(.text.perfc_port_resume_global_interrupt))
<BR><BR>[Stack]<UL><LI>Max Depth = 8<LI>Call Chain = perfc_port_resume_global_interrupt
</UL>
<BR>[Called By]<UL><LI><a href="#[3d]">&gt;&gt;</a>&nbsp;&nbsp;&nbsp;perfc_port_insert_to_system_timer_insert_ovf_handler
<LI><a href="#[18d]">&gt;&gt;</a>&nbsp;&nbsp;&nbsp;update_perf_counter
<LI><a href="#[162]">&gt;&gt;</a>&nbsp;&nbsp;&nbsp;get_system_ticks
<LI><a href="#[148]">&gt;&gt;</a>&nbsp;&nbsp;&nbsp;init_cycle_counter
</UL>

<P><STRONG><a name="[18d]"></a>update_perf_counter</STRONG> (Thumb, 154 bytes, Stack size 24 bytes, lto-llvm-1ddb82.o(.text.update_perf_counter))
<BR><BR>[Stack]<UL><LI>Max Depth = 64<LI>Call Chain = update_perf_counter &rArr; get_system_ticks &rArr; check_systick
</UL>
<BR>[Calls]<UL><LI><a href="#[18a]">&gt;&gt;</a>&nbsp;&nbsp;&nbsp;perfc_port_resume_global_interrupt
<LI><a href="#[189]">&gt;&gt;</a>&nbsp;&nbsp;&nbsp;perfc_port_disable_global_interrupt
<LI><a href="#[162]">&gt;&gt;</a>&nbsp;&nbsp;&nbsp;get_system_ticks
<LI><a href="#[161]">&gt;&gt;</a>&nbsp;&nbsp;&nbsp;perfc_port_get_system_timer_freq
</UL>
<BR>[Called By]<UL><LI><a href="#[148]">&gt;&gt;</a>&nbsp;&nbsp;&nbsp;init_cycle_counter
</UL>

<P><STRONG><a name="[179]"></a>check_systick</STRONG> (Thumb, 60 bytes, Stack size 16 bytes, lto-llvm-1ddb82.o(.text.check_systick))
<BR><BR>[Stack]<UL><LI>Max Depth = 16<LI>Call Chain = check_systick
</UL>
<BR>[Calls]<UL><LI><a href="#[17c]">&gt;&gt;</a>&nbsp;&nbsp;&nbsp;perfc_port_get_system_timer_top
<LI><a href="#[17b]">&gt;&gt;</a>&nbsp;&nbsp;&nbsp;perfc_port_is_system_timer_ovf_pending
<LI><a href="#[17a]">&gt;&gt;</a>&nbsp;&nbsp;&nbsp;perfc_port_get_system_timer_elapsed
</UL>
<BR>[Called By]<UL><LI><a href="#[162]">&gt;&gt;</a>&nbsp;&nbsp;&nbsp;get_system_ticks
</UL>

<P><STRONG><a name="[17a]"></a>perfc_port_get_system_timer_elapsed</STRONG> (Thumb, 32 bytes, Stack size 0 bytes, lto-llvm-1ddb82.o(.text.perfc_port_get_system_timer_elapsed))
<BR><BR>[Called By]<UL><LI><a href="#[179]">&gt;&gt;</a>&nbsp;&nbsp;&nbsp;check_systick
</UL>

<P><STRONG><a name="[17b]"></a>perfc_port_is_system_timer_ovf_pending</STRONG> (Thumb, 16 bytes, Stack size 0 bytes, lto-llvm-1ddb82.o(.text.perfc_port_is_system_timer_ovf_pending))
<BR><BR>[Called By]<UL><LI><a href="#[179]">&gt;&gt;</a>&nbsp;&nbsp;&nbsp;check_systick
</UL>

<P><STRONG><a name="[17c]"></a>perfc_port_get_system_timer_top</STRONG> (Thumb, 14 bytes, Stack size 0 bytes, lto-llvm-1ddb82.o(.text.perfc_port_get_system_timer_top))
<BR><BR>[Called By]<UL><LI><a href="#[3d]">&gt;&gt;</a>&nbsp;&nbsp;&nbsp;perfc_port_insert_to_system_timer_insert_ovf_handler
<LI><a href="#[179]">&gt;&gt;</a>&nbsp;&nbsp;&nbsp;check_systick
</UL>

<P><STRONG><a name="[1a4]"></a>perfc_port_disable_global_interrupt.815</STRONG> (Thumb, 20 bytes, Stack size 8 bytes, lto-llvm-1ddb82.o(.text.perfc_port_disable_global_interrupt.815))
<BR><BR>[Stack]<UL><LI>Max Depth = 8<LI>Call Chain = perfc_port_disable_global_interrupt.815
</UL>
<BR>[Called By]<UL><LI><a href="#[18b]">&gt;&gt;</a>&nbsp;&nbsp;&nbsp;perfc_port_init_system_timer
</UL>

<P><STRONG><a name="[1a5]"></a>perfc_port_resume_global_interrupt.816</STRONG> (Thumb, 18 bytes, Stack size 8 bytes, lto-llvm-1ddb82.o(.text.perfc_port_resume_global_interrupt.816))
<BR><BR>[Stack]<UL><LI>Max Depth = 8<LI>Call Chain = perfc_port_resume_global_interrupt.816
</UL>
<BR>[Called By]<UL><LI><a href="#[18b]">&gt;&gt;</a>&nbsp;&nbsp;&nbsp;perfc_port_init_system_timer
</UL>
<P>
<H3>
Undefined Global Symbols
</H3><HR></body></html>
