Component: Arm Compiler for Embedded 6.22 Tool: armlink [5ee90200]

==============================================================================

Section Cross References

    startup_at32m412_416.o(RESET) refers to startup_at32m412_416.o(STACK) for __initial_sp
    startup_at32m412_416.o(RESET) refers to startup_at32m412_416.o(.text) for Reset_Handler
    startup_at32m412_416.o(RESET) refers to lto-llvm-1ddb82.o(.text.NMI_Handler) for NMI_Handler
    startup_at32m412_416.o(RESET) refers to lto-llvm-1ddb82.o(.text.HardFault_Handler) for HardFault_Handler
    startup_at32m412_416.o(RESET) refers to lto-llvm-1ddb82.o(.text.MemManage_Handler) for MemManage_Handler
    startup_at32m412_416.o(RESET) refers to lto-llvm-1ddb82.o(.text.BusFault_Handler) for BusFault_Handler
    startup_at32m412_416.o(RESET) refers to lto-llvm-1ddb82.o(.text.UsageFault_Handler) for UsageFault_Handler
    startup_at32m412_416.o(RESET) refers to lto-llvm-1ddb82.o(.text.SVC_Handler) for SVC_Handler
    startup_at32m412_416.o(RESET) refers to lto-llvm-1ddb82.o(.text.DebugMon_Handler) for DebugMon_Handler
    startup_at32m412_416.o(RESET) refers to lto-llvm-1ddb82.o(.text.PendSV_Handler) for PendSV_Handler
    startup_at32m412_416.o(RESET) refers to systick_wrapper_gnu.o(.text) for SysTick_Handler
    startup_at32m412_416.o(RESET) refers to lto-llvm-1ddb82.o(.text.USART1_IRQHandler) for USART1_IRQHandler
    startup_at32m412_416.o(RESET) refers to at32_usart.o(.text.USART2_IRQHandler) for USART2_IRQHandler
    startup_at32m412_416.o(.text) refers to lto-llvm-1ddb82.o(.text.SystemInit) for SystemInit
    startup_at32m412_416.o(.text) refers to entry.o(.ARM.Collect$$$$00000000) for __main
    at32_usart.o(.text.BSP_UsartInit) refers to at32_usart.o(.bss.tUsart2Buffer) for tUsart2Buffer
    at32_usart.o(.text.BSP_UsartInit) refers to at32_usart.o(.bss.chUsart2RxBuffer) for chUsart2RxBuffer
    at32_usart.o(.text.BSP_UsartInit) refers to util_queue.o(.text.queue_init) for queue_init
    at32_usart.o(.text.BSP_UsartInit) refers to at32_usart.o(.bss.chUsart2TxBuffer) for chUsart2TxBuffer
    at32_usart.o(.ARM.exidx.text.BSP_UsartInit) refers to at32_usart.o(.text.BSP_UsartInit) for [Anonymous Symbol]
    at32_usart.o(.text.usart_sendData) refers to at32_usart.o(.bss.tUsart2Buffer) for tUsart2Buffer
    at32_usart.o(.text.usart_sendData) refers to at32_usart.o(.bss.tUsart1Buffer) for tUsart1Buffer
    at32_usart.o(.text.usart_sendData) refers to at32_usart.o(.bss.tUsart3Buffer) for tUsart3Buffer
    at32_usart.o(.text.usart_sendData) refers to util_queue.o(.text.queue_write) for queue_write
    at32_usart.o(.text.usart_sendData) refers to util_queue.o(.text.queue_read) for queue_read
    at32_usart.o(.text.usart_sendData) refers to lto-llvm-1ddb82.o(.text.usart_data_transmit) for usart_data_transmit
    at32_usart.o(.ARM.exidx.text.usart_sendData) refers to at32_usart.o(.text.usart_sendData) for [Anonymous Symbol]
    at32_usart.o(.text.usart_receiveData) refers to at32_usart.o(.bss.tUsart2Buffer) for tUsart2Buffer
    at32_usart.o(.text.usart_receiveData) refers to at32_usart.o(.bss.tUsart1Buffer) for tUsart1Buffer
    at32_usart.o(.text.usart_receiveData) refers to at32_usart.o(.bss.tUsart3Buffer) for tUsart3Buffer
    at32_usart.o(.text.usart_receiveData) refers to util_queue.o(.text.queue_read) for queue_read
    at32_usart.o(.ARM.exidx.text.usart_receiveData) refers to at32_usart.o(.text.usart_receiveData) for [Anonymous Symbol]
    at32_usart.o(.text.USART2_TimeOutCounter) refers to at32_usart.o(.bss.tUsart2Buffer) for tUsart2Buffer
    at32_usart.o(.ARM.exidx.text.USART2_TimeOutCounter) refers to at32_usart.o(.text.USART2_TimeOutCounter) for [Anonymous Symbol]
    at32_usart.o(.text.USART2_IRQHandler) refers to lto-llvm-1ddb82.o(.text.usart_flag_get) for usart_flag_get
    at32_usart.o(.text.USART2_IRQHandler) refers to lto-llvm-1ddb82.o(.text.usart_data_receive) for usart_data_receive
    at32_usart.o(.text.USART2_IRQHandler) refers to at32_usart.o(.bss.tUsart2Buffer) for tUsart2Buffer
    at32_usart.o(.text.USART2_IRQHandler) refers to util_queue.o(.text.queue_write) for queue_write
    at32_usart.o(.text.USART2_IRQHandler) refers to lto-llvm-1ddb82.o(.text.usart_flag_clear) for usart_flag_clear
    at32_usart.o(.text.USART2_IRQHandler) refers to util_queue.o(.text.queue_read) for queue_read
    at32_usart.o(.text.USART2_IRQHandler) refers to lto-llvm-1ddb82.o(.text.usart_data_transmit) for usart_data_transmit
    at32_usart.o(.ARM.exidx.text.USART2_IRQHandler) refers to at32_usart.o(.text.USART2_IRQHandler) for [Anonymous Symbol]
    util_queue.o(.ARM.exidx.text.queue_init) refers to util_queue.o(.text.queue_init) for [Anonymous Symbol]
    util_queue.o(.text.queue_write) refers to util_queue.o(.text.queue_isFull) for queue_isFull
    util_queue.o(.ARM.exidx.text.queue_write) refers to util_queue.o(.text.queue_write) for [Anonymous Symbol]
[...]
    CAN1_ERR_IRQHandler                      0x080001ef   Thumb Code     0  startup_at32m412_416.o(.text)
    CAN1_RX_IRQHandler                       0x080001ef   Thumb Code     0  startup_at32m412_416.o(.text)
    CAN1_STAT_IRQHandler                     0x080001ef   Thumb Code     0  startup_at32m412_416.o(.text)
    CAN1_TX_IRQHandler                       0x080001ef   Thumb Code     0  startup_at32m412_416.o(.text)
    CMP2_1_IRQHandler                        0x080001ef   Thumb Code     0  startup_at32m412_416.o(.text)
    CRM_IRQHandler                           0x080001ef   Thumb Code     0  startup_at32m412_416.o(.text)
    DMA1_Channel1_IRQHandler                 0x080001ef   Thumb Code     0  startup_at32m412_416.o(.text)
    DMA1_Channel2_IRQHandler                 0x080001ef   Thumb Code     0  startup_at32m412_416.o(.text)
    DMA1_Channel3_IRQHandler                 0x080001ef   Thumb Code     0  startup_at32m412_416.o(.text)
    DMA1_Channel4_IRQHandler                 0x080001ef   Thumb Code     0  startup_at32m412_416.o(.text)
    DMA1_Channel5_IRQHandler                 0x080001ef   Thumb Code     0  startup_at32m412_416.o(.text)
    DMA1_Channel6_IRQHandler                 0x080001ef   Thumb Code     0  startup_at32m412_416.o(.text)
    DMA1_Channel7_IRQHandler                 0x080001ef   Thumb Code     0  startup_at32m412_416.o(.text)
    DMAMUX_IRQHandler                        0x080001ef   Thumb Code     0  startup_at32m412_416.o(.text)
    ERTCAlarm_IRQHandler                     0x080001ef   Thumb Code     0  startup_at32m412_416.o(.text)
    ERTC_WKUP_IRQHandler                     0x080001ef   Thumb Code     0  startup_at32m412_416.o(.text)
    EXINT0_IRQHandler                        0x080001ef   Thumb Code     0  startup_at32m412_416.o(.text)
    EXINT15_10_IRQHandler                    0x080001ef   Thumb Code     0  startup_at32m412_416.o(.text)
    EXINT1_IRQHandler                        0x080001ef   Thumb Code     0  startup_at32m412_416.o(.text)
    EXINT2_IRQHandler                        0x080001ef   Thumb Code     0  startup_at32m412_416.o(.text)
    EXINT3_IRQHandler                        0x080001ef   Thumb Code     0  startup_at32m412_416.o(.text)
    EXINT4_IRQHandler                        0x080001ef   Thumb Code     0  startup_at32m412_416.o(.text)
    EXINT9_5_IRQHandler                      0x080001ef   Thumb Code     0  startup_at32m412_416.o(.text)
    FLASH_IRQHandler                         0x080001ef   Thumb Code     0  startup_at32m412_416.o(.text)
    FPU_IRQHandler                           0x080001ef   Thumb Code     0  startup_at32m412_416.o(.text)
    I2C1_ERR_IRQHandler                      0x080001ef   Thumb Code     0  startup_at32m412_416.o(.text)
    I2C1_EVT_IRQHandler                      0x080001ef   Thumb Code     0  startup_at32m412_416.o(.text)
    I2C2_ERR_IRQHandler                      0x080001ef   Thumb Code     0  startup_at32m412_416.o(.text)
    I2C2_EVT_IRQHandler                      0x080001ef   Thumb Code     0  startup_at32m412_416.o(.text)
    PVM_IRQHandler                           0x080001ef   Thumb Code     0  startup_at32m412_416.o(.text)
    SPI1_IRQHandler                          0x080001ef   Thumb Code     0  startup_at32m412_416.o(.text)
    SPI2_IRQHandler                          0x080001ef   Thumb Code     0  startup_at32m412_416.o(.text)
    TAMP_STAMP_IRQHandler                    0x080001ef   Thumb Code     0  startup_at32m412_416.o(.text)
    TMR1_BRK_TMR9_IRQHandler                 0x080001ef   Thumb Code     0  startup_at32m412_416.o(.text)
    TMR1_CH_IRQHandler                       0x080001ef   Thumb Code     0  startup_at32m412_416.o(.text)
    TMR1_OVF_TMR10_IRQHandler                0x080001ef   Thumb Code     0  startup_at32m412_416.o(.text)
    TMR1_TRG_HALL_TMR11_IRQHandler           0x080001ef   Thumb Code     0  startup_at32m412_416.o(.text)
    TMR3_GLOBAL_IRQHandler                   0x080001ef   Thumb Code     0  startup_at32m412_416.o(.text)
    TMR4_GLOBAL_IRQHandler                   0x080001ef   Thumb Code     0  startup_at32m412_416.o(.text)
    TMR6_DAC_GLOBAL_IRQHandler               0x080001ef   Thumb Code     0  startup_at32m412_416.o(.text)
    TMR7_GLOBAL_IRQHandler                   0x080001ef   Thumb Code     0  startup_at32m412_416.o(.text)
    WWDT_IRQHandler                          0x080001ef   Thumb Code     0  startup_at32m412_416.o(.text)
    SysTick_Handler                          0x080001f9   Thumb Code     0  systick_wrapper_gnu.o(.text)
    __ensure_systick_wrapper                 0x0800020b   Thumb Code     0  systick_wrapper_gnu.o(.text)
    strncmp                                  0x08000215   Thumb Code    30  strncmp.o(.text)
    __aeabi_dadd                             0x08000233   Thumb Code   322  dadd.o(.text)
    __aeabi_dsub                             0x08000375   Thumb Code     6  dadd.o(.text)
    __aeabi_drsub                            0x0800037b   Thumb Code     6  dadd.o(.text)
    __aeabi_ddiv                             0x08000381   Thumb Code   222  ddiv.o(.text)
    __aeabi_uidiv                            0x0800045f   Thumb Code     0  uidiv.o(.text)
    __aeabi_uidivmod                         0x0800045f   Thumb Code    44  uidiv.o(.text)
    __aeabi_uldivmod                         0x0800048b   Thumb Code    98  uldiv.o(.text)
    __aeabi_llsl                             0x080004ed   Thumb Code    30  llshl.o(.text)
    _ll_shift_l                              0x080004ed   Thumb Code     0  llshl.o(.text)
    __aeabi_llsr                             0x0800050b   Thumb Code    32  llushr.o(.text)
    _ll_ushift_r                             0x0800050b   Thumb Code     0  llushr.o(.text)
    __aeabi_lasr                             0x0800052b   Thumb Code    36  llsshr.o(.text)
    _ll_sshift_r                             0x0800052b   Thumb Code     0  llsshr.o(.text)
    __aeabi_memcpy                           0x0800054f   Thumb Code    36  memcpya.o(.text)
    __aeabi_memcpy4                          0x0800054f   Thumb Code     0  memcpya.o(.text)
    __aeabi_memcpy8                          0x0800054f   Thumb Code     0  memcpya.o(.text)
    __I$use$fp                               0x08000573   Thumb Code     0  iusefp.o(.text)
    _frnd                                    0x08000573   Thumb Code    60  frnd.o(.text)
    _frem                                    0x080005af   Thumb Code    82  frem.o(.text)
    _double_round                            0x08000601   Thumb Code    30  depilogue.o(.text)
    _double_epilogue                         0x0800061f   Thumb Code   156  depilogue.o(.text)
    __aeabi_dmul                             0x080006bb   Thumb Code   228  dmul.o(.text)
    __aeabi_d2ulz                            0x0800079f   Thumb Code    48  dfixul.o(.text)
    _ffix_r                                  0x080007cf   Thumb Code    76  ffixir.o(.text)
    __aeabi_cdrcmple                         0x0800081d   Thumb Code    48  cdrcmple.o(.text)
    __scatterload                            0x0800084d   Thumb Code    38  init.o(.text)
    __scatterload_rt2                        0x0800084d   Thumb Code     0  init.o(.text)
    _float_round                             0x0800087d   Thumb Code    18  fepilogue.o(.text)
    _float_epilogue                          0x0800088f   Thumb Code    92  fepilogue.o(.text)
    __aeabi_ldivmod                          0x080008eb   Thumb Code    98  ldiv.o(.text)
    __aeabi_memset                           0x0800094d   Thumb Code    14  memseta.o(.text)
    __aeabi_memset4                          0x0800094d   Thumb Code     0  memseta.o(.text)
    __aeabi_memset8                          0x0800094d   Thumb Code     0  memseta.o(.text)
    __aeabi_memclr                           0x0800095b   Thumb Code     4  memseta.o(.text)
    __aeabi_memclr4                          0x0800095b   Thumb Code     0  memseta.o(.text)
    __aeabi_memclr8                          0x0800095b   Thumb Code     0  memseta.o(.text)
    _memset$wrapper                          0x0800095f   Thumb Code    18  memseta.o(.text)
    __cpp_initialize__aeabi_                 0x08000971   Thumb Code    32  cpp_init.o(.text)
    __aeabi_dcmpgt                           0x08000999   Thumb Code    54  dcmpgt.o(.text)
    __aeabi_l2d                              0x080009cf   Thumb Code    40  dfltl.o(.text)
    __aeabi_ul2d                             0x080009f7   Thumb Code    24  dfltul.o(.text)
    __aeabi_f2d                              0x08000a0f   Thumb Code    38  f2d.o(.text)
    __aeabi_d2f                              0x08000a35   Thumb Code    56  d2f.o(.text)
    __decompress                             0x08000a6d   Thumb Code     0  __dczerorl.o(.text)
    __decompress0                            0x08000a6d   Thumb Code    58  __dczerorl.o(.text)
    BusFault_Handler                         0x08000b71   Thumb Code     4  lto-llvm-1ddb82.o(.text.BusFault_Handler)
    DebugMon_Handler                         0x08000b75   Thumb Code     2  lto-llvm-1ddb82.o(.text.DebugMon_Handler)
    HardFault_Handler                        0x08000ba9   Thumb Code     4  lto-llvm-1ddb82.o(.text.HardFault_Handler)
    LCD_Address_Set                          0x08000bad   Thumb Code    74  lcd_init.o(.text.LCD_Address_Set)
    LCD_Clear                                0x08000bf9   Thumb Code    34  lcd.o(.text.LCD_Clear)
    LCD_Fill                                 0x08000c1d   Thumb Code   188  lcd.o(.text.LCD_Fill)
    LCD_Init                                 0x08000cd9   Thumb Code   664  lcd_init.o(.text.LCD_Init)
    LCD_ShowPicture                          0x08000f71   Thumb Code   180  lcd.o(.text.LCD_ShowPicture)
    LCD_WR_DATA                              0x08001025   Thumb Code    72  lcd_init.o(.text.LCD_WR_DATA)
    LCD_WR_DATA8                             0x0800106d   Thumb Code    20  lcd_init.o(.text.LCD_WR_DATA8)
    LCD_WR_REG                               0x08001081   Thumb Code    76  lcd_init.o(.text.LCD_WR_REG)
    LCD_Writ_Bus                             0x080010cd   Thumb Code    48  lcd_init.o(.text.LCD_Writ_Bus)
    LCD_WriteReg                             0x080010fd   Thumb Code    32  lcd_init.o(.text.LCD_WriteReg)
    LCD_direction                            0x0800111d   Thumb Code   168  lcd_init.o(.text.LCD_direction)
    MemManage_Handler                        0x080011c5   Thumb Code     4  lto-llvm-1ddb82.o(.text.MemManage_Handler)
    NMI_Handler                              0x080011c9   Thumb Code     2  lto-llvm-1ddb82.o(.text.NMI_Handler)
    PendSV_Handler                           0x08001295   Thumb Code     2  lto-llvm-1ddb82.o(.text.PendSV_Handler)
    SVC_Handler                              0x08001299   Thumb Code     2  lto-llvm-1ddb82.o(.text.SVC_Handler)
    $Super$$SysTick_Handler                  0x0800129d   Thumb Code    20  lto-llvm-1ddb82.o(.text.SysTick_Handler)
    SystemInit                               0x080012b1   Thumb Code   192  lto-llvm-1ddb82.o(.text.SystemInit)
    USART1_IRQHandler                        0x08001371   Thumb Code     2  lto-llvm-1ddb82.o(.text.USART1_IRQHandler)
    USART2_IRQHandler                        0x08001375   Thumb Code   194  at32_usart.o(.text.USART2_IRQHandler)
    UsageFault_Handler                       0x08001439   Thumb Code     4  lto-llvm-1ddb82.o(.text.UsageFault_Handler)
    XPT2046_TouchInit                        0x0800143d   Thumb Code     2  touch.o(.text.XPT2046_TouchInit)
    dma_channel_enable                       0x0800f9b5   Thumb Code    26  lto-llvm-1ddb82.o(.text.dma_channel_enable)
    dma_default_para_init                    0x0800f9d1   Thumb Code    50  lto-llvm-1ddb82.o(.text.dma_default_para_init)
    dma_flag_clear                           0x0800fa05   Thumb Code    20  lto-llvm-1ddb82.o(.text.dma_flag_clear)
    dma_flag_get                             0x0800fa19   Thumb Code    54  lto-llvm-1ddb82.o(.text.dma_flag_get)
    dma_init                                 0x0800fa51   Thumb Code   192  lto-llvm-1ddb82.o(.text.dma_init)
    dma_reset                                0x0800fb11   Thumb Code    88  lto-llvm-1ddb82.o(.text.dma_reset)
    fputc                                    0x0800fbad   Thumb Code    48  lto-llvm-1ddb82.o(.text.fputc)
    gpio_bits_reset                          0x0800fc65   Thumb Code    20  lto-llvm-1ddb82.o(.text.gpio_bits_reset)
    gpio_bits_set                            0x0800fc79   Thumb Code    20  lto-llvm-1ddb82.o(.text.gpio_bits_set)
    main                                     0x08010061   Thumb Code   276  lto-llvm-1ddb82.o(.text.main)
    perfc_port_insert_to_system_timer_insert_ovf_handler 0x080102c5   Thumb Code   286  lto-llvm-1ddb82.o(.text.perfc_port_insert_to_system_timer_insert_ovf_handler)
    queue_isEmpty                            0x080104d5   Thumb Code    22  util_queue.o(.text.queue_isEmpty)
    queue_isFull                             0x080104ed   Thumb Code    34  util_queue.o(.text.queue_isFull)
    queue_read                               0x08010511   Thumb Code    72  util_queue.o(.text.queue_read)
    queue_write                              0x08010559   Thumb Code    74  util_queue.o(.text.queue_write)
    spi_dma_write_bytes                      0x080106ad   Thumb Code   290  bsp_lcd_spi.o(.text.spi_dma_write_bytes)
    spi_dma_write_halfwords                  0x080107d1   Thumb Code   324  bsp_lcd_spi.o(.text.spi_dma_write_halfwords)
    spi_frame_bit_num_set                    0x08010941   Thumb Code    34  lto-llvm-1ddb82.o(.text.spi_frame_bit_num_set)
    spi_i2s_data_receive                     0x08010965   Thumb Code    14  lto-llvm-1ddb82.o(.text.spi_i2s_data_receive)
    spi_i2s_data_transmit                    0x08010975   Thumb Code    20  lto-llvm-1ddb82.o(.text.spi_i2s_data_transmit)
    spi_i2s_dma_receiver_enable              0x08010989   Thumb Code    26  lto-llvm-1ddb82.o(.text.spi_i2s_dma_receiver_enable)
    spi_i2s_dma_transmitter_enable           0x080109a5   Thumb Code    34  lto-llvm-1ddb82.o(.text.spi_i2s_dma_transmitter_enable)
    spi_i2s_flag_get                         0x080109c9   Thumb Code    48  lto-llvm-1ddb82.o(.text.spi_i2s_flag_get)
    spi_write_read_byte                      0x08010bf9   Thumb Code   178  bsp_lcd_spi.o(.text.spi_write_read_byte)
    usart_data_receive                       0x080113cd   Thumb Code    14  lto-llvm-1ddb82.o(.text.usart_data_receive)
    usart_data_transmit                      0x080113dd   Thumb Code    24  lto-llvm-1ddb82.o(.text.usart_data_transmit)
    usart_flag_clear                         0x08011421   Thumb Code    84  lto-llvm-1ddb82.o(.text.usart_flag_clear)
    usart_flag_get                           0x08011475   Thumb Code    42  lto-llvm-1ddb82.o(.text.usart_flag_get)
    wk_delay_ms                              0x080117a5   Thumb Code    52  lto-llvm-1ddb82.o(.text.wk_delay_ms)
    __0vsnprintf                             0x08011de5   Thumb Code    46  printfa.o(i.__0vsnprintf)
    __1vsnprintf                             0x08011de5   Thumb Code     0  printfa.o(i.__0vsnprintf)
    __2vsnprintf                             0x08011de5   Thumb Code     0  printfa.o(i.__0vsnprintf)
    __c89vsnprintf                           0x08011de5   Thumb Code     0  printfa.o(i.__0vsnprintf)
    vsnprintf                                0x08011de5   Thumb Code     0  printfa.o(i.__0vsnprintf)
    __hardfp_fmodf                           0x08011e19   Thumb Code   176  fmodf.o(i.__hardfp_fmodf)
    __hardfp_lroundf                         0x08011ec9   Thumb Code   194  lroundf.o(i.__hardfp_lroundf)
    __mathlib_flt_invalid                    0x08011f8d   Thumb Code    10  funder.o(i.__mathlib_flt_invalid)
    __scatterload_copy                       0x08011f9d   Thumb Code    14  handlers.o(i.__scatterload_copy)
    __scatterload_null                       0x08011fab   Thumb Code     2  handlers.o(i.__scatterload_null)
    __scatterload_zeroinit                   0x08011fad   Thumb Code    14  handlers.o(i.__scatterload_zeroinit)
    __set_errno                              0x08011fbd   Thumb Code     6  errno.o(i.__set_errno)
    fputs                                    0x08012891   Thumb Code    24  fputs.o(i.fputs)
    free                                     0x080128a9   Thumb Code    76  malloc.o(i.free)
    malloc                                   0x080128f9   Thumb Code    92  malloc.o(i.malloc)
    Region$$Table$$Base                      0x08014bc4   Number         0  anon$$obj.o(Region$$Table)
    Region$$Table$$Limit                     0x08014be4   Number         0  anon$$obj.o(Region$$Table)
    SHT$$INIT_ARRAY$$Base                    0x08015124   Number         0  lto-llvm-1ddb82.o(.init_array)
    SHT$$INIT_ARRAY$$Limit                   0x08015128   Number         0  cpp_init.o(.init_array)
    __stdout                                 0x20000000   Data           4  stdout.o(.data)
    __stderr                                 0x20000004   Data           4  stderr.o(.data)
    __microlib_freelist                      0x20000008   Data           4  mvars.o(.data)
    __microlib_freelist_initialised          0x2000000c   Data           4  mvars.o(.data)
    lcddev                                   0x200001e4   Data          14  lcd_init.o(.bss.lcddev)
    tUsart2Buffer                            0x20001ab0   Data          36  at32_usart.o(.bss.tUsart2Buffer)
    __heap_base                              0x20001af0   Data           0  startup_at32m412_416.o(HEAP)
    __heap_limit                             0x20002af0   Data           0  startup_at32m412_416.o(HEAP)
    __initial_sp                             0x20003af0   Data           0  startup_at32m412_416.o(STACK)



==============================================================================

Memory Map of the image

  Image Entry point : 0x080001bd

  Load Region LR_IROM1 (Base: 0x08000000, Size: 0x000152e8, Max: 0x00020000, ABSOLUTE, COMPRESSED[0x00015178])

    Execution Region ER_IROM1 (Exec base: 0x08000000, Load base: 0x08000000, Size: 0x00015128, Max: 0x00020000, ABSOLUTE)

    Exec Addr    Load Addr    Size         Type   Attr      Idx    E Section Name        Object

    0x08000000   0x08000000   0x000001bc   Data   RO           22    RESET               startup_at32m412_416.o
    0x080001bc   0x080001bc   0x00000000   Code   RO          394  * .ARM.Collect$$$$00000000  mc_w.l(entry.o)
    0x080001bc   0x080001bc   0x00000004   Code   RO          515    .ARM.Collect$$$$00000001  mc_w.l(entry2.o)
    0x080001c0   0x080001c0   0x00000004   Code   RO          518    .ARM.Collect$$$$00000004  mc_w.l(entry5.o)
    0x080001c4   0x080001c4   0x00000000   Code   RO          520    .ARM.Collect$$$$00000008  mc_w.l(entry7b.o)
    0x080001c4   0x080001c4   0x00000004   Code   RO          521    .ARM.Collect$$$$00000009  mc_w.l(entry8a.o)
    0x080001c8   0x080001c8   0x00000000   Code   RO          522    .ARM.Collect$$$$0000000A  mc_w.l(entry8b.o)
    0x080001c8   0x080001c8   0x00000008   Code   RO          523    .ARM.Collect$$$$0000000B  mc_w.l(entry9a.o)
    0x080001d0   0x080001d0   0x00000000   Code   RO          525    .ARM.Collect$$$$0000000D  mc_w.l(entry10a.o)
    0x080001d0   0x080001d0   0x00000000   Code   RO          527    .ARM.Collect$$$$0000000F  mc_w.l(entry11a.o)
    0x080001d0   0x080001d0   0x00000004   Code   RO          516    .ARM.Collect$$$$00002712  mc_w.l(entry2.o)
    0x080001d4   0x080001d4   0x00000024   Code   RO           23    .text               startup_at32m412_416.o
    0x080001f8   0x080001f8   0x0000001c   Code   RO          326    .text               systick_wrapper_gnu.o
    0x08000214   0x08000214   0x0000001e   Code   RO          414    .text               mc_w.l(strncmp.o)
    0x08000232   0x08000232   0x0000014e   Code   RO          472    .text               mf_w.l(dadd.o)
    0x08000380   0x08000380   0x000000de   Code   RO          474    .text               mf_w.l(ddiv.o)
    0x0800045e   0x0800045e   0x0000002c   Code   RO          538    .text               mc_w.l(uidiv.o)
    0x0800048a   0x0800048a   0x00000062   Code   RO          540    .text               mc_w.l(uldiv.o)
    0x080004ec   0x080004ec   0x0000001e   Code   RO          542    .text               mc_w.l(llshl.o)
    0x0800050a   0x0800050a   0x00000020   Code   RO          544    .text               mc_w.l(llushr.o)
    0x0800052a   0x0800052a   0x00000024   Code   RO          546    .text               mc_w.l(llsshr.o)
    0x0800054e   0x0800054e   0x00000024   Code   RO          548    .text               mc_w.l(memcpya.o)
    0x08000572   0x08000572   0x00000000   Code   RO          561    .text               mc_w.l(iusefp.o)
    0x08000572   0x08000572   0x0000003c   Code   RO          562    .text               mf_w.l(frnd.o)
    0x080005ae   0x080005ae   0x00000052   Code   RO          564    .text               mf_w.l(frem.o)
    0x08000600   0x08000600   0x000000ba   Code   RO          566    .text               mf_w.l(depilogue.o)
    0x080006ba   0x080006ba   0x000000e4   Code   RO          568    .text               mf_w.l(dmul.o)
    0x0800079e   0x0800079e   0x00000030   Code   RO          574    .text               mf_w.l(dfixul.o)
    0x080007ce   0x080007ce   0x0000004c   Code   RO          576    .text               mf_w.l(ffixir.o)
    0x0800081a   0x0800081a   0x00000002   PAD
    0x0800081c   0x0800081c   0x00000030   Code   RO          580    .text               mf_w.l(cdrcmple.o)
    0x0800084c   0x0800084c   0x00000030   Code   RO          584    .text               mc_w.l(init.o)
    0x0800087c   0x0800087c   0x0000006e   Code   RO          586    .text               mf_w.l(fepilogue.o)
    0x080008ea   0x080008ea   0x00000062   Code   RO         1390    .text               mc_w.l(ldiv.o)
    0x0800094c   0x0800094c   0x00000024   Code   RO         1392    .text               mc_w.l(memseta.o)
    0x08000970   0x08000970   0x00000028   Code   RO         1397    .text               mc_w.l(cpp_init.o)
    0x08000998   0x08000998   0x00000036   Code   RO         1399    .text               mf_w.l(dcmpgt.o)
    0x080009ce   0x080009ce   0x00000028   Code   RO         1401    .text               mf_w.l(dfltl.o)
    0x080009f6   0x080009f6   0x00000018   Code   RO         1403    .text               mf_w.l(dfltul.o)
    0x08000a0e   0x08000a0e   0x00000026   Code   RO         1405    .text               mf_w.l(f2d.o)
    0x08000a34   0x08000a34   0x00000038   Code   RO         1407    .text               mf_w.l(d2f.o)
    0x08000a6c   0x08000a6c   0x0000003a   Code   RO         1421    .text               mc_w.l(__dczerorl.o)
    0x08000aa6   0x08000aa6   0x00000002   PAD
    0x08000aa8   0x08000aa8   0x000000c8   Code   RO          873    .text.ARM_2D_A1_FONT_GET_CHAR_DESCRIPTOR_HANDLER  lto-llvm-1ddb82.o
    0x08000b70   0x08000b70   0x00000004   Code   RO          595    .text.BusFault_Handler  lto-llvm-1ddb82.o
    0x08000b74   0x08000b74   0x00000002   Code   RO          601    .text.DebugMon_Handler  lto-llvm-1ddb82.o
    0x08000b76   0x08000b76   0x00000002   PAD
    0x08000b78   0x08000b78   0x00000030   Code   RO          623    .text.Disp0_DrawBitmap  lto-llvm-1ddb82.o
    0x08000ba8   0x08000ba8   0x00000004   Code   RO          591    .text.HardFault_Handler  lto-llvm-1ddb82.o
    0x08000bac   0x08000bac   0x0000004a   Code   RO          138    .text.LCD_Address_Set  lcd_init.o
    0x08000bf6   0x08000bf6   0x00000002   PAD
    0x08000bf8   0x08000bf8   0x00000022   Code   RO           78    .text.LCD_Clear     lcd.o
    0x08000c1a   0x08000c1a   0x00000002   PAD
    0x08000c1c   0x08000c1c   0x000000bc   Code   RO           76    .text.LCD_Fill      lcd.o
    0x08000cd8   0x08000cd8   0x00000298   Code   RO          144    .text.LCD_Init      lcd_init.o
    0x08000f70   0x08000f70   0x000000b4   Code   RO          112    .text.LCD_ShowPicture  lcd.o
    0x08001024   0x08001024   0x00000048   Code   RO          134    .text.LCD_WR_DATA   lcd_init.o
    0x0800106c   0x0800106c   0x00000014   Code   RO          132    .text.LCD_WR_DATA8  lcd_init.o
    0x08001080   0x08001080   0x0000004c   Code   RO          136    .text.LCD_WR_REG    lcd_init.o
    0x080010cc   0x080010cc   0x00000030   Code   RO          130    .text.LCD_Writ_Bus  lcd_init.o
    0x080010fc   0x080010fc   0x00000020   Code   RO          140    .text.LCD_WriteReg  lcd_init.o
    0x0800111c   0x0800111c   0x000000a8   Code   RO          142    .text.LCD_direction  lcd_init.o
    0x080011c4   0x080011c4   0x00000004   Code   RO          593    .text.MemManage_Handler  lto-llvm-1ddb82.o
    0x080011c8   0x080011c8   0x00000002   Code   RO          589    .text.NMI_Handler   lto-llvm-1ddb82.o
    0x080011ca   0x080011ca   0x00000002   PAD
    0x080011cc   0x080011cc   0x00000064   Code   RO          617    .text.NVIC_EncodePriority  lto-llvm-1ddb82.o
    0x08001230   0x08001230   0x00000062   Code   RO          759    .text.NVIC_EncodePriority.104  lto-llvm-1ddb82.o
    0x08001292   0x08001292   0x00000002   PAD
    0x08001294   0x08001294   0x00000002   Code   RO          603    .text.PendSV_Handler  lto-llvm-1ddb82.o
    0x08001296   0x08001296   0x00000002   PAD
    0x08001298   0x08001298   0x00000002   Code   RO          599    .text.SVC_Handler   lto-llvm-1ddb82.o
    0x0800129a   0x0800129a   0x00000002   PAD
    0x0800129c   0x0800129c   0x00000014   Code   RO          605    .text.SysTick_Handler  lto-llvm-1ddb82.o
    0x080012b0   0x080012b0   0x000000c0   Code   RO          771    .text.SystemInit    lto-llvm-1ddb82.o
    0x08001370   0x08001370   0x00000002   Code   RO          607    .text.USART1_IRQHandler  lto-llvm-1ddb82.o
    0x08001372   0x08001372   0x00000002   PAD
    0x08001374   0x08001374   0x000000c2   Code   RO           40    .text.USART2_IRQHandler  at32_usart.o
    0x08001436   0x08001436   0x00000002   PAD
    0x08001438   0x08001438   0x00000004   Code   RO          597    .text.UsageFault_Handler  lto-llvm-1ddb82.o
    0x0800143c   0x0800143c   0x00000002   Code   RO          168    .text.XPT2046_TouchInit  touch.o
    0x0800143e   0x0800143e   0x00000002   PAD
    0x08001440   0x08001440   0x00000032   Code   RO          763    .text.__NVIC_EnableIRQ  lto-llvm-1ddb82.o
    0x08001472   0x08001472   0x00000002   PAD
    0x08001474   0x08001474   0x00000010   Code   RO          615    .text.__NVIC_GetPriorityGrouping  lto-llvm-1ddb82.o
    0x08001484   0x08001484   0x00000010   Code   RO          757    .text.__NVIC_GetPriorityGrouping.103  lto-llvm-1ddb82.o
    0x08001494   0x08001494   0x00000042   Code   RO          619    .text.__NVIC_SetPriority  lto-llvm-1ddb82.o
    0x080014d6   0x080014d6   0x00000002   PAD
    0x080014d8   0x080014d8   0x00000042   Code   RO          761    .text.__NVIC_SetPriority.105  lto-llvm-1ddb82.o
    0x0800151a   0x0800151a   0x00000002   PAD
    0x0800151c   0x0800151c   0x0000003c   Code   RO          767    .text.__NVIC_SetPriorityGrouping  lto-llvm-1ddb82.o
    0x08001558   0x08001558   0x000000bc   Code   RO         1279    .text.__aeabi_assert  lto-llvm-1ddb82.o
    0x08001614   0x08001614   0x00000062   Code   RO         1209    .text.__arm_2d_allocate_scratch_memory  lto-llvm-1ddb82.o
    0x08001676   0x08001676   0x00000002   PAD
    0x08001678   0x08001678   0x00000064   Code   RO         1043    .text.__arm_2d_c8bit_sw_colour_filling  lto-llvm-1ddb82.o
    0x080016dc   0x080016dc   0x000000d4   Code   RO          963    .text.__arm_2d_dynamic_dirty_region_update  lto-llvm-1ddb82.o
    0x080017b0   0x080017b0   0x00000014   Code   RO         1213    .text.__arm_2d_free_scratch_memory  lto-llvm-1ddb82.o
    0x080017c4   0x080017c4   0x000000b8   Code   RO          939    .text.__arm_2d_helper_add_item_to_weighted_dirty_region_list  lto-llvm-1ddb82.o
    0x0800187c   0x0800187c   0x000000cc   Code   RO          897    .text.__arm_2d_helper_dirty_region_pool_free  lto-llvm-1ddb82.o
    0x08001948   0x08001948   0x0000010c   Code   RO          937    .text.__arm_2d_helper_dirty_region_pool_new  lto-llvm-1ddb82.o
    0x08001a54   0x08001a54   0x0000015a   Code   RO          971    .text.__arm_2d_helper_dirty_region_update_dirty_regions  lto-llvm-1ddb82.o
    0x08001bae   0x08001bae   0x00000002   PAD
    0x08001bb0   0x08001bb0   0x00000088   Code   RO          931    .text.__arm_2d_helper_enqueue_pfb  lto-llvm-1ddb82.o
    0x08001c38   0x08001c38   0x00000058   Code   RO          925    .text.__arm_2d_helper_free_dirty_region_working_list  lto-llvm-1ddb82.o
    0x08001c90   0x08001c90   0x000000aa   Code   RO          801    .text.__arm_2d_helper_is_time_out  lto-llvm-1ddb82.o
    0x08001d3a   0x08001d3a   0x00000002   PAD
    0x08001d3c   0x08001d3c   0x00000144   Code   RO          929    .text.__arm_2d_helper_low_level_rendering  lto-llvm-1ddb82.o
    0x08001e80   0x08001e80   0x00000038   Code   RO          913    .text.__arm_2d_helper_perf_counter_start  lto-llvm-1ddb82.o
    0x08001eb8   0x08001eb8   0x00000038   Code   RO          915    .text.__arm_2d_helper_perf_counter_stop  lto-llvm-1ddb82.o
    0x08001ef0   0x08001ef0   0x00000036   Code   RO          905    .text.__arm_2d_helper_pfb_disable_drawing_canvas_colour  lto-llvm-1ddb82.o
    0x08001f26   0x08001f26   0x00000002   PAD
    0x08001f28   0x08001f28   0x00000ac4   Code   RO          921    .text.__arm_2d_helper_pfb_drawing_iteration_begin  lto-llvm-1ddb82.o
    0x080029ec   0x080029ec   0x0000013c   Code   RO          923    .text.__arm_2d_helper_pfb_drawing_iteration_end  lto-llvm-1ddb82.o
    0x08002b28   0x08002b28   0x00000072   Code   RO          903    .text.__arm_2d_helper_pfb_enable_drawing_canvas_colour  lto-llvm-1ddb82.o
    0x08002b9a   0x08002b9a   0x00000002   PAD
    0x08002b9c   0x08002b9c   0x0000009c   Code   RO          893    .text.__arm_2d_helper_pfb_free  lto-llvm-1ddb82.o
    0x08002c38   0x08002c38   0x000000d4   Code   RO          927    .text.__arm_2d_helper_pfb_get_next_dirty_region  lto-llvm-1ddb82.o
    0x08002d0c   0x08002d0c   0x00000088   Code   RO          975    .text.__arm_2d_helper_pfb_is_region_active0  lto-llvm-1ddb82.o
    0x08002d94   0x08002d94   0x000000ac   Code   RO          891    .text.__arm_2d_helper_pfb_new  lto-llvm-1ddb82.o
    0x08002e40   0x08002e40   0x000000e4   Code   RO          909    .text.__arm_2d_helper_pfb_report_rendering_complete  lto-llvm-1ddb82.o
    0x08002f24   0x08002f24   0x00000098   Code   RO          941    .text.__arm_2d_helper_remove_item_from_weighted_dirty_region_list  lto-llvm-1ddb82.o
    0x08002fbc   0x08002fbc   0x00000568   Code   RO          935    .text.__arm_2d_helper_update_dirty_region_working_list  lto-llvm-1ddb82.o
    0x08003524   0x08003524   0x00000062   Code   RO         1045    .text.__arm_2d_impl_c8bit_colour_filling  lto-llvm-1ddb82.o
    0x08003586   0x08003586   0x00000002   PAD
    0x08003588   0x08003588   0x000000e4   Code   RO         1027    .text.__arm_2d_impl_c8bit_draw_pattern_fg_only  lto-llvm-1ddb82.o
    0x0800366c   0x0800366c   0x00000066   Code   RO         1049    .text.__arm_2d_impl_rgb16_colour_filling  lto-llvm-1ddb82.o
    0x080036d2   0x080036d2   0x00000002   PAD
    0x080036d4   0x080036d4   0x0000010e   Code   RO         1031    .text.__arm_2d_impl_rgb16_draw_pattern  lto-llvm-1ddb82.o
    0x080037e2   0x080037e2   0x00000002   PAD
    0x080037e4   0x080037e4   0x000000fa   Code   RO         1041    .text.__arm_2d_impl_rgb16_draw_pattern_bg_comp  lto-llvm-1ddb82.o
    0x080038de   0x080038de   0x00000002   PAD
    0x080038e0   0x080038e0   0x00000100   Code   RO         1035    .text.__arm_2d_impl_rgb16_draw_pattern_bg_fg  lto-llvm-1ddb82.o
    0x080039e0   0x080039e0   0x000000f0   Code   RO         1037    .text.__arm_2d_impl_rgb16_draw_pattern_bg_only  lto-llvm-1ddb82.o
    0x08003ad0   0x08003ad0   0x000000ea   Code   RO         1033    .text.__arm_2d_impl_rgb16_draw_pattern_fg_only  lto-llvm-1ddb82.o
    0x08003bba   0x08003bba   0x00000002   PAD
    0x08003bbc   0x08003bbc   0x000000e6   Code   RO         1039    .text.__arm_2d_impl_rgb16_draw_pattern_no_bg_comp  lto-llvm-1ddb82.o
    0x08003ca2   0x08003ca2   0x00000002   PAD
    0x08003ca4   0x08003ca4   0x00000062   Code   RO         1053    .text.__arm_2d_impl_rgb32_colour_filling  lto-llvm-1ddb82.o
    0x08003d06   0x08003d06   0x00000002   PAD
    0x08003d08   0x08003d08   0x0000019e   Code   RO         1013    .text.__arm_2d_impl_rgb565_colour_filling_a1_mask_opacity  lto-llvm-1ddb82.o
    0x08003ea6   0x08003ea6   0x00000002   PAD
    0x08003ea8   0x08003ea8   0x0000011e   Code   RO         1007    .text.__arm_2d_impl_rgb565_colour_filling_channel_mask  lto-llvm-1ddb82.o
    0x08003fc6   0x08003fc6   0x00000002   PAD
    0x08003fc8   0x08003fc8   0x0000012e   Code   RO         1017    .text.__arm_2d_impl_rgb565_colour_filling_channel_mask_opacity  lto-llvm-1ddb82.o
    0x080040f6   0x080040f6   0x00000002   PAD
    0x080040f8   0x080040f8   0x0000023a   Code   RO         1085    .text.__arm_2d_impl_rgb565_colour_filling_chn_mask_opacity_transform  lto-llvm-1ddb82.o
    0x08004332   0x08004332   0x00000002   PAD
    0x08004334   0x08004334   0x0000011c   Code   RO         1009    .text.__arm_2d_impl_rgb565_colour_filling_mask  lto-llvm-1ddb82.o
    0x08004450   0x08004450   0x0000012c   Code   RO         1019    .text.__arm_2d_impl_rgb565_colour_filling_mask_opacity  lto-llvm-1ddb82.o
    0x0800457c   0x0800457c   0x0000023a   Code   RO         1087    .text.__arm_2d_impl_rgb565_colour_filling_mask_opacity_transform  lto-llvm-1ddb82.o
    0x080047b6   0x080047b6   0x00000002   PAD
    0x080047b8   0x080047b8   0x00000104   Code   RO         1005    .text.__arm_2d_impl_rgb565_colour_filling_with_opacity  lto-llvm-1ddb82.o
    0x080048bc   0x080048bc   0x00000246   Code   RO         1089    .text.__arm_2d_impl_rgb565_get_alpha_with_opacity  lto-llvm-1ddb82.o
    0x08004b02   0x08004b02   0x00000002   PAD
    0x08004b04   0x08004b04   0x0000024a   Code   RO         1091    .text.__arm_2d_impl_rgb565_get_chn_alpha_with_opacity  lto-llvm-1ddb82.o
    0x08004d4e   0x08004d4e   0x00000002   PAD
    0x08004d50   0x08004d50   0x00000012   Code   RO         1199    .text.__arm_2d_init  lto-llvm-1ddb82.o
    0x08004d62   0x08004d62   0x00000002   PAD
    0x08004d64   0x08004d64   0x000000c6   Code   RO         1137    .text.__arm_2d_issue_sub_task_copy  lto-llvm-1ddb82.o
    0x08004e2a   0x08004e2a   0x00000002   PAD
    0x08004e2c   0x08004e2c   0x000000f4   Code   RO         1143    .text.__arm_2d_issue_sub_task_copy_origin  lto-llvm-1ddb82.o
    0x08004f20   0x08004f20   0x000001b8   Code   RO         1145    .text.__arm_2d_issue_sub_task_copy_origin_masks  lto-llvm-1ddb82.o
    0x080050d8   0x080050d8   0x0000017e   Code   RO         1139    .text.__arm_2d_issue_sub_task_copy_with_mask  lto-llvm-1ddb82.o
    0x08005256   0x08005256   0x00000002   PAD
    0x08005258   0x08005258   0x000000be   Code   RO         1133    .text.__arm_2d_issue_sub_task_fill  lto-llvm-1ddb82.o
    0x08005316   0x08005316   0x00000002   PAD
    0x08005318   0x08005318   0x000000ea   Code   RO         1141    .text.__arm_2d_issue_sub_task_fill_origin  lto-llvm-1ddb82.o
    0x08005402   0x08005402   0x00000002   PAD
    0x08005404   0x08005404   0x00000172   Code   RO         1135    .text.__arm_2d_issue_sub_task_fill_with_mask  lto-llvm-1ddb82.o
    0x08005576   0x08005576   0x00000002   PAD
    0x08005578   0x08005578   0x000000be   Code   RO         1131    .text.__arm_2d_issue_sub_task_tile_mask_process  lto-llvm-1ddb82.o
    0x08005636   0x08005636   0x00000002   PAD
    0x08005638   0x08005638   0x0000007e   Code   RO         1129    .text.__arm_2d_issue_sub_task_tile_process  lto-llvm-1ddb82.o
    0x080056b6   0x080056b6   0x00000002   PAD
    0x080056b8   0x080056b8   0x00000130   Code   RO          883    .text.__arm_2d_lcd_text_default_a1_font_draw_char  lto-llvm-1ddb82.o
    0x080057e8   0x080057e8   0x000000bc   Code   RO          879    .text.__arm_2d_lcd_text_default_a8_font_draw_char  lto-llvm-1ddb82.o
    0x080058a4   0x080058a4   0x0000008e   Code   RO         1193    .text.__arm_2d_op_acquire  lto-llvm-1ddb82.o
    0x08005932   0x08005932   0x00000002   PAD
    0x08005934   0x08005934   0x00000028   Code   RO         1153    .text.__arm_2d_op_depose  lto-llvm-1ddb82.o
    0x0800595c   0x0800595c   0x0000000a   Code   RO         1151    .text.__arm_2d_op_ensure_resource  lto-llvm-1ddb82.o
    0x08005966   0x08005966   0x00000002   PAD
    0x08005968   0x08005968   0x0000001e   Code   RO         1195    .text.__arm_2d_op_frontend  lto-llvm-1ddb82.o
    0x08005986   0x08005986   0x00000002   PAD
    0x08005988   0x08005988   0x00000008   Code   RO         1165    .text.__arm_2d_op_frontend_control  lto-llvm-1ddb82.o
    0x08005990   0x08005990   0x00000018   Code   RO         1155    .text.__arm_2d_op_frontend_on_leave  lto-llvm-1ddb82.o
    0x080059a8   0x080059a8   0x00000070   Code   RO         1157    .text.__arm_2d_op_frontend_op_decoder  lto-llvm-1ddb82.o
    0x08005a18   0x08005a18   0x00000142   Code   RO         1163    .text.__arm_2d_op_frontend_region_process  lto-llvm-1ddb82.o
    0x08005b5a   0x08005b5a   0x00000002   PAD
    0x08005b5c   0x08005b5c   0x00000396   Code   RO         1161    .text.__arm_2d_op_frontend_region_process_with_src  lto-llvm-1ddb82.o
    0x08005ef2   0x08005ef2   0x00000002   PAD
    0x08005ef4   0x08005ef4   0x00000028   Code   RO         1197    .text.__arm_2d_op_invoke  lto-llvm-1ddb82.o
    0x08005f1c   0x08005f1c   0x0000003a   Code   RO         1159    .text.__arm_2d_op_use_default_frame_buffer  lto-llvm-1ddb82.o
    0x08005f56   0x08005f56   0x00000002   PAD
    0x08005f58   0x08005f58   0x00000a1c   Code   RO         1183    .text.__arm_2d_region_calculator  lto-llvm-1ddb82.o
    0x08006974   0x08006974   0x000000b4   Code   RO          945    .text.__arm_2d_remove_overlapped_region_horizontally  lto-llvm-1ddb82.o
    0x08006a28   0x08006a28   0x000000b4   Code   RO          943    .text.__arm_2d_remove_overlapped_region_vertically  lto-llvm-1ddb82.o
    0x08006adc   0x08006adc   0x00000062   Code   RO         1047    .text.__arm_2d_rgb16_sw_colour_filling  lto-llvm-1ddb82.o
    0x08006b3e   0x08006b3e   0x00000002   PAD
    0x08006b40   0x08006b40   0x000000ae   Code   RO         1029    .text.__arm_2d_rgb16_sw_draw_pattern  lto-llvm-1ddb82.o
    0x08006bee   0x08006bee   0x00000002   PAD
    0x08006bf0   0x08006bf0   0x00000062   Code   RO         1051    .text.__arm_2d_rgb32_sw_colour_filling  lto-llvm-1ddb82.o
    0x08006c52   0x08006c52   0x00000002   PAD
    0x08006c54   0x08006c54   0x0000006e   Code   RO         1001    .text.__arm_2d_rgb565_pack  lto-llvm-1ddb82.o
    0x08006cc2   0x08006cc2   0x00000002   PAD
    0x08006cc4   0x08006cc4   0x0000006e   Code   RO         1081    .text.__arm_2d_rgb565_pack.326  lto-llvm-1ddb82.o
    0x08006d32   0x08006d32   0x00000002   PAD
    0x08006d34   0x08006d34   0x00000092   Code   RO         1011    .text.__arm_2d_rgb565_sw_colour_filling_with_a1_mask_and_opacity  lto-llvm-1ddb82.o
    0x08006dc6   0x08006dc6   0x00000002   PAD
    0x08006dc8   0x08006dc8   0x000000f2   Code   RO         1015    .text.__arm_2d_rgb565_sw_colour_filling_with_mask_and_opacity  lto-llvm-1ddb82.o
    0x08006eba   0x08006eba   0x00000002   PAD
    0x08006ebc   0x08006ebc   0x0000009a   Code   RO         1083    .text.__arm_2d_rgb565_sw_colour_filling_with_mask_opacity_and_transform  lto-llvm-1ddb82.o
    0x08006f56   0x08006f56   0x00000002   PAD
    0x08006f58   0x08006f58   0x0000008a   Code   RO         1003    .text.__arm_2d_rgb565_sw_colour_filling_with_opacity  lto-llvm-1ddb82.o
    0x08006fe2   0x08006fe2   0x00000002   PAD
    0x08006fe4   0x08006fe4   0x0000006a   Code   RO          999    .text.__arm_2d_rgb565_unpack  lto-llvm-1ddb82.o
    0x0800704e   0x0800704e   0x00000002   PAD
    0x08007050   0x08007050   0x0000006a   Code   RO         1079    .text.__arm_2d_rgb565_unpack.325  lto-llvm-1ddb82.o
    0x080070ba   0x080070ba   0x00000002   PAD
    0x080070bc   0x080070bc   0x00000974   Code   RO         1253    .text.__arm_2d_scene_mono_clock_init  lto-llvm-1ddb82.o
    0x08007a30   0x08007a30   0x000000c0   Code   RO          989    .text.__arm_2d_scene_player_delete_all_next_scene  lto-llvm-1ddb82.o
    0x08007af0   0x08007af0   0x000000c4   Code   RO          991    .text.__arm_2d_scene_player_next_scene  lto-llvm-1ddb82.o
    0x08007bb4   0x08007bb4   0x0000008c   Code   RO          981    .text.__arm_2d_scene_player_register_on_draw_navigation_event_handler  lto-llvm-1ddb82.o
    0x08007c40   0x08007c40   0x00000162   Code   RO         1185    .text.__arm_2d_source_side_tile_mirror_preprocess  lto-llvm-1ddb82.o
    0x08007da2   0x08007da2   0x00000002   PAD
    0x08007da4   0x08007da4   0x000000c2   Code   RO         1117    .text.__arm_2d_sub_task_depose  lto-llvm-1ddb82.o
    0x08007e66   0x08007e66   0x00000002   PAD
    0x08007e68   0x08007e68   0x0000019a   Code   RO         1123    .text.__arm_2d_tile_get_1st_derived_child_or_root  lto-llvm-1ddb82.o
    0x08008002   0x08008002   0x00000002   PAD
    0x08008004   0x08008004   0x0000001e   Code   RO         1121    .text.__arm_2d_tile_get_root  lto-llvm-1ddb82.o
    0x08008022   0x08008022   0x00000002   PAD
    0x08008024   0x08008024   0x000001ec   Code   RO         1149    .text.__arm_2d_tile_get_virtual_screen_or_root  lto-llvm-1ddb82.o
    0x08008210   0x08008210   0x00000246   Code   RO         1171    .text.__arm_2d_tile_process  lto-llvm-1ddb82.o
    0x08008456   0x08008456   0x00000002   PAD
    0x08008458   0x08008458   0x000001fc   Code   RO         1147    .text.__arm_2d_tile_region_caculator  lto-llvm-1ddb82.o
    0x08008654   0x08008654   0x00000158   Code   RO         1095    .text.__arm_2d_transform_point  lto-llvm-1ddb82.o
    0x080087ac   0x080087ac   0x00000004   PAD
    0x080087b0   0x080087b0   0x00000530   Code   RO         1093    .text.__arm_2d_transform_preprocess_source  lto-llvm-1ddb82.o
    0x08008ce0   0x08008ce0   0x0000017c   Code   RO         1099    .text.__arm_2d_transform_preprocess_target  lto-llvm-1ddb82.o
    0x08008e5c   0x08008e5c   0x00000320   Code   RO         1063    .text.__arm_2d_transform_regression  lto-llvm-1ddb82.o
    0x0800917c   0x0800917c   0x000000da   Code   RO         1205    .text.__arm_2d_valid_mask  lto-llvm-1ddb82.o
    0x08009256   0x08009256   0x00000002   PAD
    0x08009258   0x08009258   0x00000058   Code   RO          869    .text.__arm_lcd_draw_region_line_wrapping  lto-llvm-1ddb82.o
    0x080092b0   0x080092b0   0x00000096   Code   RO          875    .text.__arm_lcd_get_char_advance  lto-llvm-1ddb82.o
    0x08009346   0x08009346   0x00000002   PAD
    0x08009348   0x08009348   0x00000234   Code   RO          885    .text.__arm_lcd_get_string_line_box  lto-llvm-1ddb82.o
    0x0800957c   0x0800957c   0x00000058   Code   RO          853    .text.__arm_lcd_text_force_updated_scale  lto-llvm-1ddb82.o
    0x080095d4   0x080095d4   0x0000006e   Code   RO          857    .text.__arm_lcd_text_update_char_buffer  lto-llvm-1ddb82.o
    0x08009642   0x08009642   0x00000002   PAD
    0x08009644   0x08009644   0x0000005e   Code   RO          861    .text.__arm_lcd_update_char_draw_box  lto-llvm-1ddb82.o
    0x080096a2   0x080096a2   0x00000002   PAD
    0x080096a4   0x080096a4   0x0000005e   Code   RO          859    .text.__arm_lcd_update_char_size  lto-llvm-1ddb82.o
    0x08009702   0x08009702   0x00000002   PAD
    0x08009704   0x08009704   0x00000062   Code   RO          837    .text.__arm_lcd_update_spacing  lto-llvm-1ddb82.o
    0x08009766   0x08009766   0x00000002   PAD
    0x08009768   0x08009768   0x00000078   Code   RO         1173    .text.__clip_asset_tile  lto-llvm-1ddb82.o
    0x080097e0   0x080097e0   0x00000076   Code   RO          793    .text.__convert_2digits_bdc  lto-llvm-1ddb82.o
    0x08009856   0x08009856   0x00000002   PAD
    0x08009858   0x08009858   0x0000006a   Code   RO         1119    .text.__depose_virtual_resource  lto-llvm-1ddb82.o
    0x080098c2   0x080098c2   0x00000002   PAD
    0x080098c4   0x080098c4   0x00000174   Code   RO         1229    .text.__disp_adapter0_draw_navigation  lto-llvm-1ddb82.o
    0x08009a38   0x08009a38   0x00000044   Code   RO         1231    .text.__disp_adapter0_pfb_render_handler  lto-llvm-1ddb82.o
    0x08009a7c   0x08009a7c   0x00000008   Code   RO         1249    .text.__disp_adapter0_task  lto-llvm-1ddb82.o
    0x08009a84   0x08009a84   0x0000000e   Code   RO         1227    .text.__disp_adapter0_user_draw_navigation  lto-llvm-1ddb82.o
    0x08009a92   0x08009a92   0x00000002   PAD
    0x08009a94   0x08009a94   0x0000000c   Code   RO         1233    .text.__disp_adapter0_user_on_frame_complete  lto-llvm-1ddb82.o
    0x08009aa0   0x08009aa0   0x00000824   Code   RO          993    .text.__draw_round_corner_box  lto-llvm-1ddb82.o
    0x0800a2c4   0x0800a2c4   0x000000ae   Code   RO         1189    .text.__load_background_virtual_resource  lto-llvm-1ddb82.o
    0x0800a372   0x0800a372   0x00000002   PAD
    0x0800a374   0x0800a374   0x00000108   Code   RO         1187    .text.__load_virtual_resource  lto-llvm-1ddb82.o
    0x0800a47c   0x0800a47c   0x00000244   Code   RO         1247    .text.__on_each_frame_complete  lto-llvm-1ddb82.o
    0x0800a6c0   0x0800a6c0   0x00000008   Code   RO         1245    .text.__on_frame_complete  lto-llvm-1ddb82.o
    0x0800a6c8   0x0800a6c8   0x00000008   Code   RO         1243    .text.__on_frame_start  lto-llvm-1ddb82.o
    0x0800a6d0   0x0800a6d0   0x0000007e   Code   RO         1263    .text.__on_scene_mono_clock_depose  lto-llvm-1ddb82.o
    0x0800a74e   0x0800a74e   0x00000002   PAD
    0x0800a750   0x0800a750   0x0000000c   Code   RO         1261    .text.__on_scene_mono_clock_frame_complete  lto-llvm-1ddb82.o
    0x0800a75c   0x0800a75c   0x00000152   Code   RO         1259    .text.__on_scene_mono_clock_frame_start  lto-llvm-1ddb82.o
    0x0800a8ae   0x0800a8ae   0x00000002   PAD
    0x0800a8b0   0x0800a8b0   0x0000000c   Code   RO         1257    .text.__on_scene_mono_clock_load  lto-llvm-1ddb82.o
    0x0800a8bc   0x0800a8bc   0x00000008   Code   RO         1283    .text.__perf_counter_init  lto-llvm-1ddb82.o
    0x0800a8c4   0x0800a8c4   0x000000fe   Code   RO         1241    .text.__pfb_draw_handler  lto-llvm-1ddb82.o
    0x0800a9c2   0x0800a9c2   0x00000002   PAD
    0x0800a9c4   0x0800a9c4   0x0000002c   Code   RO          987    .text.__pfb_draw_scene_background_handler  lto-llvm-1ddb82.o
    0x0800a9f0   0x0800a9f0   0x0000003e   Code   RO          985    .text.__pfb_draw_scene_handler  lto-llvm-1ddb82.o
    0x0800aa2e   0x0800aa2e   0x00000002   PAD
    0x0800aa30   0x0800aa30   0x00000b3c   Code   RO         1255    .text.__pfb_draw_scene_mono_clock_handler  lto-llvm-1ddb82.o
    0x0800b56c   0x0800b56c   0x0000010a   Code   RO         1179    .text.__tile_clipped_pave  lto-llvm-1ddb82.o
    0x0800b676   0x0800b676   0x00000002   PAD
    0x0800b678   0x0800b678   0x00000098   Code   RO         1181    .text.__tile_non_negtive_location_pave  lto-llvm-1ddb82.o
    0x0800b710   0x0800b710   0x0000008a   Code   RO         1239    .text.__user_scene_player_init  lto-llvm-1ddb82.o
    0x0800b79a   0x0800b79a   0x00000002   PAD
    0x0800b79c   0x0800b79c   0x0000012e   Code   RO         1251    .text.__utf8_a1_font_get_char_descriptor.678  lto-llvm-1ddb82.o
    0x0800b8ca   0x0800b8ca   0x00000002   PAD
    0x0800b8cc   0x0800b8cc   0x0000008e   Code   RO          933    .text.__when_dirty_region_list_is_empty  lto-llvm-1ddb82.o
    0x0800b95a   0x0800b95a   0x00000002   PAD
    0x0800b95c   0x0800b95c   0x00000004   Code   RO         1281    .text.abort         lto-llvm-1ddb82.o
    0x0800b960   0x0800b960   0x0000001a   Code   RO          851    .text.abs_q16.131   lto-llvm-1ddb82.o
    0x0800b97a   0x0800b97a   0x00000002   PAD
    0x0800b97c   0x0800b97c   0x00000086   Code   RO          947    .text.arm_2d_dirty_region_item_ignore_set  lto-llvm-1ddb82.o
    0x0800ba02   0x0800ba02   0x00000002   PAD
    0x0800ba04   0x0800ba04   0x00000048   Code   RO          961    .text.arm_2d_dynamic_dirty_region_change_user_region_index_only  lto-llvm-1ddb82.o
    0x0800ba4c   0x0800ba4c   0x00000064   Code   RO          955    .text.arm_2d_dynamic_dirty_region_depose  lto-llvm-1ddb82.o
    0x0800bab0   0x0800bab0   0x00000068   Code   RO          953    .text.arm_2d_dynamic_dirty_region_init  lto-llvm-1ddb82.o
    0x0800bb18   0x0800bb18   0x0000005e   Code   RO          957    .text.arm_2d_dynamic_dirty_region_on_frame_start  lto-llvm-1ddb82.o
    0x0800bb76   0x0800bb76   0x00000002   PAD
    0x0800bb78   0x0800bb78   0x0000009a   Code   RO          959    .text.arm_2d_dynamic_dirty_region_wait_next  lto-llvm-1ddb82.o
    0x0800bc12   0x0800bc12   0x00000002   PAD
    0x0800bc14   0x0800bc14   0x000000f6   Code   RO         1177    .text.arm_2d_get_absolute_location  lto-llvm-1ddb82.o
    0x0800bd0a   0x0800bd0a   0x00000002   PAD
    0x0800bd0c   0x0800bd0c   0x0000000c   Code   RO         1203    .text.arm_2d_get_default_frame_buffer  lto-llvm-1ddb82.o
    0x0800bd18   0x0800bd18   0x00000008   Code   RO          815    .text.arm_2d_helper_built_in_init  lto-llvm-1ddb82.o
    0x0800bd20   0x0800bd20   0x00000032   Code   RO          795    .text.arm_2d_helper_convert_ms_to_ticks  lto-llvm-1ddb82.o
    0x0800bd52   0x0800bd52   0x00000002   PAD
    0x0800bd54   0x0800bd54   0x00000020   Code   RO          799    .text.arm_2d_helper_convert_ticks_to_ms  lto-llvm-1ddb82.o
    0x0800bd74   0x0800bd74   0x00000046   Code   RO          967    .text.arm_2d_helper_dirty_region_depose  lto-llvm-1ddb82.o
    0x0800bdba   0x0800bdba   0x00000002   PAD
    0x0800bdbc   0x0800bdbc   0x00000084   Code   RO          965    .text.arm_2d_helper_dirty_region_init  lto-llvm-1ddb82.o
    0x0800be40   0x0800be40   0x00000040   Code   RO          969    .text.arm_2d_helper_dirty_region_on_frame_start  lto-llvm-1ddb82.o
    0x0800be80   0x0800be80   0x00000146   Code   RO          803    .text.arm_2d_helper_draw_box  lto-llvm-1ddb82.o
    0x0800bfc6   0x0800bfc6   0x00000002   PAD
    0x0800bfc8   0x0800bfc8   0x0000008e   Code   RO          813    .text.arm_2d_helper_fill_tile_colour  lto-llvm-1ddb82.o
    0x0800c056   0x0800c056   0x00000002   PAD
    0x0800c058   0x0800c058   0x00000044   Code   RO          819    .text.arm_2d_helper_get_char_descriptor  lto-llvm-1ddb82.o
    0x0800c09c   0x0800c09c   0x00000008   Code   RO          791    .text.arm_2d_helper_get_reference_clock_frequency  lto-llvm-1ddb82.o
    0x0800c0a4   0x0800c0a4   0x00000024   Code   RO          797    .text.arm_2d_helper_get_system_timestamp  lto-llvm-1ddb82.o
    0x0800c0c8   0x0800c0c8   0x000000b0   Code   RO          817    .text.arm_2d_helper_get_utf8_byte_valid_length  lto-llvm-1ddb82.o
    0x0800c178   0x0800c178   0x00000122   Code   RO          789    .text.arm_2d_helper_init  lto-llvm-1ddb82.o
    0x0800c29a   0x0800c29a   0x00000002   PAD
    0x0800c29c   0x0800c29c   0x00000038   Code   RO          911    .text.arm_2d_helper_is_frame_skipped  lto-llvm-1ddb82.o
    0x0800c2d4   0x0800c2d4   0x0000006e   Code   RO          949    .text.arm_2d_helper_pfb_append_dirty_regions_to_list  lto-llvm-1ddb82.o
    0x0800c342   0x0800c342   0x00000002   PAD
    0x0800c344   0x0800c344   0x000000fe   Code   RO          907    .text.arm_2d_helper_pfb_flush  lto-llvm-1ddb82.o
    0x0800c442   0x0800c442   0x00000002   PAD
    0x0800c444   0x0800c444   0x0000003a   Code   RO          901    .text.arm_2d_helper_pfb_get_absolute_location  lto-llvm-1ddb82.o
    0x0800c47e   0x0800c47e   0x00000002   PAD
    0x0800c480   0x0800c480   0x00000032   Code   RO          899    .text.arm_2d_helper_pfb_get_display_area  lto-llvm-1ddb82.o
    0x0800c4b2   0x0800c4b2   0x00000002   PAD
    0x0800c4b4   0x0800c4b4   0x000003ca   Code   RO          895    .text.arm_2d_helper_pfb_init  lto-llvm-1ddb82.o
    0x0800c87e   0x0800c87e   0x00000002   PAD
    0x0800c880   0x0800c880   0x00000072   Code   RO          973    .text.arm_2d_helper_pfb_is_region_being_drawing  lto-llvm-1ddb82.o
    0x0800c8f2   0x0800c8f2   0x00000002   PAD
    0x0800c8f4   0x0800c8f4   0x0000007a   Code   RO          951    .text.arm_2d_helper_pfb_remove_dirty_regions_from_list  lto-llvm-1ddb82.o
    0x0800c96e   0x0800c96e   0x00000002   PAD
    0x0800c970   0x0800c970   0x00000516   Code   RO          919    .text.arm_2d_helper_pfb_task  lto-llvm-1ddb82.o
    0x0800ce86   0x0800ce86   0x00000002   PAD
    0x0800ce88   0x0800ce88   0x00000104   Code   RO          917    .text.arm_2d_helper_pfb_update_dependency  lto-llvm-1ddb82.o
    0x0800cf8c   0x0800cf8c   0x00000158   Code   RO          811    .text.arm_2d_helper_swap_rgb16  lto-llvm-1ddb82.o
    0x0800d0e4   0x0800d0e4   0x0000000c   Code   RO         1221    .text.arm_2d_init   lto-llvm-1ddb82.o
    0x0800d0f0   0x0800d0f0   0x000000da   Code   RO         1217    .text.arm_2d_is_point_inside_region  lto-llvm-1ddb82.o
    0x0800d1ca   0x0800d1ca   0x00000002   PAD
    0x0800d1cc   0x0800d1cc   0x0000009e   Code   RO         1219    .text.arm_2d_is_region_inside_target  lto-llvm-1ddb82.o
    0x0800d26a   0x0800d26a   0x00000002   PAD
    0x0800d26c   0x0800d26c   0x00000010   Code   RO         1125    .text.arm_2d_is_root_tile  lto-llvm-1ddb82.o
    0x0800d27c   0x0800d27c   0x0000002c   Code   RO         1225    .text.arm_2d_op_init  lto-llvm-1ddb82.o
    0x0800d2a8   0x0800d2a8   0x00000008   Code   RO         1191    .text.arm_2d_op_wait_async  lto-llvm-1ddb82.o
    0x0800d2b0   0x0800d2b0   0x0000000a   Code   RO         1319    .text.arm_2d_op_wait_async.specialized.1  lto-llvm-1ddb82.o
    0x0800d2ba   0x0800d2ba   0x00000002   PAD
    0x0800d2bc   0x0800d2bc   0x00000008   Code   RO          809    .text.arm_2d_port_set_semaphore  lto-llvm-1ddb82.o
    0x0800d2c4   0x0800d2c4   0x00000008   Code   RO          807    .text.arm_2d_port_wait_for_semaphore  lto-llvm-1ddb82.o
    0x0800d2cc   0x0800d2cc   0x000001ba   Code   RO         1215    .text.arm_2d_region_get_minimal_enclosure  lto-llvm-1ddb82.o
    0x0800d486   0x0800d486   0x00000002   PAD
    0x0800d488   0x0800d488   0x0000019e   Code   RO         1127    .text.arm_2d_region_intersect  lto-llvm-1ddb82.o
    0x0800d626   0x0800d626   0x00000002   PAD
    0x0800d628   0x0800d628   0x0000011c   Code   RO          977    .text.arm_2d_scene_player_append_scenes  lto-llvm-1ddb82.o
    0x0800d744   0x0800d744   0x0000003e   Code   RO          979    .text.arm_2d_scene_player_switch_to_next_scene  lto-llvm-1ddb82.o
    0x0800d782   0x0800d782   0x00000002   PAD
    0x0800d784   0x0800d784   0x000007aa   Code   RO          983    .text.arm_2d_scene_player_task  lto-llvm-1ddb82.o
    0x0800df2e   0x0800df2e   0x00000002   PAD
    0x0800df30   0x0800df30   0x00000076   Code   RO         1211    .text.arm_2d_scratch_memory_free  lto-llvm-1ddb82.o
    0x0800dfa6   0x0800dfa6   0x00000002   PAD
    0x0800dfa8   0x0800dfa8   0x000000ee   Code   RO         1207    .text.arm_2d_scratch_memory_new  lto-llvm-1ddb82.o
    0x0800e096   0x0800e096   0x00000002   PAD
    0x0800e098   0x0800e098   0x0000004c   Code   RO         1201    .text.arm_2d_set_default_frame_buffer  lto-llvm-1ddb82.o
    0x0800e0e4   0x0800e0e4   0x00000100   Code   RO         1169    .text.arm_2d_tile_generate_child  lto-llvm-1ddb82.o
    0x0800e1e4   0x0800e1e4   0x00000068   Code   RO         1175    .text.arm_2d_tile_get_absolute_location  lto-llvm-1ddb82.o
    0x0800e24c   0x0800e24c   0x0000001a   Code   RO         1167    .text.arm_2d_tile_get_root  lto-llvm-1ddb82.o
    0x0800e266   0x0800e266   0x00000002   PAD
    0x0800e268   0x0800e268   0x00000088   Code   RO         1055    .text.arm_2dp_c8bit_fill_colour  lto-llvm-1ddb82.o
    0x0800e2f0   0x0800e2f0   0x000000e2   Code   RO         1061    .text.arm_2dp_rgb16_draw_pattern  lto-llvm-1ddb82.o
    0x0800e3d2   0x0800e3d2   0x00000002   PAD
    0x0800e3d4   0x0800e3d4   0x00000086   Code   RO         1057    .text.arm_2dp_rgb16_fill_colour  lto-llvm-1ddb82.o
    0x0800e45a   0x0800e45a   0x00000002   PAD
    0x0800e45c   0x0800e45c   0x00000086   Code   RO         1059    .text.arm_2dp_rgb32_fill_colour  lto-llvm-1ddb82.o
    0x0800e4e2   0x0800e4e2   0x00000002   PAD
    0x0800e4e4   0x0800e4e4   0x000000e8   Code   RO         1023    .text.arm_2dp_rgb565_fill_colour_with_a1_mask_and_opacity  lto-llvm-1ddb82.o
    0x0800e5cc   0x0800e5cc   0x000000e8   Code   RO         1025    .text.arm_2dp_rgb565_fill_colour_with_mask_and_opacity  lto-llvm-1ddb82.o
    0x0800e6b4   0x0800e6b4   0x0000005a   Code   RO         1105    .text.arm_2dp_rgb565_fill_colour_with_mask_opacity_and_transform_prepare  lto-llvm-1ddb82.o
    0x0800e70e   0x0800e70e   0x00000002   PAD
    0x0800e710   0x0800e710   0x000000de   Code   RO         1103    .text.arm_2dp_rgb565_fill_colour_with_mask_opacity_and_transform_xy_prepare  lto-llvm-1ddb82.o
    0x0800e7ee   0x0800e7ee   0x00000002   PAD
    0x0800e7f0   0x0800e7f0   0x00000098   Code   RO         1021    .text.arm_2dp_rgb565_fill_colour_with_opacity  lto-llvm-1ddb82.o
    0x0800e888   0x0800e888   0x00000064   Code   RO         1101    .text.arm_2dp_tile_transform  lto-llvm-1ddb82.o
    0x0800e8ec   0x0800e8ec   0x0000013c   Code   RO         1097    .text.arm_2dp_tile_transform_xy  lto-llvm-1ddb82.o
    0x0800ea28   0x0800ea28   0x00000108   Code   RO         1265    .text.arm_cos_f32   lto-llvm-1ddb82.o
    0x0800eb30   0x0800eb30   0x00000074   Code   RO         1267    .text.arm_cos_q31   lto-llvm-1ddb82.o
    0x0800eba4   0x0800eba4   0x00000018   Code   RO         1107    .text.arm_extra_controls_init  lto-llvm-1ddb82.o
    0x0800ebbc   0x0800ebbc   0x00000058   Code   RO          889    .text.arm_lcd_printf  lto-llvm-1ddb82.o
    0x0800ec14   0x0800ec14   0x00000162   Code   RO          887    .text.arm_lcd_puts  lto-llvm-1ddb82.o
    0x0800ed76   0x0800ed76   0x00000002   PAD
    0x0800ed78   0x0800ed78   0x00000034   Code   RO          863    .text.arm_lcd_text_force_char_use_same_width  lto-llvm-1ddb82.o
    0x0800edac   0x0800edac   0x00000024   Code   RO          845    .text.arm_lcd_text_get_actual_char_box  lto-llvm-1ddb82.o
    0x0800edd0   0x0800edd0   0x00000038   Code   RO          821    .text.arm_lcd_text_init  lto-llvm-1ddb82.o
    0x0800ee08   0x0800ee08   0x0000007e   Code   RO          867    .text.arm_lcd_text_location  lto-llvm-1ddb82.o
    0x0800ee86   0x0800ee86   0x00000002   PAD
    0x0800ee88   0x0800ee88   0x00000014   Code   RO          823    .text.arm_lcd_text_reset_display_region_tracking  lto-llvm-1ddb82.o
    0x0800ee9c   0x0800ee9c   0x00000028   Code   RO          835    .text.arm_lcd_text_set_char_spacing  lto-llvm-1ddb82.o
    0x0800eec4   0x0800eec4   0x00000022   Code   RO          827    .text.arm_lcd_text_set_colour  lto-llvm-1ddb82.o
    0x0800eee6   0x0800eee6   0x00000002   PAD
    0x0800eee8   0x0800eee8   0x00000016   Code   RO          831    .text.arm_lcd_text_set_display_mode  lto-llvm-1ddb82.o
    0x0800eefe   0x0800eefe   0x00000002   PAD
    0x0800ef00   0x0800ef00   0x0000003a   Code   RO          865    .text.arm_lcd_text_set_draw_region  lto-llvm-1ddb82.o
    0x0800ef3a   0x0800ef3a   0x00000002   PAD
    0x0800ef3c   0x0800ef3c   0x0000008e   Code   RO          871    .text.arm_lcd_text_set_font  lto-llvm-1ddb82.o
    0x0800efca   0x0800efca   0x00000002   PAD
    0x0800efcc   0x0800efcc   0x00000028   Code   RO          843    .text.arm_lcd_text_set_line_spacing  lto-llvm-1ddb82.o
    0x0800eff4   0x0800eff4   0x0000001c   Code   RO          833    .text.arm_lcd_text_set_opacity  lto-llvm-1ddb82.o
    0x0800f010   0x0800f010   0x0000001c   Code   RO          847    .text.arm_lcd_text_set_scale  lto-llvm-1ddb82.o
    0x0800f02c   0x0800f02c   0x0000002a   Code   RO          829    .text.arm_lcd_text_set_target_framebuffer  lto-llvm-1ddb82.o
    0x0800f056   0x0800f056   0x00000002   PAD
    0x0800f058   0x0800f058   0x00000100   Code   RO         1269    .text.arm_sin_f32   lto-llvm-1ddb82.o
    0x0800f158   0x0800f158   0x0000006c   Code   RO         1271    .text.arm_sin_q31   lto-llvm-1ddb82.o
    0x0800f1c4   0x0800f1c4   0x00000138   Code   RO          997    .text.busy_wheel2_show  lto-llvm-1ddb82.o
    0x0800f2fc   0x0800f2fc   0x000000d4   Code   RO          995    .text.busy_wheel_init  lto-llvm-1ddb82.o
    0x0800f3d0   0x0800f3d0   0x0000003c   Code   RO         1297    .text.check_systick  lto-llvm-1ddb82.o
    0x0800f40c   0x0800f40c   0x00000036   Code   RO          663    .text.crm_ahb_div_set  lto-llvm-1ddb82.o
    0x0800f442   0x0800f442   0x00000002   PAD
    0x0800f444   0x0800f444   0x00000028   Code   RO          665    .text.crm_apb1_div_set  lto-llvm-1ddb82.o
    0x0800f46c   0x0800f46c   0x00000028   Code   RO          667    .text.crm_apb2_div_set  lto-llvm-1ddb82.o
    0x0800f494   0x0800f494   0x00000028   Code   RO          669    .text.crm_apb3_div_set  lto-llvm-1ddb82.o
    0x0800f4bc   0x0800f4bc   0x00000038   Code   RO          653    .text.crm_auto_step_mode_enable  lto-llvm-1ddb82.o
    0x0800f4f4   0x0800f4f4   0x000000a2   Code   RO          661    .text.crm_clock_source_enable  lto-llvm-1ddb82.o
    0x0800f596   0x0800f596   0x00000002   PAD
    0x0800f598   0x0800f598   0x0000018a   Code   RO          677    .text.crm_clocks_freq_get  lto-llvm-1ddb82.o
    0x0800f722   0x0800f722   0x00000002   PAD
    0x0800f724   0x0800f724   0x0000003e   Code   RO          655    .text.crm_flag_get  lto-llvm-1ddb82.o
    0x0800f762   0x0800f762   0x00000002   PAD
    0x0800f764   0x0800f764   0x0000005c   Code   RO          657    .text.crm_hext_stable_wait  lto-llvm-1ddb82.o
    0x0800f7c0   0x0800f7c0   0x00000054   Code   RO          659    .text.crm_periph_clock_enable  lto-llvm-1ddb82.o
    0x0800f814   0x0800f814   0x00000070   Code   RO          671    .text.crm_pll_config  lto-llvm-1ddb82.o
    0x0800f884   0x0800f884   0x000000b0   Code   RO          651    .text.crm_reset     lto-llvm-1ddb82.o
    0x0800f934   0x0800f934   0x0000002e   Code   RO          673    .text.crm_sysclk_switch  lto-llvm-1ddb82.o
    0x0800f962   0x0800f962   0x00000002   PAD
    0x0800f964   0x0800f964   0x00000010   Code   RO          675    .text.crm_sysclk_switch_status_get  lto-llvm-1ddb82.o
    0x0800f974   0x0800f974   0x00000036   Code   RO         1237    .text.disp_adapter0_init  lto-llvm-1ddb82.o
    0x0800f9aa   0x0800f9aa   0x00000002   PAD
    0x0800f9ac   0x0800f9ac   0x00000008   Code   RO         1235    .text.disp_adapter0_navigator_init  lto-llvm-1ddb82.o
    0x0800f9b4   0x0800f9b4   0x0000001a   Code   RO          733    .text.dma_channel_enable  lto-llvm-1ddb82.o
    0x0800f9ce   0x0800f9ce   0x00000002   PAD
    0x0800f9d0   0x0800f9d0   0x00000032   Code   RO          739    .text.dma_default_para_init  lto-llvm-1ddb82.o
    0x0800fa02   0x0800fa02   0x00000002   PAD
    0x0800fa04   0x0800fa04   0x00000014   Code   RO          737    .text.dma_flag_clear  lto-llvm-1ddb82.o
    0x0800fa18   0x0800fa18   0x00000036   Code   RO          735    .text.dma_flag_get  lto-llvm-1ddb82.o
    0x0800fa4e   0x0800fa4e   0x00000002   PAD
    0x0800fa50   0x0800fa50   0x000000c0   Code   RO          741    .text.dma_init      lto-llvm-1ddb82.o
    0x0800fb10   0x0800fb10   0x00000058   Code   RO          731    .text.dma_reset     lto-llvm-1ddb82.o
    0x0800fb68   0x0800fb68   0x00000028   Code   RO          743    .text.dmamux_enable  lto-llvm-1ddb82.o
    0x0800fb90   0x0800fb90   0x0000001a   Code   RO          745    .text.dmamux_init   lto-llvm-1ddb82.o
    0x0800fbaa   0x0800fbaa   0x00000002   PAD
    0x0800fbac   0x0800fbac   0x00000030   Code   RO         1273    .text.fputc         lto-llvm-1ddb82.o
    0x0800fbdc   0x0800fbdc   0x00000086   Code   RO         1295    .text.get_system_ticks  lto-llvm-1ddb82.o
    0x0800fc62   0x0800fc62   0x00000002   PAD
    0x0800fc64   0x0800fc64   0x00000014   Code   RO          687    .text.gpio_bits_reset  lto-llvm-1ddb82.o
    0x0800fc78   0x0800fc78   0x00000014   Code   RO          685    .text.gpio_bits_set  lto-llvm-1ddb82.o
    0x0800fc8c   0x0800fc8c   0x00000024   Code   RO          681    .text.gpio_default_para_init  lto-llvm-1ddb82.o
    0x0800fcb0   0x0800fcb0   0x000000e6   Code   RO          679    .text.gpio_init     lto-llvm-1ddb82.o
    0x0800fd96   0x0800fd96   0x00000002   PAD
    0x0800fd98   0x0800fd98   0x00000088   Code   RO          689    .text.gpio_pin_mux_config  lto-llvm-1ddb82.o
    0x0800fe20   0x0800fe20   0x0000009a   Code   RO         1285    .text.init_cycle_counter  lto-llvm-1ddb82.o
    0x0800feba   0x0800feba   0x00000002   PAD
    0x0800febc   0x0800febc   0x000001a4   Code   RO          877    .text.lcd_draw_char  lto-llvm-1ddb82.o
    0x08010060   0x08010060   0x00000114   Code   RO          621    .text.main          lto-llvm-1ddb82.o
    0x08010174   0x08010174   0x00000010   Code   RO          839    .text.mul_n_q16     lto-llvm-1ddb82.o
    0x08010184   0x08010184   0x00000018   Code   RO         1073    .text.mul_q16.323   lto-llvm-1ddb82.o
    0x0801019c   0x0801019c   0x00000036   Code   RO          755    .text.nvic_irq_enable  lto-llvm-1ddb82.o
    0x080101d2   0x080101d2   0x00000002   PAD
    0x080101d4   0x080101d4   0x00000016   Code   RO          765    .text.nvic_priority_group_config  lto-llvm-1ddb82.o
    0x080101ea   0x080101ea   0x00000002   PAD
    0x080101ec   0x080101ec   0x00000010   Code   RO         1317    .text.perfc_port_clear_system_timer_ovf_pending  lto-llvm-1ddb82.o
    0x080101fc   0x080101fc   0x00000014   Code   RO         1287    .text.perfc_port_disable_global_interrupt  lto-llvm-1ddb82.o
    0x08010210   0x08010210   0x00000014   Code   RO         1305    .text.perfc_port_disable_global_interrupt.815  lto-llvm-1ddb82.o
    0x08010224   0x08010224   0x00000020   Code   RO         1315    .text.perfc_port_get_system_timer_elapsed  lto-llvm-1ddb82.o
    0x08010244   0x08010244   0x0000000c   Code   RO         1309    .text.perfc_port_get_system_timer_freq  lto-llvm-1ddb82.o
    0x08010250   0x08010250   0x0000000e   Code   RO         1313    .text.perfc_port_get_system_timer_top  lto-llvm-1ddb82.o
    0x0801025e   0x0801025e   0x00000002   PAD
    0x08010260   0x08010260   0x00000064   Code   RO         1303    .text.perfc_port_init_system_timer  lto-llvm-1ddb82.o
    0x080102c4   0x080102c4   0x0000011e   Code   RO         1299    .text.perfc_port_insert_to_system_timer_insert_ovf_handler  lto-llvm-1ddb82.o
    0x080103e2   0x080103e2   0x00000002   PAD
    0x080103e4   0x080103e4   0x00000010   Code   RO         1311    .text.perfc_port_is_system_timer_ovf_pending  lto-llvm-1ddb82.o
    0x080103f4   0x080103f4   0x00000012   Code   RO         1289    .text.perfc_port_resume_global_interrupt  lto-llvm-1ddb82.o
    0x08010406   0x08010406   0x00000002   PAD
    0x08010408   0x08010408   0x00000012   Code   RO         1307    .text.perfc_port_resume_global_interrupt.816  lto-llvm-1ddb82.o
    0x0801041a   0x0801041a   0x00000002   PAD
    0x0801041c   0x0801041c   0x00000008   Code   RO         1109    .text.progress_bar_drill_init  lto-llvm-1ddb82.o
    0x08010424   0x08010424   0x00000016   Code   RO         1111    .text.progress_bar_flowing_init  lto-llvm-1ddb82.o
    0x0801043a   0x0801043a   0x00000002   PAD
    0x0801043c   0x0801043c   0x00000026   Code   RO          711    .text.pwc_battery_powered_domain_access  lto-llvm-1ddb82.o
    0x08010462   0x08010462   0x00000002   PAD
    0x08010464   0x08010464   0x00000036   Code   RO         1075    .text.qadd_q16      lto-llvm-1ddb82.o
    0x0801049a   0x0801049a   0x00000002   PAD
    0x0801049c   0x0801049c   0x00000036   Code   RO         1077    .text.qsub_q16      lto-llvm-1ddb82.o
    0x080104d2   0x080104d2   0x00000002   PAD
    0x080104d4   0x080104d4   0x00000016   Code   RO           62    .text.queue_isEmpty  util_queue.o
    0x080104ea   0x080104ea   0x00000002   PAD
    0x080104ec   0x080104ec   0x00000022   Code   RO           58    .text.queue_isFull  util_queue.o
    0x0801050e   0x0801050e   0x00000002   PAD
    0x08010510   0x08010510   0x00000048   Code   RO           60    .text.queue_read    util_queue.o
    0x08010558   0x08010558   0x0000004a   Code   RO           56    .text.queue_write   util_queue.o
    0x080105a2   0x080105a2   0x00000002   PAD
    0x080105a4   0x080105a4   0x0000001c   Code   RO          881    .text.reinterpret_f32_q16.138  lto-llvm-1ddb82.o
    0x080105c0   0x080105c0   0x0000003c   Code   RO          849    .text.reinterpret_q16_f32.130  lto-llvm-1ddb82.o
    0x080105fc   0x080105fc   0x0000003c   Code   RO         1067    .text.reinterpret_q16_f32.321  lto-llvm-1ddb82.o
    0x08010638   0x08010638   0x0000000c   Code   RO         1069    .text.reinterpret_q16_q31  lto-llvm-1ddb82.o
    0x08010644   0x08010644   0x00000012   Code   RO          855    .text.reinterpret_q16_s16.132  lto-llvm-1ddb82.o
    0x08010656   0x08010656   0x00000002   PAD
    0x08010658   0x08010658   0x00000010   Code   RO         1071    .text.reinterpret_q16_s16.322  lto-llvm-1ddb82.o
    0x08010668   0x08010668   0x0000000c   Code   RO          841    .text.reinterpret_s16_q16.129  lto-llvm-1ddb82.o
    0x08010674   0x08010674   0x0000000c   Code   RO         1065    .text.reinterpret_s16_q16.320  lto-llvm-1ddb82.o
    0x08010680   0x08010680   0x0000002c   Code   RO          713    .text.spi_default_para_init  lto-llvm-1ddb82.o
    0x080106ac   0x080106ac   0x00000122   Code   RO          154    .text.spi_dma_write_bytes  bsp_lcd_spi.o
    0x080107ce   0x080107ce   0x00000002   PAD
    0x080107d0   0x080107d0   0x00000144   Code   RO          156    .text.spi_dma_write_halfwords  bsp_lcd_spi.o
    0x08010914   0x08010914   0x0000002c   Code   RO          719    .text.spi_enable    lto-llvm-1ddb82.o
    0x08010940   0x08010940   0x00000022   Code   RO          717    .text.spi_frame_bit_num_set  lto-llvm-1ddb82.o
    0x08010962   0x08010962   0x00000002   PAD
    0x08010964   0x08010964   0x0000000e   Code   RO          727    .text.spi_i2s_data_receive  lto-llvm-1ddb82.o
    0x08010972   0x08010972   0x00000002   PAD
    0x08010974   0x08010974   0x00000014   Code   RO          725    .text.spi_i2s_data_transmit  lto-llvm-1ddb82.o
    0x08010988   0x08010988   0x0000001a   Code   RO          723    .text.spi_i2s_dma_receiver_enable  lto-llvm-1ddb82.o
    0x080109a2   0x080109a2   0x00000002   PAD
    0x080109a4   0x080109a4   0x00000022   Code   RO          721    .text.spi_i2s_dma_transmitter_enable  lto-llvm-1ddb82.o
    0x080109c6   0x080109c6   0x00000002   PAD
    0x080109c8   0x080109c8   0x00000030   Code   RO          729    .text.spi_i2s_flag_get  lto-llvm-1ddb82.o
    0x080109f8   0x080109f8   0x000001fe   Code   RO          715    .text.spi_init      lto-llvm-1ddb82.o
    0x08010bf6   0x08010bf6   0x00000002   PAD
    0x08010bf8   0x08010bf8   0x000000b2   Code   RO          158    .text.spi_write_read_byte  bsp_lcd_spi.o
    0x08010caa   0x08010caa   0x00000002   PAD
    0x08010cac   0x08010cac   0x0000005e   Code   RO         1115    .text.spinning_wheel_init  lto-llvm-1ddb82.o
    0x08010d0a   0x08010d0a   0x00000002   PAD
    0x08010d0c   0x08010d0c   0x0000000c   Code   RO         1275    .text.stdout_putchar  lto-llvm-1ddb82.o
    0x08010d18   0x08010d18   0x00000170   Code   RO          773    .text.system_core_clock_update  lto-llvm-1ddb82.o
    0x08010e88   0x08010e88   0x0000003a   Code   RO          769    .text.systick_clock_source_config  lto-llvm-1ddb82.o
    0x08010ec2   0x08010ec2   0x00000002   PAD
    0x08010ec4   0x08010ec4   0x00000088   Code   RO          781    .text.tmt_create    lto-llvm-1ddb82.o
    0x08010f4c   0x08010f4c   0x0000012a   Code   RO          783    .text.tmt_delete    lto-llvm-1ddb82.o
    0x08011076   0x08011076   0x00000002   PAD
    0x08011078   0x08011078   0x00000076   Code   RO          775    .text.tmt_init      lto-llvm-1ddb82.o
    0x080110ee   0x080110ee   0x00000002   PAD
    0x080110f0   0x080110f0   0x000000b2   Code   RO          777    .text.tmt_run       lto-llvm-1ddb82.o
    0x080111a2   0x080111a2   0x00000002   PAD
    0x080111a4   0x080111a4   0x00000086   Code   RO          787    .text.tmt_run_ctrl  lto-llvm-1ddb82.o
    0x0801122a   0x0801122a   0x00000002   PAD
    0x0801122c   0x0801122c   0x00000098   Code   RO          785    .text.tmt_time_ctrl  lto-llvm-1ddb82.o
    0x080112c4   0x080112c4   0x0000006a   Code   RO          779    .text.tmt_update_tick  lto-llvm-1ddb82.o
    0x0801132e   0x0801132e   0x00000002   PAD
    0x08011330   0x08011330   0x0000009a   Code   RO         1291    .text.update_perf_counter  lto-llvm-1ddb82.o
    0x080113ca   0x080113ca   0x00000002   PAD
    0x080113cc   0x080113cc   0x0000000e   Code   RO          703    .text.usart_data_receive  lto-llvm-1ddb82.o
    0x080113da   0x080113da   0x00000002   PAD
    0x080113dc   0x080113dc   0x00000018   Code   RO          701    .text.usart_data_transmit  lto-llvm-1ddb82.o
    0x080113f4   0x080113f4   0x0000002c   Code   RO          695    .text.usart_enable  lto-llvm-1ddb82.o
    0x08011420   0x08011420   0x00000054   Code   RO          709    .text.usart_flag_clear  lto-llvm-1ddb82.o
    0x08011474   0x08011474   0x0000002a   Code   RO          707    .text.usart_flag_get  lto-llvm-1ddb82.o
    0x0801149e   0x0801149e   0x00000002   PAD
    0x080114a0   0x080114a0   0x0000009a   Code   RO          705    .text.usart_hardware_flow_control_set  lto-llvm-1ddb82.o
    0x0801153a   0x0801153a   0x00000002   PAD
    0x0801153c   0x0801153c   0x00000116   Code   RO          691    .text.usart_init    lto-llvm-1ddb82.o
    0x08011652   0x08011652   0x00000002   PAD
    0x08011654   0x08011654   0x00000078   Code   RO          693    .text.usart_parity_selection_config  lto-llvm-1ddb82.o
    0x080116cc   0x080116cc   0x0000002c   Code   RO          699    .text.usart_receiver_enable  lto-llvm-1ddb82.o
    0x080116f8   0x080116f8   0x0000002c   Code   RO          697    .text.usart_transmitter_enable  lto-llvm-1ddb82.o
    0x08011724   0x08011724   0x00000010   Code   RO          747    .text.wdt_counter_reload  lto-llvm-1ddb82.o
    0x08011734   0x08011734   0x00000020   Code   RO          751    .text.wdt_divider_set  lto-llvm-1ddb82.o
    0x08011754   0x08011754   0x00000032   Code   RO          753    .text.wdt_register_write_enable  lto-llvm-1ddb82.o
    0x08011786   0x08011786   0x00000002   PAD
    0x08011788   0x08011788   0x0000001a   Code   RO          749    .text.wdt_reload_value_set  lto-llvm-1ddb82.o
    0x080117a2   0x080117a2   0x00000002   PAD
    0x080117a4   0x080117a4   0x00000034   Code   RO          629    .text.wk_delay_ms   lto-llvm-1ddb82.o
    0x080117d8   0x080117d8   0x0000004a   Code   RO          639    .text.wk_dma1_channel1_init  lto-llvm-1ddb82.o
    0x08011822   0x08011822   0x00000002   PAD
    0x08011824   0x08011824   0x00000058   Code   RO          641    .text.wk_dma1_channel2_init  lto-llvm-1ddb82.o
    0x0801187c   0x0801187c   0x0000005a   Code   RO          643    .text.wk_dma1_channel3_init  lto-llvm-1ddb82.o
    0x080118d6   0x080118d6   0x00000002   PAD
    0x080118d8   0x080118d8   0x00000026   Code   RO          645    .text.wk_dma_channel_config  lto-llvm-1ddb82.o
    0x080118fe   0x080118fe   0x00000002   PAD
    0x08011900   0x08011900   0x000000f6   Code   RO          647    .text.wk_gpio_config  lto-llvm-1ddb82.o
    0x080119f6   0x080119f6   0x00000002   PAD
    0x080119f8   0x080119f8   0x00000098   Code   RO          613    .text.wk_nvic_config  lto-llvm-1ddb82.o
    0x08011a90   0x08011a90   0x00000056   Code   RO          611    .text.wk_periph_clock_config  lto-llvm-1ddb82.o
    0x08011ae6   0x08011ae6   0x00000002   PAD
    0x08011ae8   0x08011ae8   0x000000e8   Code   RO          635    .text.wk_spi2_init  lto-llvm-1ddb82.o
    0x08011bd0   0x08011bd0   0x00000100   Code   RO          609    .text.wk_system_clock_config  lto-llvm-1ddb82.o
    0x08011cd0   0x08011cd0   0x0000000c   Code   RO          627    .text.wk_timebase_get  lto-llvm-1ddb82.o
    0x08011cdc   0x08011cdc   0x00000008   Code   RO          633    .text.wk_timebase_handler  lto-llvm-1ddb82.o
    0x08011ce4   0x08011ce4   0x00000010   Code   RO          625    .text.wk_timebase_increase  lto-llvm-1ddb82.o
    0x08011cf4   0x08011cf4   0x00000056   Code   RO          631    .text.wk_timebase_init  lto-llvm-1ddb82.o
    0x08011d4a   0x08011d4a   0x00000002   PAD
    0x08011d4c   0x08011d4c   0x00000082   Code   RO          637    .text.wk_usart1_init  lto-llvm-1ddb82.o
    0x08011dce   0x08011dce   0x00000002   PAD
    0x08011dd0   0x08011dd0   0x00000014   Code   RO          649    .text.wk_wdt_init   lto-llvm-1ddb82.o
    0x08011de4   0x08011de4   0x00000034   Code   RO          422    i.__0vsnprintf      mc_w.l(printfa.o)
    0x08011e18   0x08011e18   0x000000b0   Code   RO          345    i.__hardfp_fmodf    m_wm.l(fmodf.o)
    0x08011ec8   0x08011ec8   0x000000c2   Code   RO          390    i.__hardfp_lroundf  m_wm.l(lroundf.o)
    0x08011f8a   0x08011f8a   0x00000002   PAD
    0x08011f8c   0x08011f8c   0x00000010   Code   RO          501    i.__mathlib_flt_invalid  m_wm.l(funder.o)
    0x08011f9c   0x08011f9c   0x0000000e   Code   RO         1415    i.__scatterload_copy  mc_w.l(handlers.o)
    0x08011faa   0x08011faa   0x00000002   Code   RO         1416    i.__scatterload_null  mc_w.l(handlers.o)
    0x08011fac   0x08011fac   0x0000000e   Code   RO         1417    i.__scatterload_zeroinit  mc_w.l(handlers.o)
    0x08011fba   0x08011fba   0x00000002   PAD
    0x08011fbc   0x08011fbc   0x0000000c   Code   RO          556    i.__set_errno       mc_w.l(errno.o)
    0x08011fc8   0x08011fc8   0x00000184   Code   RO          424    i._fp_digits        mc_w.l(printfa.o)
    0x0801214c   0x0801214c   0x000006dc   Code   RO          425    i._printf_core      mc_w.l(printfa.o)
    0x08012828   0x08012828   0x00000024   Code   RO          426    i._printf_post_padding  mc_w.l(printfa.o)
    0x0801284c   0x0801284c   0x0000002e   Code   RO          427    i._printf_pre_padding  mc_w.l(printfa.o)
    0x0801287a   0x0801287a   0x00000016   Code   RO          428    i._snputc           mc_w.l(printfa.o)
    0x08012890   0x08012890   0x00000018   Code   RO          397    i.fputs             mc_w.l(fputs.o)
    0x080128a8   0x080128a8   0x00000050   Code   RO          444    i.free              mc_w.l(malloc.o)
    0x080128f8   0x080128f8   0x0000006c   Code   RO          445    i.malloc            mc_w.l(malloc.o)
    0x08012964   0x08012964   0x00000018   Data   RO         1366    .rodata..L__const.__pfb_draw_scene_mono_clock_handler.__layout_assistant__  lto-llvm-1ddb82.o
    0x0801297c   0x0801297c   0x00000054   Data   RO         1360    .rodata..L__const.__user_scene_player_init.tCFG  lto-llvm-1ddb82.o
    0x080129d0   0x080129d0   0x00000024   Data   RO         1367    .rodata.ARM_2D_FONT_6x8  lto-llvm-1ddb82.o
    0x080129f4   0x080129f4   0x0000002c   Data   RO         1365    .rodata.ARM_2D_FONT_SQUARE_DIGITS_24_A1  lto-llvm-1ddb82.o
    0x08012a20   0x08012a20   0x00000010   Data   RO         1350    .rodata.ARM_2D_OP_DRAW_PATTERN_RGB16  lto-llvm-1ddb82.o
    0x08012a30   0x08012a30   0x00000010   Data   RO         1351    .rodata.ARM_2D_OP_FILL_COLOUR_C8BIT  lto-llvm-1ddb82.o
    0x08012a40   0x08012a40   0x00000010   Data   RO         1352    .rodata.ARM_2D_OP_FILL_COLOUR_RGB16  lto-llvm-1ddb82.o
    0x08012a50   0x08012a50   0x00000010   Data   RO         1353    .rodata.ARM_2D_OP_FILL_COLOUR_RGB32  lto-llvm-1ddb82.o
    0x08012a60   0x08012a60   0x00000010   Data   RO         1344    .rodata.ARM_2D_OP_FILL_COLOUR_WITH_A1_MASK_AND_OPACITY_RGB565  lto-llvm-1ddb82.o
    0x08012a70   0x08012a70   0x00000010   Data   RO         1345    .rodata.ARM_2D_OP_FILL_COLOUR_WITH_MASK_AND_OPACITY_RGB565  lto-llvm-1ddb82.o
    0x08012a80   0x08012a80   0x00000010   Data   RO         1355    .rodata.ARM_2D_OP_FILL_COLOUR_WITH_MSK_OPACITY_AND_TRANSFORM_RGB565  lto-llvm-1ddb82.o
    0x08012a90   0x08012a90   0x00000010   Data   RO         1341    .rodata.ARM_2D_OP_FILL_COLOUR_WITH_OPACITY_RGB565  lto-llvm-1ddb82.o
    0x08012aa0   0x08012aa0   0x00000380   Data   RO         1328    .rodata.Font_6x8_h  lto-llvm-1ddb82.o
    0x08012e20   0x08012e20   0x00000008   Data   RO         1346    .rodata.LOW_LEVEL_IO__ARM_2D_IO_DRAW_PATTERN_RGB16  lto-llvm-1ddb82.o
    0x08012e28   0x08012e28   0x00000008   Data   RO         1342    .rodata.LOW_LEVEL_IO__ARM_2D_IO_FILL_COLOUR_A1_MASK_AND_OPACITY_RGB565  lto-llvm-1ddb82.o
    0x08012e30   0x08012e30   0x00000008   Data   RO         1347    .rodata.LOW_LEVEL_IO__ARM_2D_IO_FILL_COLOUR_C8BIT  lto-llvm-1ddb82.o
    0x08012e38   0x08012e38   0x00000008   Data   RO         1343    .rodata.LOW_LEVEL_IO__ARM_2D_IO_FILL_COLOUR_MASK_AND_OPACITY_RGB565  lto-llvm-1ddb82.o
    0x08012e40   0x08012e40   0x00000008   Data   RO         1348    .rodata.LOW_LEVEL_IO__ARM_2D_IO_FILL_COLOUR_RGB16  lto-llvm-1ddb82.o
    0x08012e48   0x08012e48   0x00000008   Data   RO         1349    .rodata.LOW_LEVEL_IO__ARM_2D_IO_FILL_COLOUR_RGB32  lto-llvm-1ddb82.o
    0x08012e50   0x08012e50   0x00000008   Data   RO         1354    .rodata.LOW_LEVEL_IO__ARM_2D_IO_FILL_COLOUR_WITH_MSK_OPACITY_AND_TRANSFORM_RGB565  lto-llvm-1ddb82.o
    0x08012e58   0x08012e58   0x00000008   Data   RO         1340    .rodata.LOW_LEVEL_IO__ARM_2D_IO_FILL_COLOUR_WITH_OPACITY_RGB565  lto-llvm-1ddb82.o
    0x08012e60   0x08012e60   0x00000010   Data   RO         1324    .rodata.cst16       lto-llvm-1ddb82.o
    0x08012e70   0x08012e70   0x00000018   Data   RO         1323    .rodata.cst8        lto-llvm-1ddb82.o
    0x08012e88   0x08012e88   0x00000804   Data   RO         1368    .rodata.sinTable_f32  lto-llvm-1ddb82.o
    0x0801368c   0x0801368c   0x00000804   Data   RO         1369    .rodata.sinTable_q31  lto-llvm-1ddb82.o
    0x08013e90   0x08013e90   0x00000d2c   Data   RO         1334    .rodata.str1.1      lto-llvm-1ddb82.o
    0x08014bbc   0x08014bbc   0x00000006   Data   RO         1325    .rodata.system_core_clock_update.pll_fr_table  lto-llvm-1ddb82.o
    0x08014bc2   0x08014bc2   0x00000002   PAD
    0x08014bc4   0x08014bc4   0x00000020   Data   RO         1414    Region$$Table       anon$$obj.o
    0x08014be4   0x08014be4   0x000002c2   Data   RO         1362    arm2d.asset.FONT    lto-llvm-1ddb82.o
    0x08014ea6   0x08014ea6   0x00000002   PAD
    0x08014ea8   0x08014ea8   0x000000c4   Data   RO         1330    arm2d.asset.c_bmpWhiteDotAlpha  lto-llvm-1ddb82.o
    0x08014f6c   0x08014f6c   0x00000188   Data   RO         1329    arm2d.asset.c_bmpWhiteDotRGB565  lto-llvm-1ddb82.o
    0x080150f4   0x080150f4   0x00000010   Data   RO         1363    arm2d.tile.c_tileUTF8SQUARE_DIGITS_24A1Mask  lto-llvm-1ddb82.o
    0x08015104   0x08015104   0x00000010   Data   RO         1361    arm2d.tile.c_tileWhiteDotMask  lto-llvm-1ddb82.o
    0x08015114   0x08015114   0x00000010   Data   RO         1336    arm2d.tile.c_tileWhiteDotRGB565  lto-llvm-1ddb82.o
    0x08015124   0x08015124   0x00000004   Data   RO         1370    .init_array         lto-llvm-1ddb82.o
    0x08015128   0x08015124   0x00000000   Data   RO         1395    .init_array         mc_w.l(cpp_init.o)


    Execution Region RW_IRAM1 (Exec base: 0x20000000, Load base: 0x08015128, Size: 0x00003af0, Max: 0x00004000, ABSOLUTE, COMPRESSED[0x00000050])

    Exec Addr    Load Addr    Size         Type   Attr      Idx    E Section Name        Object

    0x20000000   COMPRESSED   0x00000004   Data   RW          409    .data               mc_w.l(stdout.o)
    0x20000004   COMPRESSED   0x00000004   Data   RW          410    .data               mc_w.l(stderr.o)
    0x20000008   COMPRESSED   0x00000004   Data   RW          552    .data               mc_w.l(mvars.o)
    0x2000000c   COMPRESSED   0x00000004   Data   RW          553    .data               mc_w.l(mvars.o)
    0x20000010   COMPRESSED   0x00000004   Data   RW          557    .data               mc_w.l(errno.o)
    0x20000014   COMPRESSED   0x00000004   Data   RW         1383    .data.SystemCoreClock  lto-llvm-1ddb82.o
    0x20000018   COMPRESSED   0x0000008c   Data   RW         1358    .data.disp_adapter0_init.s_tScenes  lto-llvm-1ddb82.o
    0x200000a4   COMPRESSED   0x00000014   Data   RW         1357    .data.disp_adapter0_navigator_init.s_tNavDirtyRegionList  lto-llvm-1ddb82.o
    0x200000b8   COMPRESSED   0x00000064   Data   RW         1364    .data.s_tDirtyRegions.690  lto-llvm-1ddb82.o
    0x2000011c   COMPRESSED   0x00000004   PAD
    0x20000120   COMPRESSED   0x00000004   Data   RW         1332    .data.s_tHelper.1   lto-llvm-1ddb82.o
    0x20000124   COMPRESSED   0x00000094   Data   RW         1335    .data.s_tLCDTextControl  lto-llvm-1ddb82.o
    0x200001b8   COMPRESSED   0x00000004   Data   RW         1375    .data.s_wMSUnit     lto-llvm-1ddb82.o
    0x200001bc   COMPRESSED   0x00000004   Data   RW         1378    .data.s_wUSUnit     lto-llvm-1ddb82.o
    0x200001c0        -       0x00000001   Zero   RW         1338    .bss.busy_wheel2_show.s_chOffset  lto-llvm-1ddb82.o
    0x200001c1   COMPRESSED   0x00000003   PAD
    0x200001c4        -       0x00000014   Zero   RW          160    .bss.dma_init_struct  bsp_lcd_spi.o
    0x200001d8        -       0x00000008   Zero   RW         1372    .bss.g_lLastTimeStamp  lto-llvm-1ddb82.o
    0x200001e0        -       0x00000004   Zero   RW         1371    .bss.g_nOffset      lto-llvm-1ddb82.o
    0x200001e4        -       0x0000000e   Zero   RW          146    .bss.lcddev         lcd_init.o
    0x200001f2   COMPRESSED   0x00000006   PAD
    0x200001f8        -       0x000002e8   Zero   RW         1337    .bss.noinit         lto-llvm-1ddb82.o
    0x200004e0        -       0x0000141c   Zero   RW         1359    .bss.noinit.arm_2d_pfb_pool  lto-llvm-1ddb82.o
    0x200018fc        -       0x0000007c   Zero   RW         1326    .bss.object         lto-llvm-1ddb82.o
    0x20001978        -       0x00000008   Zero   RW         1339    .bss.s_lLastTime2   lto-llvm-1ddb82.o
    0x20001980        -       0x00000008   Zero   RW         1380    .bss.s_lOldTimestamp  lto-llvm-1ddb82.o
    0x20001988        -       0x00000008   Zero   RW         1382    .bss.s_lOldTimestampMS  lto-llvm-1ddb82.o
    0x20001990        -       0x00000008   Zero   RW         1381    .bss.s_lOldTimestampUS  lto-llvm-1ddb82.o
    0x20001998        -       0x00000008   Zero   RW         1373    .bss.s_lSystemClockCounts  lto-llvm-1ddb82.o
    0x200019a0        -       0x00000008   Zero   RW         1376    .bss.s_lSystemMS    lto-llvm-1ddb82.o
    0x200019a8        -       0x00000008   Zero   RW         1379    .bss.s_lSystemUS    lto-llvm-1ddb82.o
    0x200019b0        -       0x00000001   Zero   RW         1331    .bss.s_tHelper.0    lto-llvm-1ddb82.o
    0x200019b1   COMPRESSED   0x00000007   PAD
    0x200019b8        -       0x00000008   Zero   RW         1333    .bss.s_tHelper.2    lto-llvm-1ddb82.o
    0x200019c0        -       0x000000e8   Zero   RW         1356    .bss.s_tMaskRotateCB  lto-llvm-1ddb82.o
    0x20001aa8        -       0x00000004   Zero   RW         1374    .bss.s_wMSResidule  lto-llvm-1ddb82.o
    0x20001aac        -       0x00000004   Zero   RW         1377    .bss.s_wUSResidule  lto-llvm-1ddb82.o
    0x20001ab0        -       0x00000024   Zero   RW           42    .bss.tUsart2Buffer  at32_usart.o
    0x20001ad4        -       0x00000004   Zero   RW         1322    .bss.timebase_ticks  lto-llvm-1ddb82.o
    0x20001ad8        -       0x00000018   Zero   RW         1327    .bss.tmt            lto-llvm-1ddb82.o
    0x20001af0        -       0x00001000   Zero   RW           21    HEAP                startup_at32m412_416.o
    0x20002af0        -       0x00001000   Zero   RW           20    STACK               startup_at32m412_416.o


==============================================================================

Image component sizes


      Code (inc. data)   RO Data    RW Data    ZI Data      Debug   Object Name

       194          0          0          0         36       4958   at32_usart.o
       792          0          0          0         20       5109   bsp_lcd_spi.o
       402          0          0          0          0      15221   lcd.o
      1154          4          0          0         14       7333   lcd_init.o
     67360        174      10144        424       6362     551588   lto-llvm-1ddb82.o
        36          8        444          0       8192        848   startup_at32m412_416.o
        28          8          0          0          0        534   systick_wrapper_gnu.o
         2          0          0          0          0       6899   touch.o
       202          0          0          0          0       2373   util_queue.o

    ----------------------------------------------------------------------
     70524        198      10624        428      14640     594863   Object Totals
         0          0         32          0          0          0   (incl. Generated)
       354          4          4          4         16          0   (incl. Padding)

    ----------------------------------------------------------------------

      Code (inc. data)   RO Data    RW Data    ZI Data      Debug   Library Member Name

       176          0          0          0          0        168   fmodf.o
        16          6          0          0          0        116   funder.o
       194          0          0          0          0        144   lroundf.o
        58          0          0          0          0          0   __dczerorl.o
        40          8          0          0          0         80   cpp_init.o
         0          0          0          0          0          0   entry.o
         0          0          0          0          0          0   entry10a.o
         0          0          0          0          0          0   entry11a.o
         8          4          0          0          0          0   entry2.o
         4          0          0          0          0          0   entry5.o
         0          0          0          0          0          0   entry7b.o
         4          0          0          0          0          0   entry8a.o
         0          0          0          0          0          0   entry8b.o
         8          4          0          0          0          0   entry9a.o
        12          6          0          4          0         68   errno.o
        24          0          0          0          0         80   fputs.o
        30          0          0          0          0          0   handlers.o
        48         10          0          0          0         68   init.o
         0          0          0          0          0          0   iusefp.o
        98          0          0          0          0         84   ldiv.o
        30          0          0          0          0         68   llshl.o
        36          0          0          0          0         68   llsshr.o
        32          0          0          0          0         68   llushr.o
       188         20          0          0          0        160   malloc.o
        36          0          0          0          0         68   memcpya.o
        36          0          0          0          0        108   memseta.o
         0          0          0          8          0          0   mvars.o
      2300         86          0          0          0        516   printfa.o
         0          0          0          4          0          0   stderr.o
         0          0          0          4          0          0   stdout.o
        30          0          0          0          0         80   strncmp.o
        44          0          0          0          0         80   uidiv.o
        98          0          0          0          0         92   uldiv.o
        48          0          0          0          0         68   cdrcmple.o
        56          0          0          0          0         88   d2f.o
       334          0          0          0          0        148   dadd.o
        54          0          0          0          0         80   dcmpgt.o
       222          0          0          0          0        100   ddiv.o
       186          0          0          0          0        176   depilogue.o
        48          0          0          0          0         68   dfixul.o
        40          0          0          0          0         80   dfltl.o
        24          0          0          0          0         76   dfltul.o
       228          0          0          0          0         96   dmul.o
        38          0          0          0          0         68   f2d.o
       110          0          0          0          0        168   fepilogue.o
        76          0          0          0          0         76   ffixir.o
        82          0          0          0          0         96   frem.o
        60          0          0          0          0         76   frnd.o

    ----------------------------------------------------------------------
      5164        144          0         20          0       3580   Library Totals
         8          0          0          0          0          0   (incl. Padding)

    ----------------------------------------------------------------------

      Code (inc. data)   RO Data    RW Data    ZI Data      Debug   Library Name

       386          6          0          0          0        428   m_wm.l
      3164        138          0         20          0       1688   mc_w.l
      1606          0          0          0          0       1464   mf_w.l

    ----------------------------------------------------------------------
      5164        144          0         20          0       3580   Library Totals

    ----------------------------------------------------------------------

==============================================================================


      Code (inc. data)   RO Data    RW Data    ZI Data      Debug   

     75688        342      10624        448      14640     596691   Grand Totals
     75688        342      10624         80      14640     596691   ELF Image Totals (compressed)
     75688        342      10624         80          0          0   ROM Totals

==============================================================================

    Total RO  Size (Code + RO Data)                86312 (  84.29kB)
    Total RW  Size (RW Data + ZI Data)             15088 (  14.73kB)
    Total ROM Size (Code + RO Data + RW Data)      86392 (  84.37kB)

==============================================================================

