Component: Arm Compiler for Embedded 6.22 Tool: armlink [5ee90200]

==============================================================================

Section Cross References

    startup_at32m412_416.o(RESET) refers to startup_at32m412_416.o(STACK) for __initial_sp
    startup_at32m412_416.o(RESET) refers to startup_at32m412_416.o(.text) for Reset_Handler
    startup_at32m412_416.o(RESET) refers to lto-llvm-6cd09c.o(.text.NMI_Handler) for NMI_Handler
    startup_at32m412_416.o(RESET) refers to lto-llvm-6cd09c.o(.text.HardFault_Handler) for HardFault_Handler
    startup_at32m412_416.o(RESET) refers to lto-llvm-6cd09c.o(.text.MemManage_Handler) for MemManage_Handler
    startup_at32m412_416.o(RESET) refers to lto-llvm-6cd09c.o(.text.BusFault_Handler) for BusFault_Handler
    startup_at32m412_416.o(RESET) refers to lto-llvm-6cd09c.o(.text.UsageFault_Handler) for UsageFault_Handler
    startup_at32m412_416.o(RESET) refers to lto-llvm-6cd09c.o(.text.SVC_Handler) for SVC_Handler
    startup_at32m412_416.o(RESET) refers to lto-llvm-6cd09c.o(.text.DebugMon_Handler) for DebugMon_Handler
    startup_at32m412_416.o(RESET) refers to lto-llvm-6cd09c.o(.text.PendSV_Handler) for PendSV_Handler
    startup_at32m412_416.o(RESET) refers to systick_wrapper_gnu.o(.text) for SysTick_Handler
    startup_at32m412_416.o(RESET) refers to lto-llvm-6cd09c.o(.text.USART1_IRQHandler) for USART1_IRQHandler
    startup_at32m412_416.o(RESET) refers to lto-llvm-6cd09c.o(.text.USART2_IRQHandler) for USART2_IRQHandler
    startup_at32m412_416.o(.text) refers to lto-llvm-6cd09c.o(.text.SystemInit) for SystemInit
    startup_at32m412_416.o(.text) refers to entry.o(.ARM.Collect$$$$00000000) for __main
    systick_wrapper_gnu.o(.text) refers to lto-llvm-6cd09c.o(.text.perfc_port_insert_to_system_timer_insert_ovf_handler) for perfc_port_insert_to_system_timer_insert_ovf_handler
    systick_wrapper_gnu.o(.text) refers to lto-llvm-6cd09c.o(.text.SysTick_Handler) for $Super$$SysTick_Handler
    exp.o(i.__hardfp_exp) refers (Special) to iusefp.o(.text) for __I$use$fp
    exp.o(i.__hardfp_exp) refers to dunder.o(i.__mathlib_dbl_infnan) for __mathlib_dbl_infnan
    exp.o(i.__hardfp_exp) refers to cdrcmple.o(.text) for __aeabi_cdrcmple
    exp.o(i.__hardfp_exp) refers to errno.o(i.__set_errno) for __set_errno
    exp.o(i.__hardfp_exp) refers to dunder.o(i.__mathlib_dbl_overflow) for __mathlib_dbl_overflow
    exp.o(i.__hardfp_exp) refers to cdcmple.o(.text) for __aeabi_cdcmple
    exp.o(i.__hardfp_exp) refers to dunder.o(i.__mathlib_dbl_underflow) for __mathlib_dbl_underflow
    exp.o(i.__hardfp_exp) refers to dadd.o(.text) for __aeabi_dsub
    exp.o(i.__hardfp_exp) refers to dmul.o(.text) for __aeabi_dmul
    exp.o(i.__hardfp_exp) refers to dfixi.o(.text) for __aeabi_d2iz
    exp.o(i.__hardfp_exp) refers to dflti.o(.text) for __aeabi_i2d
    exp.o(i.__hardfp_exp) refers to poly.o(i.__kernel_poly) for __kernel_poly
    exp.o(i.__hardfp_exp) refers to ddiv.o(.text) for __aeabi_ddiv
    exp.o(i.__hardfp_exp) refers to fpclassify.o(i.__ARM_fpclassify) for __ARM_fpclassify
    exp.o(i.__hardfp_exp) refers to exp.o(.constdata) for .constdata
    exp.o(i.__softfp_exp) refers (Special) to iusefp.o(.text) for __I$use$fp
    exp.o(i.__softfp_exp) refers to exp.o(i.__hardfp_exp) for __hardfp_exp
    exp.o(i.exp) refers (Special) to iusefp.o(.text) for __I$use$fp
    exp.o(i.exp) refers to exp.o(i.__hardfp_exp) for __hardfp_exp
    exp.o(.constdata) refers (Special) to iusefp.o(.text) for __I$use$fp
    expf.o(i.__hardfp_expf) refers (Special) to iusefp.o(.text) for __I$use$fp
    expf.o(i.__hardfp_expf) refers to errno.o(i.__set_errno) for __set_errno
    expf.o(i.__hardfp_expf) refers to funder.o(i.__mathlib_flt_underflow) for __mathlib_flt_underflow
    expf.o(i.__hardfp_expf) refers to funder.o(i.__mathlib_flt_infnan) for __mathlib_flt_infnan
    expf.o(i.__hardfp_expf) refers to funder.o(i.__mathlib_flt_overflow) for __mathlib_flt_overflow
    expf.o(i.__hardfp_expf) refers to fpclassifyf.o(i.__ARM_fpclassifyf) for __ARM_fpclassifyf
    expf.o(i.__hardfp_expf) refers to expf.o(.constdata) for .constdata
    expf.o(i.__softfp_expf) refers (Special) to iusefp.o(.text) for __I$use$fp
    expf.o(i.__softfp_expf) refers to expf.o(i.__hardfp_expf) for __hardfp_expf
    expf.o(i.expf) refers (Special) to iusefp.o(.text) for __I$use$fp
    expf.o(i.expf) refers to expf.o(i.__hardfp_expf) for __hardfp_expf
    expf.o(.constdata) refers (Special) to iusefp.o(.text) for __I$use$fp
    fmodf.o(i.__hardfp_fmodf) refers (Special) to iusefp.o(.text) for __I$use$fp
    fmodf.o(i.__hardfp_fmodf) refers to frem.o(.text) for _frem
    fmodf.o(i.__hardfp_fmodf) refers to errno.o(i.__set_errno) for __set_errno
    fmodf.o(i.__hardfp_fmodf) refers to funder.o(i.__mathlib_flt_invalid) for __mathlib_flt_invalid
    fmodf.o(i.__softfp_fmodf) refers (Special) to iusefp.o(.text) for __I$use$fp
    fmodf.o(i.__softfp_fmodf) refers to fmodf.o(i.__hardfp_fmodf) for __hardfp_fmodf
[...]
    busy_wheel2_show.s_chOffset              0x20000158   Data           1  lto-llvm-6cd09c.o(.bss.busy_wheel2_show.s_chOffset)
    [Anonymous Symbol]                       0x20000158   Section        0  lto-llvm-6cd09c.o(.bss.busy_wheel2_show.s_chOffset)
    dma_init_struct                          0x2000015c   Data          20  lto-llvm-6cd09c.o(.bss.dma_init_struct)
    [Anonymous Symbol]                       0x2000015c   Section        0  lto-llvm-6cd09c.o(.bss.dma_init_struct)
    g_lLastTimeStamp                         0x20000170   Data           8  lto-llvm-6cd09c.o(.bss.g_lLastTimeStamp)
    [Anonymous Symbol]                       0x20000170   Section        0  lto-llvm-6cd09c.o(.bss.g_lLastTimeStamp)
    g_nOffset                                0x20000178   Data           4  lto-llvm-6cd09c.o(.bss.g_nOffset)
    [Anonymous Symbol]                       0x20000178   Section        0  lto-llvm-6cd09c.o(.bss.g_nOffset)
    s_tDotsLocation                          0x20000180   Data          32  lto-llvm-6cd09c.o(.bss.noinit)
    [Anonymous Symbol]                       0x20000180   Section        0  lto-llvm-6cd09c.o(.bss.noinit)
    s_tAlphaTable                            0x200001a0   Data           8  lto-llvm-6cd09c.o(.bss.noinit)
    ARM_2D_CTRL                              0x200001a8   Data         156  lto-llvm-6cd09c.o(.bss.noinit)
    DISP0_ADAPTER                            0x20000248   Data         384  lto-llvm-6cd09c.o(.bss.noinit)
    __user_scene_player_init.s_tDirtyRegionList 0x200003c8   Data         160  lto-llvm-6cd09c.o(.bss.noinit)
    __user_scene_player_init.s_tPFBs         0x20000468   Data        5148  lto-llvm-6cd09c.o(.bss.noinit.arm_2d_pfb_pool)
    [Anonymous Symbol]                       0x20000468   Section        0  lto-llvm-6cd09c.o(.bss.noinit.arm_2d_pfb_pool)
    object                                   0x20001884   Data         124  lto-llvm-6cd09c.o(.bss.object)
    [Anonymous Symbol]                       0x20001884   Section        0  lto-llvm-6cd09c.o(.bss.object)
    s_lLastTime2                             0x20001900   Data           8  lto-llvm-6cd09c.o(.bss.s_lLastTime2)
    [Anonymous Symbol]                       0x20001900   Section        0  lto-llvm-6cd09c.o(.bss.s_lLastTime2)
    s_lOldTimestamp                          0x20001908   Data           8  lto-llvm-6cd09c.o(.bss.s_lOldTimestamp)
    [Anonymous Symbol]                       0x20001908   Section        0  lto-llvm-6cd09c.o(.bss.s_lOldTimestamp)
    s_lOldTimestampMS                        0x20001910   Data           8  lto-llvm-6cd09c.o(.bss.s_lOldTimestampMS)
    [Anonymous Symbol]                       0x20001910   Section        0  lto-llvm-6cd09c.o(.bss.s_lOldTimestampMS)
    s_lOldTimestampUS                        0x20001918   Data           8  lto-llvm-6cd09c.o(.bss.s_lOldTimestampUS)
    [Anonymous Symbol]                       0x20001918   Section        0  lto-llvm-6cd09c.o(.bss.s_lOldTimestampUS)
    s_lSystemClockCounts                     0x20001920   Data           8  lto-llvm-6cd09c.o(.bss.s_lSystemClockCounts)
    [Anonymous Symbol]                       0x20001920   Section        0  lto-llvm-6cd09c.o(.bss.s_lSystemClockCounts)
    s_lSystemMS                              0x20001928   Data           8  lto-llvm-6cd09c.o(.bss.s_lSystemMS)
    [Anonymous Symbol]                       0x20001928   Section        0  lto-llvm-6cd09c.o(.bss.s_lSystemMS)
    s_lSystemUS                              0x20001930   Data           8  lto-llvm-6cd09c.o(.bss.s_lSystemUS)
    [Anonymous Symbol]                       0x20001930   Section        0  lto-llvm-6cd09c.o(.bss.s_lSystemUS)
    s_tHelper.0                              0x20001938   Data           1  lto-llvm-6cd09c.o(.bss.s_tHelper.0)
    [Anonymous Symbol]                       0x20001938   Section        0  lto-llvm-6cd09c.o(.bss.s_tHelper.0)
    s_tHelper.2                              0x20001940   Data           8  lto-llvm-6cd09c.o(.bss.s_tHelper.2)
    [Anonymous Symbol]                       0x20001940   Section        0  lto-llvm-6cd09c.o(.bss.s_tHelper.2)
    s_tMaskRotateCB                          0x20001948   Data         232  lto-llvm-6cd09c.o(.bss.s_tMaskRotateCB)
    [Anonymous Symbol]                       0x20001948   Section        0  lto-llvm-6cd09c.o(.bss.s_tMaskRotateCB)
    s_wMSResidule                            0x20001a30   Data           4  lto-llvm-6cd09c.o(.bss.s_wMSResidule)
    [Anonymous Symbol]                       0x20001a30   Section        0  lto-llvm-6cd09c.o(.bss.s_wMSResidule)
    s_wUSResidule                            0x20001a34   Data           4  lto-llvm-6cd09c.o(.bss.s_wUSResidule)
    [Anonymous Symbol]                       0x20001a34   Section        0  lto-llvm-6cd09c.o(.bss.s_wUSResidule)
    tUsart2Buffer                            0x20001a38   Data          36  lto-llvm-6cd09c.o(.bss.tUsart2Buffer)
    [Anonymous Symbol]                       0x20001a38   Section        0  lto-llvm-6cd09c.o(.bss.tUsart2Buffer)
    timebase_ticks                           0x20001a5c   Data           4  lto-llvm-6cd09c.o(.bss.timebase_ticks)
    [Anonymous Symbol]                       0x20001a5c   Section        0  lto-llvm-6cd09c.o(.bss.timebase_ticks)
    tmt                                      0x20001a60   Data          24  lto-llvm-6cd09c.o(.bss.tmt)
    [Anonymous Symbol]                       0x20001a60   Section        0  lto-llvm-6cd09c.o(.bss.tmt)
    HEAP                                     0x20001a78   Section      512  startup_at32m412_416.o(HEAP)
    STACK                                    0x20001c78   Section     2048  startup_at32m412_416.o(STACK)

    Global Symbols

    Symbol Name                              Value     Ov Type        Size  Object(Section)

    BuildAttributes$$THM_ISAv4$E$P$D$K$B$S$7EM$VFPi3$EXTD16$VFPS$VFMA$PE$A:L22UL41UL21$X:L11$S22US41US21$IEEE1$IW$~IW$USESV6$~STKCKD$USESV7$~SHL$OTIME$ROPI$IEEEX$EBA8$MICROLIB$REQ8$PRES8$EABIv2 0x00000000   Number         0  anon$$obj.o ABSOLUTE
    __cxa_finalize                            - Undefined Weak Reference
    _clock_init                               - Undefined Weak Reference
    _microlib_exit                            - Undefined Weak Reference
    __Vectors_Size                           0x000001bc   Number         0  startup_at32m412_416.o ABSOLUTE
    __Vectors                                0x08000000   Data           4  startup_at32m412_416.o(RESET)
    __Vectors_End                            0x080001bc   Data           0  startup_at32m412_416.o(RESET)
    __main                                   0x080001bd   Thumb Code     0  entry.o(.ARM.Collect$$$$00000000)
    _main_stk                                0x080001bd   Thumb Code     0  entry2.o(.ARM.Collect$$$$00000001)
    _main_scatterload                        0x080001c1   Thumb Code     0  entry5.o(.ARM.Collect$$$$00000004)
    __main_after_scatterload                 0x080001c5   Thumb Code     0  entry5.o(.ARM.Collect$$$$00000004)
    _main_clock                              0x080001c5   Thumb Code     0  entry7b.o(.ARM.Collect$$$$00000008)
    _main_cpp_init$empty                     0x080001c5   Thumb Code     0  entry8a.o(.ARM.Collect$$$$00000009)
    _main_cpp_init                           0x080001c9   Thumb Code     0  entry8b.o(.ARM.Collect$$$$0000000A)
    _main_init                               0x080001c9   Thumb Code     0  entry9a.o(.ARM.Collect$$$$0000000B)
    __rt_final_cpp                           0x080001d1   Thumb Code     0  entry10a.o(.ARM.Collect$$$$0000000D)
    __rt_final_exit                          0x080001d1   Thumb Code     0  entry11a.o(.ARM.Collect$$$$0000000F)
    Reset_Handler                            0x080001d5   Thumb Code     8  startup_at32m412_416.o(.text)
    ADC1_2_IRQHandler                        0x080001ef   Thumb Code     0  startup_at32m412_416.o(.text)
    CAN1_ERR_IRQHandler                      0x080001ef   Thumb Code     0  startup_at32m412_416.o(.text)
    CAN1_RX_IRQHandler                       0x080001ef   Thumb Code     0  startup_at32m412_416.o(.text)
    CAN1_STAT_IRQHandler                     0x080001ef   Thumb Code     0  startup_at32m412_416.o(.text)
    CAN1_TX_IRQHandler                       0x080001ef   Thumb Code     0  startup_at32m412_416.o(.text)
    CMP2_1_IRQHandler                        0x080001ef   Thumb Code     0  startup_at32m412_416.o(.text)
    CRM_IRQHandler                           0x080001ef   Thumb Code     0  startup_at32m412_416.o(.text)
    DMA1_Channel1_IRQHandler                 0x080001ef   Thumb Code     0  startup_at32m412_416.o(.text)
    DMA1_Channel2_IRQHandler                 0x080001ef   Thumb Code     0  startup_at32m412_416.o(.text)
    DMA1_Channel3_IRQHandler                 0x080001ef   Thumb Code     0  startup_at32m412_416.o(.text)
    DMA1_Channel4_IRQHandler                 0x080001ef   Thumb Code     0  startup_at32m412_416.o(.text)
    DMA1_Channel5_IRQHandler                 0x080001ef   Thumb Code     0  startup_at32m412_416.o(.text)
    DMA1_Channel6_IRQHandler                 0x080001ef   Thumb Code     0  startup_at32m412_416.o(.text)
    DMA1_Channel7_IRQHandler                 0x080001ef   Thumb Code     0  startup_at32m412_416.o(.text)
    DMAMUX_IRQHandler                        0x080001ef   Thumb Code     0  startup_at32m412_416.o(.text)
    ERTCAlarm_IRQHandler                     0x080001ef   Thumb Code     0  startup_at32m412_416.o(.text)
    ERTC_WKUP_IRQHandler                     0x080001ef   Thumb Code     0  startup_at32m412_416.o(.text)
    EXINT0_IRQHandler                        0x080001ef   Thumb Code     0  startup_at32m412_416.o(.text)
    EXINT15_10_IRQHandler                    0x080001ef   Thumb Code     0  startup_at32m412_416.o(.text)
    EXINT1_IRQHandler                        0x080001ef   Thumb Code     0  startup_at32m412_416.o(.text)
    EXINT2_IRQHandler                        0x080001ef   Thumb Code     0  startup_at32m412_416.o(.text)
    EXINT3_IRQHandler                        0x080001ef   Thumb Code     0  startup_at32m412_416.o(.text)
    EXINT4_IRQHandler                        0x080001ef   Thumb Code     0  startup_at32m412_416.o(.text)
    EXINT9_5_IRQHandler                      0x080001ef   Thumb Code     0  startup_at32m412_416.o(.text)
    FLASH_IRQHandler                         0x080001ef   Thumb Code     0  startup_at32m412_416.o(.text)
    FPU_IRQHandler                           0x080001ef   Thumb Code     0  startup_at32m412_416.o(.text)
    I2C1_ERR_IRQHandler                      0x080001ef   Thumb Code     0  startup_at32m412_416.o(.text)
    I2C1_EVT_IRQHandler                      0x080001ef   Thumb Code     0  startup_at32m412_416.o(.text)
    I2C2_ERR_IRQHandler                      0x080001ef   Thumb Code     0  startup_at32m412_416.o(.text)
    I2C2_EVT_IRQHandler                      0x080001ef   Thumb Code     0  startup_at32m412_416.o(.text)
    PVM_IRQHandler                           0x080001ef   Thumb Code     0  startup_at32m412_416.o(.text)
    SPI1_IRQHandler                          0x080001ef   Thumb Code     0  startup_at32m412_416.o(.text)
    SPI2_IRQHandler                          0x080001ef   Thumb Code     0  startup_at32m412_416.o(.text)
    TAMP_STAMP_IRQHandler                    0x080001ef   Thumb Code     0  startup_at32m412_416.o(.text)
    TMR1_BRK_TMR9_IRQHandler                 0x080001ef   Thumb Code     0  startup_at32m412_416.o(.text)
    TMR1_CH_IRQHandler                       0x080001ef   Thumb Code     0  startup_at32m412_416.o(.text)
    TMR1_OVF_TMR10_IRQHandler                0x080001ef   Thumb Code     0  startup_at32m412_416.o(.text)
    TMR1_TRG_HALL_TMR11_IRQHandler           0x080001ef   Thumb Code     0  startup_at32m412_416.o(.text)
    TMR3_GLOBAL_IRQHandler                   0x080001ef   Thumb Code     0  startup_at32m412_416.o(.text)
    TMR4_GLOBAL_IRQHandler                   0x080001ef   Thumb Code     0  startup_at32m412_416.o(.text)
    TMR6_DAC_GLOBAL_IRQHandler               0x080001ef   Thumb Code     0  startup_at32m412_416.o(.text)
    TMR7_GLOBAL_IRQHandler                   0x080001ef   Thumb Code     0  startup_at32m412_416.o(.text)
    WWDT_IRQHandler                          0x080001ef   Thumb Code     0  startup_at32m412_416.o(.text)
    SysTick_Handler                          0x080001f9   Thumb Code     0  systick_wrapper_gnu.o(.text)
    __ensure_systick_wrapper                 0x0800020b   Thumb Code     0  systick_wrapper_gnu.o(.text)
    __aeabi_uidiv                            0x08000215   Thumb Code     0  uidiv.o(.text)
    __aeabi_uidivmod                         0x08000215   Thumb Code    44  uidiv.o(.text)
    __aeabi_uldivmod                         0x08000241   Thumb Code    98  uldiv.o(.text)
    __aeabi_memcpy                           0x080002a3   Thumb Code    36  memcpya.o(.text)
    __aeabi_memcpy4                          0x080002a3   Thumb Code     0  memcpya.o(.text)
    __aeabi_memcpy8                          0x080002a3   Thumb Code     0  memcpya.o(.text)
    __I$use$fp                               0x080002c7   Thumb Code     0  iusefp.o(.text)
    _frnd                                    0x080002c7   Thumb Code    60  frnd.o(.text)
    _frem                                    0x08000303   Thumb Code    82  frem.o(.text)
    __aeabi_dadd                             0x08000355   Thumb Code   322  dadd.o(.text)
    __aeabi_dsub                             0x08000497   Thumb Code     6  dadd.o(.text)
    __aeabi_drsub                            0x0800049d   Thumb Code     6  dadd.o(.text)
    __aeabi_dmul                             0x080004a3   Thumb Code   228  dmul.o(.text)
    __aeabi_ddiv                             0x08000587   Thumb Code   222  ddiv.o(.text)
    __aeabi_d2ulz                            0x08000665   Thumb Code    48  dfixul.o(.text)
    _ffix_r                                  0x08000695   Thumb Code    76  ffixir.o(.text)
    __aeabi_cdrcmple                         0x080006e1   Thumb Code    48  cdrcmple.o(.text)
    __scatterload                            0x08000711   Thumb Code    38  init.o(.text)
    __scatterload_rt2                        0x08000711   Thumb Code     0  init.o(.text)
    __aeabi_llsl                             0x08000741   Thumb Code    30  llshl.o(.text)
    _ll_shift_l                              0x08000741   Thumb Code     0  llshl.o(.text)
    __aeabi_llsr                             0x0800075f   Thumb Code    32  llushr.o(.text)
    _ll_ushift_r                             0x0800075f   Thumb Code     0  llushr.o(.text)
    __aeabi_lasr                             0x0800077f   Thumb Code    36  llsshr.o(.text)
    _ll_sshift_r                             0x0800077f   Thumb Code     0  llsshr.o(.text)
    _float_round                             0x080007a3   Thumb Code    18  fepilogue.o(.text)
    _float_epilogue                          0x080007b5   Thumb Code    92  fepilogue.o(.text)
    _double_round                            0x08000811   Thumb Code    30  depilogue.o(.text)
    _double_epilogue                         0x0800082f   Thumb Code   156  depilogue.o(.text)
    __aeabi_ldivmod                          0x080008cb   Thumb Code    98  ldiv.o(.text)
    __aeabi_memset                           0x0800092d   Thumb Code    14  memseta.o(.text)
    __aeabi_memset4                          0x0800092d   Thumb Code     0  memseta.o(.text)
    __aeabi_memset8                          0x0800092d   Thumb Code     0  memseta.o(.text)
    __aeabi_memclr                           0x0800093b   Thumb Code     4  memseta.o(.text)
    __aeabi_memclr4                          0x0800093b   Thumb Code     0  memseta.o(.text)
    __aeabi_memclr8                          0x0800093b   Thumb Code     0  memseta.o(.text)
    _memset$wrapper                          0x0800093f   Thumb Code    18  memseta.o(.text)
    __cpp_initialize__aeabi_                 0x08000951   Thumb Code    32  cpp_init.o(.text)
    __aeabi_dcmpgt                           0x08000979   Thumb Code    54  dcmpgt.o(.text)
    __aeabi_l2d                              0x080009af   Thumb Code    40  dfltl.o(.text)
    __aeabi_ul2d                             0x080009d7   Thumb Code    24  dfltul.o(.text)
    __aeabi_f2d                              0x080009ef   Thumb Code    38  f2d.o(.text)
    __aeabi_d2f                              0x08000a15   Thumb Code    56  d2f.o(.text)
    __decompress                             0x08000a4d   Thumb Code     0  __dczerorl.o(.text)
    __decompress0                            0x08000a4d   Thumb Code    58  __dczerorl.o(.text)
    BusFault_Handler                         0x08000b51   Thumb Code     4  lto-llvm-6cd09c.o(.text.BusFault_Handler)
    DebugMon_Handler                         0x08000b55   Thumb Code     2  lto-llvm-6cd09c.o(.text.DebugMon_Handler)
    HardFault_Handler                        0x08000b89   Thumb Code     4  lto-llvm-6cd09c.o(.text.HardFault_Handler)
    MemManage_Handler                        0x08001111   Thumb Code     4  lto-llvm-6cd09c.o(.text.MemManage_Handler)
    NMI_Handler                              0x08001115   Thumb Code     2  lto-llvm-6cd09c.o(.text.NMI_Handler)
    PendSV_Handler                           0x080011e1   Thumb Code     2  lto-llvm-6cd09c.o(.text.PendSV_Handler)
    SVC_Handler                              0x080011e5   Thumb Code     2  lto-llvm-6cd09c.o(.text.SVC_Handler)
    $Super$$SysTick_Handler                  0x080011e9   Thumb Code    20  lto-llvm-6cd09c.o(.text.SysTick_Handler)
    SystemInit                               0x080011fd   Thumb Code   192  lto-llvm-6cd09c.o(.text.SystemInit)
    USART1_IRQHandler                        0x080012bd   Thumb Code     2  lto-llvm-6cd09c.o(.text.USART1_IRQHandler)
    USART2_IRQHandler                        0x080012c1   Thumb Code   138  lto-llvm-6cd09c.o(.text.USART2_IRQHandler)
    UsageFault_Handler                       0x0800134d   Thumb Code     4  lto-llvm-6cd09c.o(.text.UsageFault_Handler)
    fputc                                    0x0800df81   Thumb Code    48  lto-llvm-6cd09c.o(.text.fputc)
    main                                     0x0800e431   Thumb Code   260  lto-llvm-6cd09c.o(.text.main)
    perfc_port_insert_to_system_timer_insert_ovf_handler 0x0800e685   Thumb Code   286  lto-llvm-6cd09c.o(.text.perfc_port_insert_to_system_timer_insert_ovf_handler)
    __0vsnprintf                             0x0801016d   Thumb Code    46  printfa.o(i.__0vsnprintf)
    __1vsnprintf                             0x0801016d   Thumb Code     0  printfa.o(i.__0vsnprintf)
    __2vsnprintf                             0x0801016d   Thumb Code     0  printfa.o(i.__0vsnprintf)
    __c89vsnprintf                           0x0801016d   Thumb Code     0  printfa.o(i.__0vsnprintf)
    vsnprintf                                0x0801016d   Thumb Code     0  printfa.o(i.__0vsnprintf)
    __hardfp_fmodf                           0x080101a1   Thumb Code   176  fmodf.o(i.__hardfp_fmodf)
    __hardfp_lroundf                         0x08010251   Thumb Code   194  lroundf.o(i.__hardfp_lroundf)
    __mathlib_flt_invalid                    0x08010315   Thumb Code    10  funder.o(i.__mathlib_flt_invalid)
    __scatterload_copy                       0x08010325   Thumb Code    14  handlers.o(i.__scatterload_copy)
    __scatterload_null                       0x08010333   Thumb Code     2  handlers.o(i.__scatterload_null)
    __scatterload_zeroinit                   0x08010335   Thumb Code    14  handlers.o(i.__scatterload_zeroinit)
    __set_errno                              0x08010345   Thumb Code     6  errno.o(i.__set_errno)
    fputs                                    0x08010c19   Thumb Code    24  fputs.o(i.fputs)
    free                                     0x08010c31   Thumb Code    76  malloc.o(i.free)
    malloc                                   0x08010c81   Thumb Code    92  malloc.o(i.malloc)
    Region$$Table$$Base                      0x08012e98   Number         0  anon$$obj.o(Region$$Table)
    Region$$Table$$Limit                     0x08012eb8   Number         0  anon$$obj.o(Region$$Table)
    SHT$$INIT_ARRAY$$Base                    0x08013124   Number         0  lto-llvm-6cd09c.o(.init_array)
    SHT$$INIT_ARRAY$$Limit                   0x08013128   Number         0  cpp_init.o(.init_array)
    __stdout                                 0x20000000   Data           4  stdout.o(.data)
    __stderr                                 0x20000004   Data           4  stderr.o(.data)
    __microlib_freelist                      0x20000008   Data           4  mvars.o(.data)
    __microlib_freelist_initialised          0x2000000c   Data           4  mvars.o(.data)
    __heap_base                              0x20001a78   Data           0  startup_at32m412_416.o(HEAP)
    __heap_limit                             0x20001c78   Data           0  startup_at32m412_416.o(HEAP)
    __initial_sp                             0x20002478   Data           0  startup_at32m412_416.o(STACK)



==============================================================================

Memory Map of the image

  Image Entry point : 0x080001bd

  Load Region LR_IROM1 (Base: 0x08000000, Size: 0x00013280, Max: 0x00020000, ABSOLUTE, COMPRESSED[0x00013168])

    Execution Region ER_IROM1 (Exec base: 0x08000000, Load base: 0x08000000, Size: 0x00013128, Max: 0x00020000, ABSOLUTE)

    Exec Addr    Load Addr    Size         Type   Attr      Idx    E Section Name        Object

    0x08000000   0x08000000   0x000001bc   Data   RO           22    RESET               startup_at32m412_416.o
    0x080001bc   0x080001bc   0x00000000   Code   RO          239  * .ARM.Collect$$$$00000000  mc_w.l(entry.o)
    0x080001bc   0x080001bc   0x00000004   Code   RO          344    .ARM.Collect$$$$00000001  mc_w.l(entry2.o)
    0x080001c0   0x080001c0   0x00000004   Code   RO          347    .ARM.Collect$$$$00000004  mc_w.l(entry5.o)
    0x080001c4   0x080001c4   0x00000000   Code   RO          349    .ARM.Collect$$$$00000008  mc_w.l(entry7b.o)
    0x080001c4   0x080001c4   0x00000004   Code   RO          350    .ARM.Collect$$$$00000009  mc_w.l(entry8a.o)
    0x080001c8   0x080001c8   0x00000000   Code   RO          351    .ARM.Collect$$$$0000000A  mc_w.l(entry8b.o)
    0x080001c8   0x080001c8   0x00000008   Code   RO          352    .ARM.Collect$$$$0000000B  mc_w.l(entry9a.o)
    0x080001d0   0x080001d0   0x00000000   Code   RO          354    .ARM.Collect$$$$0000000D  mc_w.l(entry10a.o)
    0x080001d0   0x080001d0   0x00000000   Code   RO          356    .ARM.Collect$$$$0000000F  mc_w.l(entry11a.o)
    0x080001d0   0x080001d0   0x00000004   Code   RO          345    .ARM.Collect$$$$00002712  mc_w.l(entry2.o)
    0x080001d4   0x080001d4   0x00000024   Code   RO           23    .text               startup_at32m412_416.o
    0x080001f8   0x080001f8   0x0000001c   Code   RO          171    .text               systick_wrapper_gnu.o
    0x08000214   0x08000214   0x0000002c   Code   RO          367    .text               mc_w.l(uidiv.o)
    0x08000240   0x08000240   0x00000062   Code   RO          369    .text               mc_w.l(uldiv.o)
    0x080002a2   0x080002a2   0x00000024   Code   RO          371    .text               mc_w.l(memcpya.o)
    0x080002c6   0x080002c6   0x00000000   Code   RO          384    .text               mc_w.l(iusefp.o)
    0x080002c6   0x080002c6   0x0000003c   Code   RO          385    .text               mf_w.l(frnd.o)
    0x08000302   0x08000302   0x00000052   Code   RO          387    .text               mf_w.l(frem.o)
    0x08000354   0x08000354   0x0000014e   Code   RO          389    .text               mf_w.l(dadd.o)
    0x080004a2   0x080004a2   0x000000e4   Code   RO          391    .text               mf_w.l(dmul.o)
    0x08000586   0x08000586   0x000000de   Code   RO          393    .text               mf_w.l(ddiv.o)
    0x08000664   0x08000664   0x00000030   Code   RO          403    .text               mf_w.l(dfixul.o)
    0x08000694   0x08000694   0x0000004c   Code   RO          405    .text               mf_w.l(ffixir.o)
    0x080006e0   0x080006e0   0x00000030   Code   RO          409    .text               mf_w.l(cdrcmple.o)
    0x08000710   0x08000710   0x00000030   Code   RO          413    .text               mc_w.l(init.o)
    0x08000740   0x08000740   0x0000001e   Code   RO          415    .text               mc_w.l(llshl.o)
    0x0800075e   0x0800075e   0x00000020   Code   RO          417    .text               mc_w.l(llushr.o)
    0x0800077e   0x0800077e   0x00000024   Code   RO          419    .text               mc_w.l(llsshr.o)
    0x080007a2   0x080007a2   0x0000006e   Code   RO          421    .text               mf_w.l(fepilogue.o)
    0x08000810   0x08000810   0x000000ba   Code   RO          423    .text               mf_w.l(depilogue.o)
    0x080008ca   0x080008ca   0x00000062   Code   RO         1232    .text               mc_w.l(ldiv.o)
    0x0800092c   0x0800092c   0x00000024   Code   RO         1234    .text               mc_w.l(memseta.o)
    0x08000950   0x08000950   0x00000028   Code   RO         1239    .text               mc_w.l(cpp_init.o)
    0x08000978   0x08000978   0x00000036   Code   RO         1241    .text               mf_w.l(dcmpgt.o)
    0x080009ae   0x080009ae   0x00000028   Code   RO         1243    .text               mf_w.l(dfltl.o)
    0x080009d6   0x080009d6   0x00000018   Code   RO         1245    .text               mf_w.l(dfltul.o)
    0x080009ee   0x080009ee   0x00000026   Code   RO         1247    .text               mf_w.l(f2d.o)
    0x08000a14   0x08000a14   0x00000038   Code   RO         1249    .text               mf_w.l(d2f.o)
    0x08000a4c   0x08000a4c   0x0000003a   Code   RO         1263    .text               mc_w.l(__dczerorl.o)
    0x08000a86   0x08000a86   0x00000002   PAD
    0x08000a88   0x08000a88   0x000000c8   Code   RO          742    .text.ARM_2D_A1_FONT_GET_CHAR_DESCRIPTOR_HANDLER  lto-llvm-6cd09c.o
    0x08000b50   0x08000b50   0x00000004   Code   RO          432    .text.BusFault_Handler  lto-llvm-6cd09c.o
    0x08000b54   0x08000b54   0x00000002   Code   RO          438    .text.DebugMon_Handler  lto-llvm-6cd09c.o
    0x08000b56   0x08000b56   0x00000002   PAD
    0x08000b58   0x08000b58   0x00000030   Code   RO          462    .text.Disp0_DrawBitmap  lto-llvm-6cd09c.o
    0x08000b88   0x08000b88   0x00000004   Code   RO          428    .text.HardFault_Handler  lto-llvm-6cd09c.o
    0x08000b8c   0x08000b8c   0x0000004a   Code   RO          650    .text.LCD_Address_Set  lto-llvm-6cd09c.o
    0x08000bd6   0x08000bd6   0x00000002   PAD
    0x08000bd8   0x08000bd8   0x00000018   Code   RO          638    .text.LCD_Clear     lto-llvm-6cd09c.o
    0x08000bf0   0x08000bf0   0x000000c0   Code   RO          636    .text.LCD_Fill      lto-llvm-6cd09c.o
    0x08000cb0   0x08000cb0   0x0000026e   Code   RO          656    .text.LCD_Init      lto-llvm-6cd09c.o
    0x08000f1e   0x08000f1e   0x00000002   PAD
    0x08000f20   0x08000f20   0x000000b4   Code   RO          640    .text.LCD_ShowPicture  lto-llvm-6cd09c.o
    0x08000fd4   0x08000fd4   0x00000048   Code   RO          646    .text.LCD_WR_DATA   lto-llvm-6cd09c.o
    0x0800101c   0x0800101c   0x00000014   Code   RO          644    .text.LCD_WR_DATA8  lto-llvm-6cd09c.o
    0x08001030   0x08001030   0x0000004c   Code   RO          648    .text.LCD_WR_REG    lto-llvm-6cd09c.o
    0x0800107c   0x0800107c   0x00000030   Code   RO          642    .text.LCD_Writ_Bus  lto-llvm-6cd09c.o
    0x080010ac   0x080010ac   0x00000022   Code   RO          652    .text.LCD_WriteReg  lto-llvm-6cd09c.o
    0x080010ce   0x080010ce   0x00000002   PAD
    0x080010d0   0x080010d0   0x00000040   Code   RO          654    .text.LCD_direction  lto-llvm-6cd09c.o
    0x08001110   0x08001110   0x00000004   Code   RO          430    .text.MemManage_Handler  lto-llvm-6cd09c.o
    0x08001114   0x08001114   0x00000002   Code   RO          426    .text.NMI_Handler   lto-llvm-6cd09c.o
    0x08001116   0x08001116   0x00000002   PAD
    0x08001118   0x08001118   0x00000064   Code   RO          454    .text.NVIC_EncodePriority  lto-llvm-6cd09c.o
    0x0800117c   0x0800117c   0x00000062   Code   RO          596    .text.NVIC_EncodePriority.104  lto-llvm-6cd09c.o
    0x080011de   0x080011de   0x00000002   PAD
    0x080011e0   0x080011e0   0x00000002   Code   RO          440    .text.PendSV_Handler  lto-llvm-6cd09c.o
    0x080011e2   0x080011e2   0x00000002   PAD
    0x080011e4   0x080011e4   0x00000002   Code   RO          436    .text.SVC_Handler   lto-llvm-6cd09c.o
    0x080011e6   0x080011e6   0x00000002   PAD
    0x080011e8   0x080011e8   0x00000014   Code   RO          442    .text.SysTick_Handler  lto-llvm-6cd09c.o
    0x080011fc   0x080011fc   0x000000c0   Code   RO          608    .text.SystemInit    lto-llvm-6cd09c.o
    0x080012bc   0x080012bc   0x00000002   Code   RO          444    .text.USART1_IRQHandler  lto-llvm-6cd09c.o
    0x080012be   0x080012be   0x00000002   PAD
    0x080012c0   0x080012c0   0x0000008a   Code   RO          626    .text.USART2_IRQHandler  lto-llvm-6cd09c.o
    0x0800134a   0x0800134a   0x00000002   PAD
    0x0800134c   0x0800134c   0x00000004   Code   RO          434    .text.UsageFault_Handler  lto-llvm-6cd09c.o
    0x08001350   0x08001350   0x00000032   Code   RO          600    .text.__NVIC_EnableIRQ  lto-llvm-6cd09c.o
    0x08001382   0x08001382   0x00000002   PAD
    0x08001384   0x08001384   0x00000010   Code   RO          452    .text.__NVIC_GetPriorityGrouping  lto-llvm-6cd09c.o
    0x08001394   0x08001394   0x00000010   Code   RO          594    .text.__NVIC_GetPriorityGrouping.103  lto-llvm-6cd09c.o
    0x080013a4   0x080013a4   0x00000042   Code   RO          456    .text.__NVIC_SetPriority  lto-llvm-6cd09c.o
    0x080013e6   0x080013e6   0x00000002   PAD
    0x080013e8   0x080013e8   0x00000042   Code   RO          598    .text.__NVIC_SetPriority.105  lto-llvm-6cd09c.o
    0x0800142a   0x0800142a   0x00000002   PAD
    0x0800142c   0x0800142c   0x0000003c   Code   RO          604    .text.__NVIC_SetPriorityGrouping  lto-llvm-6cd09c.o
    0x08001468   0x08001468   0x000000bc   Code   RO         1126    .text.__aeabi_assert  lto-llvm-6cd09c.o
    0x08001524   0x08001524   0x00000062   Code   RO         1060    .text.__arm_2d_allocate_scratch_memory  lto-llvm-6cd09c.o
    0x08001586   0x08001586   0x00000002   PAD
    0x08001588   0x08001588   0x00000064   Code   RO          904    .text.__arm_2d_c8bit_sw_colour_filling  lto-llvm-6cd09c.o
    0x080015ec   0x080015ec   0x000000d4   Code   RO          826    .text.__arm_2d_dynamic_dirty_region_update  lto-llvm-6cd09c.o
    0x080016c0   0x080016c0   0x00000014   Code   RO         1064    .text.__arm_2d_free_scratch_memory  lto-llvm-6cd09c.o
    0x080016d4   0x080016d4   0x000000b8   Code   RO          804    .text.__arm_2d_helper_add_item_to_weighted_dirty_region_list  lto-llvm-6cd09c.o
    0x0800178c   0x0800178c   0x000000cc   Code   RO          764    .text.__arm_2d_helper_dirty_region_pool_free  lto-llvm-6cd09c.o
    0x08001858   0x08001858   0x0000010c   Code   RO          802    .text.__arm_2d_helper_dirty_region_pool_new  lto-llvm-6cd09c.o
    0x08001964   0x08001964   0x0000015a   Code   RO          834    .text.__arm_2d_helper_dirty_region_update_dirty_regions  lto-llvm-6cd09c.o
    0x08001abe   0x08001abe   0x00000002   PAD
    0x08001ac0   0x08001ac0   0x00000088   Code   RO          796    .text.__arm_2d_helper_enqueue_pfb  lto-llvm-6cd09c.o
    0x08001b48   0x08001b48   0x00000058   Code   RO          790    .text.__arm_2d_helper_free_dirty_region_working_list  lto-llvm-6cd09c.o
    0x08001ba0   0x08001ba0   0x000000aa   Code   RO          676    .text.__arm_2d_helper_is_time_out  lto-llvm-6cd09c.o
    0x08001c4a   0x08001c4a   0x00000002   PAD
    0x08001c4c   0x08001c4c   0x00000144   Code   RO          794    .text.__arm_2d_helper_low_level_rendering  lto-llvm-6cd09c.o
    0x08001d90   0x08001d90   0x00000038   Code   RO          778    .text.__arm_2d_helper_perf_counter_start  lto-llvm-6cd09c.o
    0x08001dc8   0x08001dc8   0x00000038   Code   RO          780    .text.__arm_2d_helper_perf_counter_stop  lto-llvm-6cd09c.o
    0x08001e00   0x08001e00   0x00000036   Code   RO          770    .text.__arm_2d_helper_pfb_disable_drawing_canvas_colour  lto-llvm-6cd09c.o
    0x08001e36   0x08001e36   0x00000002   PAD
    0x08001e38   0x08001e38   0x00000ac4   Code   RO          786    .text.__arm_2d_helper_pfb_drawing_iteration_begin  lto-llvm-6cd09c.o
    0x080028fc   0x080028fc   0x0000013c   Code   RO          788    .text.__arm_2d_helper_pfb_drawing_iteration_end  lto-llvm-6cd09c.o
    0x08002a38   0x08002a38   0x00000072   Code   RO          768    .text.__arm_2d_helper_pfb_enable_drawing_canvas_colour  lto-llvm-6cd09c.o
    0x08002aaa   0x08002aaa   0x00000002   PAD
    0x08002aac   0x08002aac   0x0000009c   Code   RO          760    .text.__arm_2d_helper_pfb_free  lto-llvm-6cd09c.o
    0x08002b48   0x08002b48   0x000000d4   Code   RO          792    .text.__arm_2d_helper_pfb_get_next_dirty_region  lto-llvm-6cd09c.o
    0x08002c1c   0x08002c1c   0x00000088   Code   RO          838    .text.__arm_2d_helper_pfb_is_region_active0  lto-llvm-6cd09c.o
    0x08002ca4   0x08002ca4   0x000000ac   Code   RO          758    .text.__arm_2d_helper_pfb_new  lto-llvm-6cd09c.o
    0x08002d50   0x08002d50   0x000000e4   Code   RO          774    .text.__arm_2d_helper_pfb_report_rendering_complete  lto-llvm-6cd09c.o
    0x08002e34   0x08002e34   0x00000098   Code   RO          806    .text.__arm_2d_helper_remove_item_from_weighted_dirty_region_list  lto-llvm-6cd09c.o
    0x08002ecc   0x08002ecc   0x00000568   Code   RO          800    .text.__arm_2d_helper_update_dirty_region_working_list  lto-llvm-6cd09c.o
    0x08003434   0x08003434   0x00000062   Code   RO          906    .text.__arm_2d_impl_c8bit_colour_filling  lto-llvm-6cd09c.o
    0x08003496   0x08003496   0x00000002   PAD
    0x08003498   0x08003498   0x000000e4   Code   RO          888    .text.__arm_2d_impl_c8bit_draw_pattern_fg_only  lto-llvm-6cd09c.o
    0x0800357c   0x0800357c   0x00000066   Code   RO          910    .text.__arm_2d_impl_rgb16_colour_filling  lto-llvm-6cd09c.o
    0x080035e2   0x080035e2   0x00000002   PAD
    0x080035e4   0x080035e4   0x0000010e   Code   RO          892    .text.__arm_2d_impl_rgb16_draw_pattern  lto-llvm-6cd09c.o
    0x080036f2   0x080036f2   0x00000002   PAD
    0x080036f4   0x080036f4   0x000000fa   Code   RO          902    .text.__arm_2d_impl_rgb16_draw_pattern_bg_comp  lto-llvm-6cd09c.o
    0x080037ee   0x080037ee   0x00000002   PAD
    0x080037f0   0x080037f0   0x00000100   Code   RO          896    .text.__arm_2d_impl_rgb16_draw_pattern_bg_fg  lto-llvm-6cd09c.o
    0x080038f0   0x080038f0   0x000000f0   Code   RO          898    .text.__arm_2d_impl_rgb16_draw_pattern_bg_only  lto-llvm-6cd09c.o
    0x080039e0   0x080039e0   0x000000ea   Code   RO          894    .text.__arm_2d_impl_rgb16_draw_pattern_fg_only  lto-llvm-6cd09c.o
    0x08003aca   0x08003aca   0x00000002   PAD
    0x08003acc   0x08003acc   0x000000e6   Code   RO          900    .text.__arm_2d_impl_rgb16_draw_pattern_no_bg_comp  lto-llvm-6cd09c.o
    0x08003bb2   0x08003bb2   0x00000002   PAD
    0x08003bb4   0x08003bb4   0x00000062   Code   RO          914    .text.__arm_2d_impl_rgb32_colour_filling  lto-llvm-6cd09c.o
    0x08003c16   0x08003c16   0x00000002   PAD
    0x08003c18   0x08003c18   0x0000019e   Code   RO          874    .text.__arm_2d_impl_rgb565_colour_filling_a1_mask_opacity  lto-llvm-6cd09c.o
    0x08003db6   0x08003db6   0x00000002   PAD
    0x08003db8   0x08003db8   0x0000011e   Code   RO          868    .text.__arm_2d_impl_rgb565_colour_filling_channel_mask  lto-llvm-6cd09c.o
    0x08003ed6   0x08003ed6   0x00000002   PAD
    0x08003ed8   0x08003ed8   0x0000012e   Code   RO          878    .text.__arm_2d_impl_rgb565_colour_filling_channel_mask_opacity  lto-llvm-6cd09c.o
    0x08004006   0x08004006   0x00000002   PAD
    0x08004008   0x08004008   0x0000023a   Code   RO          946    .text.__arm_2d_impl_rgb565_colour_filling_chn_mask_opacity_transform  lto-llvm-6cd09c.o
    0x08004242   0x08004242   0x00000002   PAD
    0x08004244   0x08004244   0x0000011c   Code   RO          870    .text.__arm_2d_impl_rgb565_colour_filling_mask  lto-llvm-6cd09c.o
    0x08004360   0x08004360   0x0000012c   Code   RO          880    .text.__arm_2d_impl_rgb565_colour_filling_mask_opacity  lto-llvm-6cd09c.o
    0x0800448c   0x0800448c   0x0000023a   Code   RO          948    .text.__arm_2d_impl_rgb565_colour_filling_mask_opacity_transform  lto-llvm-6cd09c.o
    0x080046c6   0x080046c6   0x00000002   PAD
    0x080046c8   0x080046c8   0x00000104   Code   RO          866    .text.__arm_2d_impl_rgb565_colour_filling_with_opacity  lto-llvm-6cd09c.o
    0x080047cc   0x080047cc   0x00000246   Code   RO          950    .text.__arm_2d_impl_rgb565_get_alpha_with_opacity  lto-llvm-6cd09c.o
    0x08004a12   0x08004a12   0x00000002   PAD
    0x08004a14   0x08004a14   0x0000024a   Code   RO          952    .text.__arm_2d_impl_rgb565_get_chn_alpha_with_opacity  lto-llvm-6cd09c.o
    0x08004c5e   0x08004c5e   0x00000002   PAD
    0x08004c60   0x08004c60   0x00000012   Code   RO         1050    .text.__arm_2d_init  lto-llvm-6cd09c.o
    0x08004c72   0x08004c72   0x00000002   PAD
    0x08004c74   0x08004c74   0x000000c6   Code   RO          988    .text.__arm_2d_issue_sub_task_copy  lto-llvm-6cd09c.o
    0x08004d3a   0x08004d3a   0x00000002   PAD
    0x08004d3c   0x08004d3c   0x000000f4   Code   RO          994    .text.__arm_2d_issue_sub_task_copy_origin  lto-llvm-6cd09c.o
    0x08004e30   0x08004e30   0x000001b8   Code   RO          996    .text.__arm_2d_issue_sub_task_copy_origin_masks  lto-llvm-6cd09c.o
    0x08004fe8   0x08004fe8   0x0000017e   Code   RO          990    .text.__arm_2d_issue_sub_task_copy_with_mask  lto-llvm-6cd09c.o
    0x08005166   0x08005166   0x00000002   PAD
    0x08005168   0x08005168   0x000000be   Code   RO          984    .text.__arm_2d_issue_sub_task_fill  lto-llvm-6cd09c.o
    0x08005226   0x08005226   0x00000002   PAD
    0x08005228   0x08005228   0x000000ea   Code   RO          992    .text.__arm_2d_issue_sub_task_fill_origin  lto-llvm-6cd09c.o
    0x08005312   0x08005312   0x00000002   PAD
    0x08005314   0x08005314   0x00000172   Code   RO          986    .text.__arm_2d_issue_sub_task_fill_with_mask  lto-llvm-6cd09c.o
    0x08005486   0x08005486   0x00000002   PAD
    0x08005488   0x08005488   0x000000be   Code   RO          982    .text.__arm_2d_issue_sub_task_tile_mask_process  lto-llvm-6cd09c.o
    0x08005546   0x08005546   0x00000002   PAD
    0x08005548   0x08005548   0x0000007e   Code   RO          980    .text.__arm_2d_issue_sub_task_tile_process  lto-llvm-6cd09c.o
    0x080055c6   0x080055c6   0x00000002   PAD
    0x080055c8   0x080055c8   0x00000130   Code   RO          752    .text.__arm_2d_lcd_text_default_a1_font_draw_char  lto-llvm-6cd09c.o
    0x080056f8   0x080056f8   0x000000bc   Code   RO          748    .text.__arm_2d_lcd_text_default_a8_font_draw_char  lto-llvm-6cd09c.o
    0x080057b4   0x080057b4   0x0000008e   Code   RO         1044    .text.__arm_2d_op_acquire  lto-llvm-6cd09c.o
    0x08005842   0x08005842   0x00000002   PAD
    0x08005844   0x08005844   0x00000028   Code   RO         1004    .text.__arm_2d_op_depose  lto-llvm-6cd09c.o
    0x0800586c   0x0800586c   0x0000000a   Code   RO         1002    .text.__arm_2d_op_ensure_resource  lto-llvm-6cd09c.o
    0x08005876   0x08005876   0x00000002   PAD
    0x08005878   0x08005878   0x0000001e   Code   RO         1046    .text.__arm_2d_op_frontend  lto-llvm-6cd09c.o
    0x08005896   0x08005896   0x00000002   PAD
    0x08005898   0x08005898   0x00000008   Code   RO         1016    .text.__arm_2d_op_frontend_control  lto-llvm-6cd09c.o
    0x080058a0   0x080058a0   0x00000018   Code   RO         1006    .text.__arm_2d_op_frontend_on_leave  lto-llvm-6cd09c.o
    0x080058b8   0x080058b8   0x00000070   Code   RO         1008    .text.__arm_2d_op_frontend_op_decoder  lto-llvm-6cd09c.o
    0x08005928   0x08005928   0x00000142   Code   RO         1014    .text.__arm_2d_op_frontend_region_process  lto-llvm-6cd09c.o
    0x08005a6a   0x08005a6a   0x00000002   PAD
    0x08005a6c   0x08005a6c   0x00000396   Code   RO         1012    .text.__arm_2d_op_frontend_region_process_with_src  lto-llvm-6cd09c.o
    0x08005e02   0x08005e02   0x00000002   PAD
    0x08005e04   0x08005e04   0x00000028   Code   RO         1048    .text.__arm_2d_op_invoke  lto-llvm-6cd09c.o
    0x08005e2c   0x08005e2c   0x0000003a   Code   RO         1010    .text.__arm_2d_op_use_default_frame_buffer  lto-llvm-6cd09c.o
    0x08005e66   0x08005e66   0x00000002   PAD
    0x08005e68   0x08005e68   0x00000a1c   Code   RO         1034    .text.__arm_2d_region_calculator  lto-llvm-6cd09c.o
    0x08006884   0x08006884   0x000000b4   Code   RO          810    .text.__arm_2d_remove_overlapped_region_horizontally  lto-llvm-6cd09c.o
    0x08006938   0x08006938   0x000000b4   Code   RO          808    .text.__arm_2d_remove_overlapped_region_vertically  lto-llvm-6cd09c.o
    0x080069ec   0x080069ec   0x00000062   Code   RO          908    .text.__arm_2d_rgb16_sw_colour_filling  lto-llvm-6cd09c.o
    0x08006a4e   0x08006a4e   0x00000002   PAD
    0x08006a50   0x08006a50   0x000000ae   Code   RO          890    .text.__arm_2d_rgb16_sw_draw_pattern  lto-llvm-6cd09c.o
    0x08006afe   0x08006afe   0x00000002   PAD
    0x08006b00   0x08006b00   0x00000062   Code   RO          912    .text.__arm_2d_rgb32_sw_colour_filling  lto-llvm-6cd09c.o
    0x08006b62   0x08006b62   0x00000002   PAD
    0x08006b64   0x08006b64   0x0000006e   Code   RO          862    .text.__arm_2d_rgb565_pack  lto-llvm-6cd09c.o
    0x08006bd2   0x08006bd2   0x00000002   PAD
    0x08006bd4   0x08006bd4   0x0000006e   Code   RO          942    .text.__arm_2d_rgb565_pack.353  lto-llvm-6cd09c.o
    0x08006c42   0x08006c42   0x00000002   PAD
    0x08006c44   0x08006c44   0x00000092   Code   RO          872    .text.__arm_2d_rgb565_sw_colour_filling_with_a1_mask_and_opacity  lto-llvm-6cd09c.o
    0x08006cd6   0x08006cd6   0x00000002   PAD
    0x08006cd8   0x08006cd8   0x000000f2   Code   RO          876    .text.__arm_2d_rgb565_sw_colour_filling_with_mask_and_opacity  lto-llvm-6cd09c.o
    0x08006dca   0x08006dca   0x00000002   PAD
    0x08006dcc   0x08006dcc   0x0000009a   Code   RO          944    .text.__arm_2d_rgb565_sw_colour_filling_with_mask_opacity_and_transform  lto-llvm-6cd09c.o
    0x08006e66   0x08006e66   0x00000002   PAD
    0x08006e68   0x08006e68   0x0000008a   Code   RO          864    .text.__arm_2d_rgb565_sw_colour_filling_with_opacity  lto-llvm-6cd09c.o
    0x08006ef2   0x08006ef2   0x00000002   PAD
    0x08006ef4   0x08006ef4   0x0000006a   Code   RO          860    .text.__arm_2d_rgb565_unpack  lto-llvm-6cd09c.o
    0x08006f5e   0x08006f5e   0x00000002   PAD
    0x08006f60   0x08006f60   0x0000006a   Code   RO          940    .text.__arm_2d_rgb565_unpack.352  lto-llvm-6cd09c.o
    0x08006fca   0x08006fca   0x00000002   PAD
    0x08006fcc   0x08006fcc   0x000000c0   Code   RO          850    .text.__arm_2d_scene_player_delete_all_next_scene  lto-llvm-6cd09c.o
    0x0800708c   0x0800708c   0x000000c4   Code   RO          852    .text.__arm_2d_scene_player_next_scene  lto-llvm-6cd09c.o
    0x08007150   0x08007150   0x0000008c   Code   RO          842    .text.__arm_2d_scene_player_register_on_draw_navigation_event_handler  lto-llvm-6cd09c.o
    0x080071dc   0x080071dc   0x00000162   Code   RO         1036    .text.__arm_2d_source_side_tile_mirror_preprocess  lto-llvm-6cd09c.o
    0x0800733e   0x0800733e   0x00000002   PAD
    0x08007340   0x08007340   0x000000c2   Code   RO          968    .text.__arm_2d_sub_task_depose  lto-llvm-6cd09c.o
    0x08007402   0x08007402   0x00000002   PAD
    0x08007404   0x08007404   0x0000019a   Code   RO          974    .text.__arm_2d_tile_get_1st_derived_child_or_root  lto-llvm-6cd09c.o
    0x0800759e   0x0800759e   0x00000002   PAD
    0x080075a0   0x080075a0   0x0000001e   Code   RO          972    .text.__arm_2d_tile_get_root  lto-llvm-6cd09c.o
    0x080075be   0x080075be   0x00000002   PAD
    0x080075c0   0x080075c0   0x000001ec   Code   RO         1000    .text.__arm_2d_tile_get_virtual_screen_or_root  lto-llvm-6cd09c.o
    0x080077ac   0x080077ac   0x00000246   Code   RO         1022    .text.__arm_2d_tile_process  lto-llvm-6cd09c.o
    0x080079f2   0x080079f2   0x00000002   PAD
    0x080079f4   0x080079f4   0x000001fc   Code   RO          998    .text.__arm_2d_tile_region_caculator  lto-llvm-6cd09c.o
    0x08007bf0   0x08007bf0   0x00000158   Code   RO          956    .text.__arm_2d_transform_point  lto-llvm-6cd09c.o
    0x08007d48   0x08007d48   0x00000530   Code   RO          954    .text.__arm_2d_transform_preprocess_source  lto-llvm-6cd09c.o
    0x08008278   0x08008278   0x0000017c   Code   RO          960    .text.__arm_2d_transform_preprocess_target  lto-llvm-6cd09c.o
    0x080083f4   0x080083f4   0x00000320   Code   RO          924    .text.__arm_2d_transform_regression  lto-llvm-6cd09c.o
    0x08008714   0x08008714   0x000000da   Code   RO         1056    .text.__arm_2d_valid_mask  lto-llvm-6cd09c.o
    0x080087ee   0x080087ee   0x00000002   PAD
    0x080087f0   0x080087f0   0x00000058   Code   RO          738    .text.__arm_lcd_draw_region_line_wrapping  lto-llvm-6cd09c.o
    0x08008848   0x08008848   0x00000098   Code   RO          744    .text.__arm_lcd_get_char_advance  lto-llvm-6cd09c.o
    0x080088e0   0x080088e0   0x00000058   Code   RO          724    .text.__arm_lcd_text_force_updated_scale  lto-llvm-6cd09c.o
    0x08008938   0x08008938   0x0000006e   Code   RO          728    .text.__arm_lcd_text_update_char_buffer  lto-llvm-6cd09c.o
    0x080089a6   0x080089a6   0x00000002   PAD
    0x080089a8   0x080089a8   0x0000005e   Code   RO          732    .text.__arm_lcd_update_char_draw_box  lto-llvm-6cd09c.o
    0x08008a06   0x08008a06   0x00000002   PAD
    0x08008a08   0x08008a08   0x0000005e   Code   RO          730    .text.__arm_lcd_update_char_size  lto-llvm-6cd09c.o
    0x08008a66   0x08008a66   0x00000002   PAD
    0x08008a68   0x08008a68   0x00000062   Code   RO          708    .text.__arm_lcd_update_spacing  lto-llvm-6cd09c.o
    0x08008aca   0x08008aca   0x00000002   PAD
    0x08008acc   0x08008acc   0x00000078   Code   RO         1024    .text.__clip_asset_tile  lto-llvm-6cd09c.o
    0x08008b44   0x08008b44   0x00000076   Code   RO          668    .text.__convert_2digits_bdc  lto-llvm-6cd09c.o
    0x08008bba   0x08008bba   0x00000002   PAD
    0x08008bbc   0x08008bbc   0x0000006a   Code   RO          970    .text.__depose_virtual_resource  lto-llvm-6cd09c.o
    0x08008c26   0x08008c26   0x00000002   PAD
    0x08008c28   0x08008c28   0x00000162   Code   RO         1080    .text.__disp_adapter0_draw_navigation  lto-llvm-6cd09c.o
    0x08008d8a   0x08008d8a   0x00000002   PAD
    0x08008d8c   0x08008d8c   0x00000044   Code   RO         1082    .text.__disp_adapter0_pfb_render_handler  lto-llvm-6cd09c.o
    0x08008dd0   0x08008dd0   0x00000008   Code   RO         1100    .text.__disp_adapter0_task  lto-llvm-6cd09c.o
    0x08008dd8   0x08008dd8   0x0000000e   Code   RO         1078    .text.__disp_adapter0_user_draw_navigation  lto-llvm-6cd09c.o
    0x08008de6   0x08008de6   0x00000002   PAD
    0x08008de8   0x08008de8   0x0000000c   Code   RO         1084    .text.__disp_adapter0_user_on_frame_complete  lto-llvm-6cd09c.o
    0x08008df4   0x08008df4   0x00000824   Code   RO          854    .text.__draw_round_corner_box  lto-llvm-6cd09c.o
    0x08009618   0x08009618   0x000000ae   Code   RO         1040    .text.__load_background_virtual_resource  lto-llvm-6cd09c.o
    0x080096c6   0x080096c6   0x00000002   PAD
    0x080096c8   0x080096c8   0x00000108   Code   RO         1038    .text.__load_virtual_resource  lto-llvm-6cd09c.o
    0x080097d0   0x080097d0   0x00000244   Code   RO         1098    .text.__on_each_frame_complete  lto-llvm-6cd09c.o
    0x08009a14   0x08009a14   0x00000008   Code   RO         1096    .text.__on_frame_complete  lto-llvm-6cd09c.o
    0x08009a1c   0x08009a1c   0x00000008   Code   RO         1094    .text.__on_frame_start  lto-llvm-6cd09c.o
    0x08009a24   0x08009a24   0x00000008   Code   RO         1130    .text.__perf_counter_init  lto-llvm-6cd09c.o
    0x08009a2c   0x08009a2c   0x000000fe   Code   RO         1092    .text.__pfb_draw_handler  lto-llvm-6cd09c.o
    0x08009b2a   0x08009b2a   0x00000002   PAD
    0x08009b2c   0x08009b2c   0x0000002c   Code   RO          848    .text.__pfb_draw_scene_background_handler  lto-llvm-6cd09c.o
    0x08009b58   0x08009b58   0x0000003e   Code   RO          846    .text.__pfb_draw_scene_handler  lto-llvm-6cd09c.o
    0x08009b96   0x08009b96   0x00000002   PAD
    0x08009b98   0x08009b98   0x0000010a   Code   RO         1030    .text.__tile_clipped_pave  lto-llvm-6cd09c.o
    0x08009ca2   0x08009ca2   0x00000002   PAD
    0x08009ca4   0x08009ca4   0x00000098   Code   RO         1032    .text.__tile_non_negtive_location_pave  lto-llvm-6cd09c.o
    0x08009d3c   0x08009d3c   0x0000008a   Code   RO         1090    .text.__user_scene_player_init  lto-llvm-6cd09c.o
    0x08009dc6   0x08009dc6   0x00000002   PAD
    0x08009dc8   0x08009dc8   0x0000008e   Code   RO          798    .text.__when_dirty_region_list_is_empty  lto-llvm-6cd09c.o
    0x08009e56   0x08009e56   0x00000002   PAD
    0x08009e58   0x08009e58   0x00000004   Code   RO         1128    .text.abort         lto-llvm-6cd09c.o
    0x08009e5c   0x08009e5c   0x0000001a   Code   RO          722    .text.abs_q16.160   lto-llvm-6cd09c.o
    0x08009e76   0x08009e76   0x00000002   PAD
    0x08009e78   0x08009e78   0x00000048   Code   RO          824    .text.arm_2d_dynamic_dirty_region_change_user_region_index_only  lto-llvm-6cd09c.o
    0x08009ec0   0x08009ec0   0x00000064   Code   RO          818    .text.arm_2d_dynamic_dirty_region_depose  lto-llvm-6cd09c.o
    0x08009f24   0x08009f24   0x00000068   Code   RO          816    .text.arm_2d_dynamic_dirty_region_init  lto-llvm-6cd09c.o
    0x08009f8c   0x08009f8c   0x0000005e   Code   RO          820    .text.arm_2d_dynamic_dirty_region_on_frame_start  lto-llvm-6cd09c.o
    0x08009fea   0x08009fea   0x00000002   PAD
    0x08009fec   0x08009fec   0x0000009a   Code   RO          822    .text.arm_2d_dynamic_dirty_region_wait_next  lto-llvm-6cd09c.o
    0x0800a086   0x0800a086   0x00000002   PAD
    0x0800a088   0x0800a088   0x000000f6   Code   RO         1028    .text.arm_2d_get_absolute_location  lto-llvm-6cd09c.o
    0x0800a17e   0x0800a17e   0x00000002   PAD
    0x0800a180   0x0800a180   0x0000000c   Code   RO         1054    .text.arm_2d_get_default_frame_buffer  lto-llvm-6cd09c.o
    0x0800a18c   0x0800a18c   0x00000008   Code   RO          690    .text.arm_2d_helper_built_in_init  lto-llvm-6cd09c.o
    0x0800a194   0x0800a194   0x00000032   Code   RO          670    .text.arm_2d_helper_convert_ms_to_ticks  lto-llvm-6cd09c.o
    0x0800a1c6   0x0800a1c6   0x00000002   PAD
    0x0800a1c8   0x0800a1c8   0x00000020   Code   RO          674    .text.arm_2d_helper_convert_ticks_to_ms  lto-llvm-6cd09c.o
    0x0800a1e8   0x0800a1e8   0x00000046   Code   RO          830    .text.arm_2d_helper_dirty_region_depose  lto-llvm-6cd09c.o
    0x0800a22e   0x0800a22e   0x00000002   PAD
    0x0800a230   0x0800a230   0x00000084   Code   RO          828    .text.arm_2d_helper_dirty_region_init  lto-llvm-6cd09c.o
    0x0800a2b4   0x0800a2b4   0x00000040   Code   RO          832    .text.arm_2d_helper_dirty_region_on_frame_start  lto-llvm-6cd09c.o
    0x0800a2f4   0x0800a2f4   0x00000146   Code   RO          678    .text.arm_2d_helper_draw_box  lto-llvm-6cd09c.o
    0x0800a43a   0x0800a43a   0x00000002   PAD
    0x0800a43c   0x0800a43c   0x0000008e   Code   RO          688    .text.arm_2d_helper_fill_tile_colour  lto-llvm-6cd09c.o
    0x0800a4ca   0x0800a4ca   0x00000002   PAD
    0x0800a4cc   0x0800a4cc   0x00000044   Code   RO          694    .text.arm_2d_helper_get_char_descriptor  lto-llvm-6cd09c.o
    0x0800a510   0x0800a510   0x00000008   Code   RO          666    .text.arm_2d_helper_get_reference_clock_frequency  lto-llvm-6cd09c.o
    0x0800a518   0x0800a518   0x00000024   Code   RO          672    .text.arm_2d_helper_get_system_timestamp  lto-llvm-6cd09c.o
    0x0800a53c   0x0800a53c   0x000000b0   Code   RO          692    .text.arm_2d_helper_get_utf8_byte_valid_length  lto-llvm-6cd09c.o
    0x0800a5ec   0x0800a5ec   0x00000122   Code   RO          664    .text.arm_2d_helper_init  lto-llvm-6cd09c.o
    0x0800a70e   0x0800a70e   0x00000002   PAD
    0x0800a710   0x0800a710   0x00000038   Code   RO          776    .text.arm_2d_helper_is_frame_skipped  lto-llvm-6cd09c.o
    0x0800a748   0x0800a748   0x0000006e   Code   RO          812    .text.arm_2d_helper_pfb_append_dirty_regions_to_list  lto-llvm-6cd09c.o
    0x0800a7b6   0x0800a7b6   0x00000002   PAD
    0x0800a7b8   0x0800a7b8   0x000000fe   Code   RO          772    .text.arm_2d_helper_pfb_flush  lto-llvm-6cd09c.o
    0x0800a8b6   0x0800a8b6   0x00000002   PAD
    0x0800a8b8   0x0800a8b8   0x0000003a   Code   RO          766    .text.arm_2d_helper_pfb_get_absolute_location  lto-llvm-6cd09c.o
    0x0800a8f2   0x0800a8f2   0x00000002   PAD
    0x0800a8f4   0x0800a8f4   0x000003ca   Code   RO          762    .text.arm_2d_helper_pfb_init  lto-llvm-6cd09c.o
    0x0800acbe   0x0800acbe   0x00000002   PAD
    0x0800acc0   0x0800acc0   0x00000072   Code   RO          836    .text.arm_2d_helper_pfb_is_region_being_drawing  lto-llvm-6cd09c.o
    0x0800ad32   0x0800ad32   0x00000002   PAD
    0x0800ad34   0x0800ad34   0x0000007a   Code   RO          814    .text.arm_2d_helper_pfb_remove_dirty_regions_from_list  lto-llvm-6cd09c.o
    0x0800adae   0x0800adae   0x00000002   PAD
    0x0800adb0   0x0800adb0   0x00000516   Code   RO          784    .text.arm_2d_helper_pfb_task  lto-llvm-6cd09c.o
    0x0800b2c6   0x0800b2c6   0x00000002   PAD
    0x0800b2c8   0x0800b2c8   0x00000104   Code   RO          782    .text.arm_2d_helper_pfb_update_dependency  lto-llvm-6cd09c.o
    0x0800b3cc   0x0800b3cc   0x00000158   Code   RO          686    .text.arm_2d_helper_swap_rgb16  lto-llvm-6cd09c.o
    0x0800b524   0x0800b524   0x0000000c   Code   RO         1072    .text.arm_2d_init   lto-llvm-6cd09c.o
    0x0800b530   0x0800b530   0x000000da   Code   RO         1068    .text.arm_2d_is_point_inside_region  lto-llvm-6cd09c.o
    0x0800b60a   0x0800b60a   0x00000002   PAD
    0x0800b60c   0x0800b60c   0x0000009e   Code   RO         1070    .text.arm_2d_is_region_inside_target  lto-llvm-6cd09c.o
    0x0800b6aa   0x0800b6aa   0x00000002   PAD
    0x0800b6ac   0x0800b6ac   0x00000010   Code   RO          976    .text.arm_2d_is_root_tile  lto-llvm-6cd09c.o
    0x0800b6bc   0x0800b6bc   0x0000002c   Code   RO         1076    .text.arm_2d_op_init  lto-llvm-6cd09c.o
    0x0800b6e8   0x0800b6e8   0x00000008   Code   RO         1042    .text.arm_2d_op_wait_async  lto-llvm-6cd09c.o
    0x0800b6f0   0x0800b6f0   0x0000000a   Code   RO         1164    .text.arm_2d_op_wait_async.specialized.1  lto-llvm-6cd09c.o
    0x0800b6fa   0x0800b6fa   0x00000002   PAD
    0x0800b6fc   0x0800b6fc   0x00000008   Code   RO          684    .text.arm_2d_port_set_semaphore  lto-llvm-6cd09c.o
    0x0800b704   0x0800b704   0x00000008   Code   RO          682    .text.arm_2d_port_wait_for_semaphore  lto-llvm-6cd09c.o
    0x0800b70c   0x0800b70c   0x000001ba   Code   RO         1066    .text.arm_2d_region_get_minimal_enclosure  lto-llvm-6cd09c.o
    0x0800b8c6   0x0800b8c6   0x00000002   PAD
    0x0800b8c8   0x0800b8c8   0x0000019e   Code   RO          978    .text.arm_2d_region_intersect  lto-llvm-6cd09c.o
    0x0800ba66   0x0800ba66   0x00000002   PAD
    0x0800ba68   0x0800ba68   0x0000012c   Code   RO          840    .text.arm_2d_scene_player_append_scenes  lto-llvm-6cd09c.o
    0x0800bb94   0x0800bb94   0x000007aa   Code   RO          844    .text.arm_2d_scene_player_task  lto-llvm-6cd09c.o
    0x0800c33e   0x0800c33e   0x00000002   PAD
    0x0800c340   0x0800c340   0x00000076   Code   RO         1062    .text.arm_2d_scratch_memory_free  lto-llvm-6cd09c.o
    0x0800c3b6   0x0800c3b6   0x00000002   PAD
    0x0800c3b8   0x0800c3b8   0x000000ee   Code   RO         1058    .text.arm_2d_scratch_memory_new  lto-llvm-6cd09c.o
    0x0800c4a6   0x0800c4a6   0x00000002   PAD
    0x0800c4a8   0x0800c4a8   0x0000004c   Code   RO         1052    .text.arm_2d_set_default_frame_buffer  lto-llvm-6cd09c.o
    0x0800c4f4   0x0800c4f4   0x00000100   Code   RO         1020    .text.arm_2d_tile_generate_child  lto-llvm-6cd09c.o
    0x0800c5f4   0x0800c5f4   0x00000068   Code   RO         1026    .text.arm_2d_tile_get_absolute_location  lto-llvm-6cd09c.o
    0x0800c65c   0x0800c65c   0x0000001a   Code   RO         1018    .text.arm_2d_tile_get_root  lto-llvm-6cd09c.o
    0x0800c676   0x0800c676   0x00000002   PAD
    0x0800c678   0x0800c678   0x00000088   Code   RO          916    .text.arm_2dp_c8bit_fill_colour  lto-llvm-6cd09c.o
    0x0800c700   0x0800c700   0x000000e2   Code   RO          922    .text.arm_2dp_rgb16_draw_pattern  lto-llvm-6cd09c.o
    0x0800c7e2   0x0800c7e2   0x00000002   PAD
    0x0800c7e4   0x0800c7e4   0x00000086   Code   RO          918    .text.arm_2dp_rgb16_fill_colour  lto-llvm-6cd09c.o
    0x0800c86a   0x0800c86a   0x00000002   PAD
    0x0800c86c   0x0800c86c   0x00000086   Code   RO          920    .text.arm_2dp_rgb32_fill_colour  lto-llvm-6cd09c.o
    0x0800c8f2   0x0800c8f2   0x00000002   PAD
    0x0800c8f4   0x0800c8f4   0x000000e8   Code   RO          884    .text.arm_2dp_rgb565_fill_colour_with_a1_mask_and_opacity  lto-llvm-6cd09c.o
    0x0800c9dc   0x0800c9dc   0x000000e8   Code   RO          886    .text.arm_2dp_rgb565_fill_colour_with_mask_and_opacity  lto-llvm-6cd09c.o
    0x0800cac4   0x0800cac4   0x0000005a   Code   RO          966    .text.arm_2dp_rgb565_fill_colour_with_mask_opacity_and_transform_prepare  lto-llvm-6cd09c.o
    0x0800cb1e   0x0800cb1e   0x00000002   PAD
    0x0800cb20   0x0800cb20   0x000000de   Code   RO          964    .text.arm_2dp_rgb565_fill_colour_with_mask_opacity_and_transform_xy_prepare  lto-llvm-6cd09c.o
    0x0800cbfe   0x0800cbfe   0x00000002   PAD
    0x0800cc00   0x0800cc00   0x00000098   Code   RO          882    .text.arm_2dp_rgb565_fill_colour_with_opacity  lto-llvm-6cd09c.o
    0x0800cc98   0x0800cc98   0x00000064   Code   RO          962    .text.arm_2dp_tile_transform  lto-llvm-6cd09c.o
    0x0800ccfc   0x0800ccfc   0x0000013c   Code   RO          958    .text.arm_2dp_tile_transform_xy  lto-llvm-6cd09c.o
    0x0800ce38   0x0800ce38   0x00000108   Code   RO         1112    .text.arm_cos_f32   lto-llvm-6cd09c.o
    0x0800cf40   0x0800cf40   0x00000074   Code   RO         1114    .text.arm_cos_q31   lto-llvm-6cd09c.o
    0x0800cfb4   0x0800cfb4   0x00000018   Code   RO         1102    .text.arm_extra_controls_init  lto-llvm-6cd09c.o
    0x0800cfcc   0x0800cfcc   0x0000005a   Code   RO          756    .text.arm_lcd_printf  lto-llvm-6cd09c.o
    0x0800d026   0x0800d026   0x00000002   PAD
    0x0800d028   0x0800d028   0x00000166   Code   RO          754    .text.arm_lcd_puts  lto-llvm-6cd09c.o
    0x0800d18e   0x0800d18e   0x00000002   PAD
    0x0800d190   0x0800d190   0x00000024   Code   RO          716    .text.arm_lcd_text_get_actual_char_box  lto-llvm-6cd09c.o
    0x0800d1b4   0x0800d1b4   0x00000038   Code   RO          696    .text.arm_lcd_text_init  lto-llvm-6cd09c.o
    0x0800d1ec   0x0800d1ec   0x0000007e   Code   RO          736    .text.arm_lcd_text_location  lto-llvm-6cd09c.o
    0x0800d26a   0x0800d26a   0x00000002   PAD
    0x0800d26c   0x0800d26c   0x00000028   Code   RO          706    .text.arm_lcd_text_set_char_spacing  lto-llvm-6cd09c.o
    0x0800d294   0x0800d294   0x00000022   Code   RO          698    .text.arm_lcd_text_set_colour  lto-llvm-6cd09c.o
    0x0800d2b6   0x0800d2b6   0x00000002   PAD
    0x0800d2b8   0x0800d2b8   0x00000016   Code   RO          702    .text.arm_lcd_text_set_display_mode  lto-llvm-6cd09c.o
    0x0800d2ce   0x0800d2ce   0x00000002   PAD
    0x0800d2d0   0x0800d2d0   0x0000003c   Code   RO          734    .text.arm_lcd_text_set_draw_region  lto-llvm-6cd09c.o
    0x0800d30c   0x0800d30c   0x00000096   Code   RO          740    .text.arm_lcd_text_set_font  lto-llvm-6cd09c.o
    0x0800d3a2   0x0800d3a2   0x00000002   PAD
    0x0800d3a4   0x0800d3a4   0x00000028   Code   RO          714    .text.arm_lcd_text_set_line_spacing  lto-llvm-6cd09c.o
    0x0800d3cc   0x0800d3cc   0x0000001c   Code   RO          704    .text.arm_lcd_text_set_opacity  lto-llvm-6cd09c.o
    0x0800d3e8   0x0800d3e8   0x0000001c   Code   RO          718    .text.arm_lcd_text_set_scale  lto-llvm-6cd09c.o
    0x0800d404   0x0800d404   0x0000002a   Code   RO          700    .text.arm_lcd_text_set_target_framebuffer  lto-llvm-6cd09c.o
    0x0800d42e   0x0800d42e   0x00000002   PAD
    0x0800d430   0x0800d430   0x00000100   Code   RO         1116    .text.arm_sin_f32   lto-llvm-6cd09c.o
    0x0800d530   0x0800d530   0x0000006c   Code   RO         1118    .text.arm_sin_q31   lto-llvm-6cd09c.o
    0x0800d59c   0x0800d59c   0x00000138   Code   RO          858    .text.busy_wheel2_show  lto-llvm-6cd09c.o
    0x0800d6d4   0x0800d6d4   0x000000d4   Code   RO          856    .text.busy_wheel_init  lto-llvm-6cd09c.o
    0x0800d7a8   0x0800d7a8   0x0000003c   Code   RO         1144    .text.check_systick  lto-llvm-6cd09c.o
    0x0800d7e4   0x0800d7e4   0x00000036   Code   RO          502    .text.crm_ahb_div_set  lto-llvm-6cd09c.o
    0x0800d81a   0x0800d81a   0x00000002   PAD
    0x0800d81c   0x0800d81c   0x00000028   Code   RO          504    .text.crm_apb1_div_set  lto-llvm-6cd09c.o
    0x0800d844   0x0800d844   0x00000028   Code   RO          506    .text.crm_apb2_div_set  lto-llvm-6cd09c.o
    0x0800d86c   0x0800d86c   0x00000028   Code   RO          508    .text.crm_apb3_div_set  lto-llvm-6cd09c.o
    0x0800d894   0x0800d894   0x00000038   Code   RO          492    .text.crm_auto_step_mode_enable  lto-llvm-6cd09c.o
    0x0800d8cc   0x0800d8cc   0x000000a2   Code   RO          500    .text.crm_clock_source_enable  lto-llvm-6cd09c.o
    0x0800d96e   0x0800d96e   0x00000002   PAD
    0x0800d970   0x0800d970   0x0000018a   Code   RO          516    .text.crm_clocks_freq_get  lto-llvm-6cd09c.o
    0x0800dafa   0x0800dafa   0x00000002   PAD
    0x0800dafc   0x0800dafc   0x0000003e   Code   RO          494    .text.crm_flag_get  lto-llvm-6cd09c.o
    0x0800db3a   0x0800db3a   0x00000002   PAD
    0x0800db3c   0x0800db3c   0x0000005c   Code   RO          496    .text.crm_hext_stable_wait  lto-llvm-6cd09c.o
    0x0800db98   0x0800db98   0x00000054   Code   RO          498    .text.crm_periph_clock_enable  lto-llvm-6cd09c.o
    0x0800dbec   0x0800dbec   0x00000070   Code   RO          510    .text.crm_pll_config  lto-llvm-6cd09c.o
    0x0800dc5c   0x0800dc5c   0x000000b0   Code   RO          490    .text.crm_reset     lto-llvm-6cd09c.o
    0x0800dd0c   0x0800dd0c   0x0000002e   Code   RO          512    .text.crm_sysclk_switch  lto-llvm-6cd09c.o
    0x0800dd3a   0x0800dd3a   0x00000002   PAD
    0x0800dd3c   0x0800dd3c   0x00000010   Code   RO          514    .text.crm_sysclk_switch_status_get  lto-llvm-6cd09c.o
    0x0800dd4c   0x0800dd4c   0x0000002c   Code   RO         1088    .text.disp_adapter0_init  lto-llvm-6cd09c.o
    0x0800dd78   0x0800dd78   0x00000008   Code   RO         1086    .text.disp_adapter0_navigator_init  lto-llvm-6cd09c.o
    0x0800dd80   0x0800dd80   0x0000001a   Code   RO          570    .text.dma_channel_enable  lto-llvm-6cd09c.o
    0x0800dd9a   0x0800dd9a   0x00000002   PAD
    0x0800dd9c   0x0800dd9c   0x00000032   Code   RO          576    .text.dma_default_para_init  lto-llvm-6cd09c.o
    0x0800ddce   0x0800ddce   0x00000002   PAD
    0x0800ddd0   0x0800ddd0   0x00000018   Code   RO          574    .text.dma_flag_clear  lto-llvm-6cd09c.o
    0x0800dde8   0x0800dde8   0x0000003a   Code   RO          572    .text.dma_flag_get  lto-llvm-6cd09c.o
    0x0800de22   0x0800de22   0x00000002   PAD
    0x0800de24   0x0800de24   0x000000c0   Code   RO          578    .text.dma_init      lto-llvm-6cd09c.o
    0x0800dee4   0x0800dee4   0x00000058   Code   RO          568    .text.dma_reset     lto-llvm-6cd09c.o
    0x0800df3c   0x0800df3c   0x00000028   Code   RO          580    .text.dmamux_enable  lto-llvm-6cd09c.o
    0x0800df64   0x0800df64   0x0000001a   Code   RO          582    .text.dmamux_init   lto-llvm-6cd09c.o
    0x0800df7e   0x0800df7e   0x00000002   PAD
    0x0800df80   0x0800df80   0x00000030   Code   RO         1120    .text.fputc         lto-llvm-6cd09c.o
    0x0800dfb0   0x0800dfb0   0x00000086   Code   RO         1142    .text.get_system_ticks  lto-llvm-6cd09c.o
    0x0800e036   0x0800e036   0x00000002   PAD
    0x0800e038   0x0800e038   0x00000014   Code   RO          524    .text.gpio_bits_reset  lto-llvm-6cd09c.o
    0x0800e04c   0x0800e04c   0x00000014   Code   RO          522    .text.gpio_bits_set  lto-llvm-6cd09c.o
    0x0800e060   0x0800e060   0x00000024   Code   RO          520    .text.gpio_default_para_init  lto-llvm-6cd09c.o
    0x0800e084   0x0800e084   0x000000e6   Code   RO          518    .text.gpio_init     lto-llvm-6cd09c.o
    0x0800e16a   0x0800e16a   0x00000002   PAD
    0x0800e16c   0x0800e16c   0x00000088   Code   RO          526    .text.gpio_pin_mux_config  lto-llvm-6cd09c.o
    0x0800e1f4   0x0800e1f4   0x0000009a   Code   RO         1132    .text.init_cycle_counter  lto-llvm-6cd09c.o
    0x0800e28e   0x0800e28e   0x00000002   PAD
    0x0800e290   0x0800e290   0x000001a0   Code   RO          746    .text.lcd_draw_char  lto-llvm-6cd09c.o
    0x0800e430   0x0800e430   0x00000104   Code   RO          458    .text.main          lto-llvm-6cd09c.o
    0x0800e534   0x0800e534   0x00000010   Code   RO          710    .text.mul_n_q16     lto-llvm-6cd09c.o
    0x0800e544   0x0800e544   0x00000018   Code   RO          934    .text.mul_q16.350   lto-llvm-6cd09c.o
    0x0800e55c   0x0800e55c   0x00000036   Code   RO          592    .text.nvic_irq_enable  lto-llvm-6cd09c.o
    0x0800e592   0x0800e592   0x00000002   PAD
    0x0800e594   0x0800e594   0x00000016   Code   RO          602    .text.nvic_priority_group_config  lto-llvm-6cd09c.o
    0x0800e5aa   0x0800e5aa   0x00000002   PAD
    0x0800e5ac   0x0800e5ac   0x00000010   Code   RO         1162    .text.perfc_port_clear_system_timer_ovf_pending  lto-llvm-6cd09c.o
    0x0800e5bc   0x0800e5bc   0x00000014   Code   RO         1134    .text.perfc_port_disable_global_interrupt  lto-llvm-6cd09c.o
    0x0800e5d0   0x0800e5d0   0x00000014   Code   RO         1150    .text.perfc_port_disable_global_interrupt.734  lto-llvm-6cd09c.o
    0x0800e5e4   0x0800e5e4   0x00000020   Code   RO         1160    .text.perfc_port_get_system_timer_elapsed  lto-llvm-6cd09c.o
    0x0800e604   0x0800e604   0x0000000c   Code   RO         1154    .text.perfc_port_get_system_timer_freq  lto-llvm-6cd09c.o
    0x0800e610   0x0800e610   0x0000000e   Code   RO         1158    .text.perfc_port_get_system_timer_top  lto-llvm-6cd09c.o
    0x0800e61e   0x0800e61e   0x00000002   PAD
    0x0800e620   0x0800e620   0x00000064   Code   RO         1148    .text.perfc_port_init_system_timer  lto-llvm-6cd09c.o
    0x0800e684   0x0800e684   0x0000011e   Code   RO         1146    .text.perfc_port_insert_to_system_timer_insert_ovf_handler  lto-llvm-6cd09c.o
    0x0800e7a2   0x0800e7a2   0x00000002   PAD
    0x0800e7a4   0x0800e7a4   0x00000010   Code   RO         1156    .text.perfc_port_is_system_timer_ovf_pending  lto-llvm-6cd09c.o
    0x0800e7b4   0x0800e7b4   0x00000012   Code   RO         1136    .text.perfc_port_resume_global_interrupt  lto-llvm-6cd09c.o
    0x0800e7c6   0x0800e7c6   0x00000002   PAD
    0x0800e7c8   0x0800e7c8   0x00000012   Code   RO         1152    .text.perfc_port_resume_global_interrupt.735  lto-llvm-6cd09c.o
    0x0800e7da   0x0800e7da   0x00000002   PAD
    0x0800e7dc   0x0800e7dc   0x00000008   Code   RO         1104    .text.progress_bar_drill_init  lto-llvm-6cd09c.o
    0x0800e7e4   0x0800e7e4   0x00000016   Code   RO         1106    .text.progress_bar_flowing_init  lto-llvm-6cd09c.o
    0x0800e7fa   0x0800e7fa   0x00000002   PAD
    0x0800e7fc   0x0800e7fc   0x00000026   Code   RO          548    .text.pwc_battery_powered_domain_access  lto-llvm-6cd09c.o
    0x0800e822   0x0800e822   0x00000002   PAD
    0x0800e824   0x0800e824   0x00000036   Code   RO          936    .text.qadd_q16      lto-llvm-6cd09c.o
    0x0800e85a   0x0800e85a   0x00000002   PAD
    0x0800e85c   0x0800e85c   0x00000036   Code   RO          938    .text.qsub_q16      lto-llvm-6cd09c.o
    0x0800e892   0x0800e892   0x00000002   PAD
    0x0800e894   0x0800e894   0x00000016   Code   RO          634    .text.queue_isEmpty  lto-llvm-6cd09c.o
    0x0800e8aa   0x0800e8aa   0x00000002   PAD
    0x0800e8ac   0x0800e8ac   0x00000022   Code   RO          630    .text.queue_isFull  lto-llvm-6cd09c.o
    0x0800e8ce   0x0800e8ce   0x00000002   PAD
    0x0800e8d0   0x0800e8d0   0x00000052   Code   RO          632    .text.queue_read    lto-llvm-6cd09c.o
    0x0800e922   0x0800e922   0x00000002   PAD
    0x0800e924   0x0800e924   0x0000004e   Code   RO          628    .text.queue_write   lto-llvm-6cd09c.o
    0x0800e972   0x0800e972   0x00000002   PAD
    0x0800e974   0x0800e974   0x0000001c   Code   RO          750    .text.reinterpret_f32_q16.167  lto-llvm-6cd09c.o
    0x0800e990   0x0800e990   0x0000003c   Code   RO          720    .text.reinterpret_q16_f32.159  lto-llvm-6cd09c.o
    0x0800e9cc   0x0800e9cc   0x0000003c   Code   RO          928    .text.reinterpret_q16_f32.348  lto-llvm-6cd09c.o
    0x0800ea08   0x0800ea08   0x0000000c   Code   RO          930    .text.reinterpret_q16_q31  lto-llvm-6cd09c.o
    0x0800ea14   0x0800ea14   0x00000012   Code   RO          726    .text.reinterpret_q16_s16.161  lto-llvm-6cd09c.o
    0x0800ea26   0x0800ea26   0x00000002   PAD
    0x0800ea28   0x0800ea28   0x00000010   Code   RO          932    .text.reinterpret_q16_s16.349  lto-llvm-6cd09c.o
    0x0800ea38   0x0800ea38   0x0000000c   Code   RO          712    .text.reinterpret_s16_q16.158  lto-llvm-6cd09c.o
    0x0800ea44   0x0800ea44   0x0000000c   Code   RO          926    .text.reinterpret_s16_q16.347  lto-llvm-6cd09c.o
    0x0800ea50   0x0800ea50   0x0000002c   Code   RO          550    .text.spi_default_para_init  lto-llvm-6cd09c.o
    0x0800ea7c   0x0800ea7c   0x000000e0   Code   RO          658    .text.spi_dma_write_bytes  lto-llvm-6cd09c.o
    0x0800eb5c   0x0800eb5c   0x00000106   Code   RO          660    .text.spi_dma_write_halfwords  lto-llvm-6cd09c.o
    0x0800ec62   0x0800ec62   0x00000002   PAD
    0x0800ec64   0x0800ec64   0x0000002c   Code   RO          556    .text.spi_enable    lto-llvm-6cd09c.o
    0x0800ec90   0x0800ec90   0x0000002a   Code   RO          554    .text.spi_frame_bit_num_set  lto-llvm-6cd09c.o
    0x0800ecba   0x0800ecba   0x00000002   PAD
    0x0800ecbc   0x0800ecbc   0x00000016   Code   RO          564    .text.spi_i2s_data_receive  lto-llvm-6cd09c.o
    0x0800ecd2   0x0800ecd2   0x00000002   PAD
    0x0800ecd4   0x0800ecd4   0x0000001c   Code   RO          562    .text.spi_i2s_data_transmit  lto-llvm-6cd09c.o
    0x0800ecf0   0x0800ecf0   0x00000022   Code   RO          560    .text.spi_i2s_dma_receiver_enable  lto-llvm-6cd09c.o
    0x0800ed12   0x0800ed12   0x00000002   PAD
    0x0800ed14   0x0800ed14   0x0000002a   Code   RO          558    .text.spi_i2s_dma_transmitter_enable  lto-llvm-6cd09c.o
    0x0800ed3e   0x0800ed3e   0x00000002   PAD
    0x0800ed40   0x0800ed40   0x00000038   Code   RO          566    .text.spi_i2s_flag_get  lto-llvm-6cd09c.o
    0x0800ed78   0x0800ed78   0x000001fe   Code   RO          552    .text.spi_init      lto-llvm-6cd09c.o
    0x0800ef76   0x0800ef76   0x00000002   PAD
    0x0800ef78   0x0800ef78   0x00000082   Code   RO          662    .text.spi_write_read_byte  lto-llvm-6cd09c.o
    0x0800effa   0x0800effa   0x00000002   PAD
    0x0800effc   0x0800effc   0x0000005e   Code   RO         1110    .text.spinning_wheel_init  lto-llvm-6cd09c.o
    0x0800f05a   0x0800f05a   0x00000002   PAD
    0x0800f05c   0x0800f05c   0x0000000c   Code   RO         1122    .text.stdout_putchar  lto-llvm-6cd09c.o
    0x0800f068   0x0800f068   0x00000170   Code   RO          610    .text.system_core_clock_update  lto-llvm-6cd09c.o
    0x0800f1d8   0x0800f1d8   0x0000003a   Code   RO          606    .text.systick_clock_source_config  lto-llvm-6cd09c.o
    0x0800f212   0x0800f212   0x00000002   PAD
    0x0800f214   0x0800f214   0x00000088   Code   RO          618    .text.tmt_create    lto-llvm-6cd09c.o
    0x0800f29c   0x0800f29c   0x0000012a   Code   RO          620    .text.tmt_delete    lto-llvm-6cd09c.o
    0x0800f3c6   0x0800f3c6   0x00000002   PAD
    0x0800f3c8   0x0800f3c8   0x00000076   Code   RO          612    .text.tmt_init      lto-llvm-6cd09c.o
    0x0800f43e   0x0800f43e   0x00000002   PAD
    0x0800f440   0x0800f440   0x000000b2   Code   RO          614    .text.tmt_run       lto-llvm-6cd09c.o
    0x0800f4f2   0x0800f4f2   0x00000002   PAD
    0x0800f4f4   0x0800f4f4   0x00000086   Code   RO          624    .text.tmt_run_ctrl  lto-llvm-6cd09c.o
    0x0800f57a   0x0800f57a   0x00000002   PAD
    0x0800f57c   0x0800f57c   0x00000098   Code   RO          622    .text.tmt_time_ctrl  lto-llvm-6cd09c.o
    0x0800f614   0x0800f614   0x0000006a   Code   RO          616    .text.tmt_update_tick  lto-llvm-6cd09c.o
    0x0800f67e   0x0800f67e   0x00000002   PAD
    0x0800f680   0x0800f680   0x0000001e   Code   RO          460    .text.touch_task    lto-llvm-6cd09c.o
    0x0800f69e   0x0800f69e   0x00000002   PAD
    0x0800f6a0   0x0800f6a0   0x0000009a   Code   RO         1138    .text.update_perf_counter  lto-llvm-6cd09c.o
    0x0800f73a   0x0800f73a   0x00000002   PAD
    0x0800f73c   0x0800f73c   0x00000016   Code   RO          540    .text.usart_data_receive  lto-llvm-6cd09c.o
    0x0800f752   0x0800f752   0x00000002   PAD
    0x0800f754   0x0800f754   0x00000020   Code   RO          538    .text.usart_data_transmit  lto-llvm-6cd09c.o
    0x0800f774   0x0800f774   0x0000002c   Code   RO          532    .text.usart_enable  lto-llvm-6cd09c.o
    0x0800f7a0   0x0800f7a0   0x0000005e   Code   RO          546    .text.usart_flag_clear  lto-llvm-6cd09c.o
    0x0800f7fe   0x0800f7fe   0x00000002   PAD
    0x0800f800   0x0800f800   0x00000032   Code   RO          544    .text.usart_flag_get  lto-llvm-6cd09c.o
    0x0800f832   0x0800f832   0x00000002   PAD
    0x0800f834   0x0800f834   0x0000009a   Code   RO          542    .text.usart_hardware_flow_control_set  lto-llvm-6cd09c.o
    0x0800f8ce   0x0800f8ce   0x00000002   PAD
    0x0800f8d0   0x0800f8d0   0x00000116   Code   RO          528    .text.usart_init    lto-llvm-6cd09c.o
    0x0800f9e6   0x0800f9e6   0x00000002   PAD
    0x0800f9e8   0x0800f9e8   0x00000078   Code   RO          530    .text.usart_parity_selection_config  lto-llvm-6cd09c.o
    0x0800fa60   0x0800fa60   0x0000002c   Code   RO          536    .text.usart_receiver_enable  lto-llvm-6cd09c.o
    0x0800fa8c   0x0800fa8c   0x0000002c   Code   RO          534    .text.usart_transmitter_enable  lto-llvm-6cd09c.o
    0x0800fab8   0x0800fab8   0x00000010   Code   RO          584    .text.wdt_counter_reload  lto-llvm-6cd09c.o
    0x0800fac8   0x0800fac8   0x00000020   Code   RO          588    .text.wdt_divider_set  lto-llvm-6cd09c.o
    0x0800fae8   0x0800fae8   0x00000032   Code   RO          590    .text.wdt_register_write_enable  lto-llvm-6cd09c.o
    0x0800fb1a   0x0800fb1a   0x00000002   PAD
    0x0800fb1c   0x0800fb1c   0x0000001a   Code   RO          586    .text.wdt_reload_value_set  lto-llvm-6cd09c.o
    0x0800fb36   0x0800fb36   0x00000002   PAD
    0x0800fb38   0x0800fb38   0x00000034   Code   RO          468    .text.wk_delay_ms   lto-llvm-6cd09c.o
    0x0800fb6c   0x0800fb6c   0x0000004a   Code   RO          478    .text.wk_dma1_channel1_init  lto-llvm-6cd09c.o
    0x0800fbb6   0x0800fbb6   0x00000002   PAD
    0x0800fbb8   0x0800fbb8   0x00000058   Code   RO          480    .text.wk_dma1_channel2_init  lto-llvm-6cd09c.o
    0x0800fc10   0x0800fc10   0x0000005a   Code   RO          482    .text.wk_dma1_channel3_init  lto-llvm-6cd09c.o
    0x0800fc6a   0x0800fc6a   0x00000002   PAD
    0x0800fc6c   0x0800fc6c   0x00000026   Code   RO          484    .text.wk_dma_channel_config  lto-llvm-6cd09c.o
    0x0800fc92   0x0800fc92   0x00000002   PAD
    0x0800fc94   0x0800fc94   0x000000f6   Code   RO          486    .text.wk_gpio_config  lto-llvm-6cd09c.o
    0x0800fd8a   0x0800fd8a   0x00000002   PAD
    0x0800fd8c   0x0800fd8c   0x00000098   Code   RO          450    .text.wk_nvic_config  lto-llvm-6cd09c.o
    0x0800fe24   0x0800fe24   0x00000056   Code   RO          448    .text.wk_periph_clock_config  lto-llvm-6cd09c.o
    0x0800fe7a   0x0800fe7a   0x00000002   PAD
    0x0800fe7c   0x0800fe7c   0x000000dc   Code   RO          474    .text.wk_spi2_init  lto-llvm-6cd09c.o
    0x0800ff58   0x0800ff58   0x00000100   Code   RO          446    .text.wk_system_clock_config  lto-llvm-6cd09c.o
    0x08010058   0x08010058   0x0000000c   Code   RO          466    .text.wk_timebase_get  lto-llvm-6cd09c.o
    0x08010064   0x08010064   0x00000008   Code   RO          472    .text.wk_timebase_handler  lto-llvm-6cd09c.o
    0x0801006c   0x0801006c   0x00000010   Code   RO          464    .text.wk_timebase_increase  lto-llvm-6cd09c.o
    0x0801007c   0x0801007c   0x00000056   Code   RO          470    .text.wk_timebase_init  lto-llvm-6cd09c.o
    0x080100d2   0x080100d2   0x00000002   PAD
    0x080100d4   0x080100d4   0x00000082   Code   RO          476    .text.wk_usart1_init  lto-llvm-6cd09c.o
    0x08010156   0x08010156   0x00000002   PAD
    0x08010158   0x08010158   0x00000014   Code   RO          488    .text.wk_wdt_init   lto-llvm-6cd09c.o
    0x0801016c   0x0801016c   0x00000034   Code   RO          259    i.__0vsnprintf      mc_w.l(printfa.o)
    0x080101a0   0x080101a0   0x000000b0   Code   RO          190    i.__hardfp_fmodf    m_wm.l(fmodf.o)
    0x08010250   0x08010250   0x000000c2   Code   RO          235    i.__hardfp_lroundf  m_wm.l(lroundf.o)
    0x08010312   0x08010312   0x00000002   PAD
    0x08010314   0x08010314   0x00000010   Code   RO          330    i.__mathlib_flt_invalid  m_wm.l(funder.o)
    0x08010324   0x08010324   0x0000000e   Code   RO         1257    i.__scatterload_copy  mc_w.l(handlers.o)
    0x08010332   0x08010332   0x00000002   Code   RO         1258    i.__scatterload_null  mc_w.l(handlers.o)
    0x08010334   0x08010334   0x0000000e   Code   RO         1259    i.__scatterload_zeroinit  mc_w.l(handlers.o)
    0x08010342   0x08010342   0x00000002   PAD
    0x08010344   0x08010344   0x0000000c   Code   RO          379    i.__set_errno       mc_w.l(errno.o)
    0x08010350   0x08010350   0x00000184   Code   RO          261    i._fp_digits        mc_w.l(printfa.o)
    0x080104d4   0x080104d4   0x000006dc   Code   RO          262    i._printf_core      mc_w.l(printfa.o)
    0x08010bb0   0x08010bb0   0x00000024   Code   RO          263    i._printf_post_padding  mc_w.l(printfa.o)
    0x08010bd4   0x08010bd4   0x0000002e   Code   RO          264    i._printf_pre_padding  mc_w.l(printfa.o)
    0x08010c02   0x08010c02   0x00000016   Code   RO          265    i._snputc           mc_w.l(printfa.o)
    0x08010c18   0x08010c18   0x00000018   Code   RO          242    i.fputs             mc_w.l(fputs.o)
    0x08010c30   0x08010c30   0x00000050   Code   RO          281    i.free              mc_w.l(malloc.o)
    0x08010c80   0x08010c80   0x0000006c   Code   RO          282    i.malloc            mc_w.l(malloc.o)
    0x08010cec   0x08010cec   0x00000054   Data   RO         1206    .rodata..L__const.__user_scene_player_init.tCFG  lto-llvm-6cd09c.o
    0x08010d40   0x08010d40   0x00000024   Data   RO         1209    .rodata.ARM_2D_FONT_6x8  lto-llvm-6cd09c.o
    0x08010d64   0x08010d64   0x00000010   Data   RO         1197    .rodata.ARM_2D_OP_DRAW_PATTERN_RGB16  lto-llvm-6cd09c.o
    0x08010d74   0x08010d74   0x00000010   Data   RO         1198    .rodata.ARM_2D_OP_FILL_COLOUR_C8BIT  lto-llvm-6cd09c.o
    0x08010d84   0x08010d84   0x00000010   Data   RO         1199    .rodata.ARM_2D_OP_FILL_COLOUR_RGB16  lto-llvm-6cd09c.o
    0x08010d94   0x08010d94   0x00000010   Data   RO         1200    .rodata.ARM_2D_OP_FILL_COLOUR_RGB32  lto-llvm-6cd09c.o
    0x08010da4   0x08010da4   0x00000010   Data   RO         1191    .rodata.ARM_2D_OP_FILL_COLOUR_WITH_A1_MASK_AND_OPACITY_RGB565  lto-llvm-6cd09c.o
    0x08010db4   0x08010db4   0x00000010   Data   RO         1192    .rodata.ARM_2D_OP_FILL_COLOUR_WITH_MASK_AND_OPACITY_RGB565  lto-llvm-6cd09c.o
    0x08010dc4   0x08010dc4   0x00000010   Data   RO         1202    .rodata.ARM_2D_OP_FILL_COLOUR_WITH_MSK_OPACITY_AND_TRANSFORM_RGB565  lto-llvm-6cd09c.o
    0x08010dd4   0x08010dd4   0x00000010   Data   RO         1188    .rodata.ARM_2D_OP_FILL_COLOUR_WITH_OPACITY_RGB565  lto-llvm-6cd09c.o
    0x08010de4   0x08010de4   0x00000380   Data   RO         1175    .rodata.Font_6x8_h  lto-llvm-6cd09c.o
    0x08011164   0x08011164   0x00000008   Data   RO         1193    .rodata.LOW_LEVEL_IO__ARM_2D_IO_DRAW_PATTERN_RGB16  lto-llvm-6cd09c.o
    0x0801116c   0x0801116c   0x00000008   Data   RO         1189    .rodata.LOW_LEVEL_IO__ARM_2D_IO_FILL_COLOUR_A1_MASK_AND_OPACITY_RGB565  lto-llvm-6cd09c.o
    0x08011174   0x08011174   0x00000008   Data   RO         1194    .rodata.LOW_LEVEL_IO__ARM_2D_IO_FILL_COLOUR_C8BIT  lto-llvm-6cd09c.o
    0x0801117c   0x0801117c   0x00000008   Data   RO         1190    .rodata.LOW_LEVEL_IO__ARM_2D_IO_FILL_COLOUR_MASK_AND_OPACITY_RGB565  lto-llvm-6cd09c.o
    0x08011184   0x08011184   0x00000008   Data   RO         1195    .rodata.LOW_LEVEL_IO__ARM_2D_IO_FILL_COLOUR_RGB16  lto-llvm-6cd09c.o
    0x0801118c   0x0801118c   0x00000008   Data   RO         1196    .rodata.LOW_LEVEL_IO__ARM_2D_IO_FILL_COLOUR_RGB32  lto-llvm-6cd09c.o
    0x08011194   0x08011194   0x00000008   Data   RO         1201    .rodata.LOW_LEVEL_IO__ARM_2D_IO_FILL_COLOUR_WITH_MSK_OPACITY_AND_TRANSFORM_RGB565  lto-llvm-6cd09c.o
    0x0801119c   0x0801119c   0x00000008   Data   RO         1187    .rodata.LOW_LEVEL_IO__ARM_2D_IO_FILL_COLOUR_WITH_OPACITY_RGB565  lto-llvm-6cd09c.o
    0x080111a4   0x080111a4   0x00000010   Data   RO         1169    .rodata.cst16       lto-llvm-6cd09c.o
    0x080111b4   0x080111b4   0x00000018   Data   RO         1168    .rodata.cst8        lto-llvm-6cd09c.o
    0x080111cc   0x080111cc   0x00000804   Data   RO         1210    .rodata.sinTable_f32  lto-llvm-6cd09c.o
    0x080119d0   0x080119d0   0x00000804   Data   RO         1211    .rodata.sinTable_q31  lto-llvm-6cd09c.o
    0x080121d4   0x080121d4   0x00000cbb   Data   RO         1181    .rodata.str1.1      lto-llvm-6cd09c.o
    0x08012e8f   0x08012e8f   0x00000006   Data   RO         1170    .rodata.system_core_clock_update.pll_fr_table  lto-llvm-6cd09c.o
    0x08012e95   0x08012e95   0x00000003   PAD
    0x08012e98   0x08012e98   0x00000020   Data   RO         1256    Region$$Table       anon$$obj.o
    0x08012eb8   0x08012eb8   0x000000c4   Data   RO         1177    arm2d.asset.c_bmpWhiteDotAlpha  lto-llvm-6cd09c.o
    0x08012f7c   0x08012f7c   0x00000188   Data   RO         1176    arm2d.asset.c_bmpWhiteDotRGB565  lto-llvm-6cd09c.o
    0x08013104   0x08013104   0x00000010   Data   RO         1208    arm2d.tile.c_tileWhiteDotMask  lto-llvm-6cd09c.o
    0x08013114   0x08013114   0x00000010   Data   RO         1183    arm2d.tile.c_tileWhiteDotRGB565  lto-llvm-6cd09c.o
    0x08013124   0x08013124   0x00000004   Data   RO         1212    .init_array         lto-llvm-6cd09c.o
    0x08013128   0x08013124   0x00000000   Data   RO         1237    .init_array         mc_w.l(cpp_init.o)


    Execution Region RW_IRAM1 (Exec base: 0x20000000, Load base: 0x08013128, Size: 0x00002478, Max: 0x00004000, ABSOLUTE, COMPRESSED[0x00000040])

    Exec Addr    Load Addr    Size         Type   Attr      Idx    E Section Name        Object

    0x20000000   COMPRESSED   0x00000004   Data   RW          246    .data               mc_w.l(stdout.o)
    0x20000004   COMPRESSED   0x00000004   Data   RW          247    .data               mc_w.l(stderr.o)
    0x20000008   COMPRESSED   0x00000004   Data   RW          375    .data               mc_w.l(mvars.o)
    0x2000000c   COMPRESSED   0x00000004   Data   RW          376    .data               mc_w.l(mvars.o)
    0x20000010   COMPRESSED   0x00000004   Data   RW          380    .data               mc_w.l(errno.o)
    0x20000014   COMPRESSED   0x00000004   Data   RW         1225    .data.SystemCoreClock  lto-llvm-6cd09c.o
    0x20000018   COMPRESSED   0x0000008c   Data   RW         1204    .data.disp_adapter0_init.s_tScenes  lto-llvm-6cd09c.o
    0x200000a4   COMPRESSED   0x00000014   Data   RW         1203    .data.disp_adapter0_navigator_init.s_tNavDirtyRegionList  lto-llvm-6cd09c.o
    0x200000b8   COMPRESSED   0x00000004   Data   RW         1179    .data.s_tHelper.1   lto-llvm-6cd09c.o
    0x200000bc   COMPRESSED   0x00000094   Data   RW         1182    .data.s_tLCDTextControl  lto-llvm-6cd09c.o
    0x20000150   COMPRESSED   0x00000004   Data   RW         1217    .data.s_wMSUnit     lto-llvm-6cd09c.o
    0x20000154   COMPRESSED   0x00000004   Data   RW         1220    .data.s_wUSUnit     lto-llvm-6cd09c.o
    0x20000158        -       0x00000001   Zero   RW         1185    .bss.busy_wheel2_show.s_chOffset  lto-llvm-6cd09c.o
    0x20000159   COMPRESSED   0x00000003   PAD
    0x2000015c        -       0x00000014   Zero   RW         1174    .bss.dma_init_struct  lto-llvm-6cd09c.o
    0x20000170        -       0x00000008   Zero   RW         1214    .bss.g_lLastTimeStamp  lto-llvm-6cd09c.o
    0x20000178        -       0x00000004   Zero   RW         1213    .bss.g_nOffset      lto-llvm-6cd09c.o
    0x2000017c   COMPRESSED   0x00000004   PAD
    0x20000180        -       0x000002e8   Zero   RW         1184    .bss.noinit         lto-llvm-6cd09c.o
    0x20000468        -       0x0000141c   Zero   RW         1205    .bss.noinit.arm_2d_pfb_pool  lto-llvm-6cd09c.o
    0x20001884        -       0x0000007c   Zero   RW         1171    .bss.object         lto-llvm-6cd09c.o
    0x20001900        -       0x00000008   Zero   RW         1186    .bss.s_lLastTime2   lto-llvm-6cd09c.o
    0x20001908        -       0x00000008   Zero   RW         1222    .bss.s_lOldTimestamp  lto-llvm-6cd09c.o
    0x20001910        -       0x00000008   Zero   RW         1224    .bss.s_lOldTimestampMS  lto-llvm-6cd09c.o
    0x20001918        -       0x00000008   Zero   RW         1223    .bss.s_lOldTimestampUS  lto-llvm-6cd09c.o
    0x20001920        -       0x00000008   Zero   RW         1215    .bss.s_lSystemClockCounts  lto-llvm-6cd09c.o
    0x20001928        -       0x00000008   Zero   RW         1218    .bss.s_lSystemMS    lto-llvm-6cd09c.o
    0x20001930        -       0x00000008   Zero   RW         1221    .bss.s_lSystemUS    lto-llvm-6cd09c.o
    0x20001938        -       0x00000001   Zero   RW         1178    .bss.s_tHelper.0    lto-llvm-6cd09c.o
    0x20001939   COMPRESSED   0x00000007   PAD
    0x20001940        -       0x00000008   Zero   RW         1180    .bss.s_tHelper.2    lto-llvm-6cd09c.o
    0x20001948        -       0x000000e8   Zero   RW         1207    .bss.s_tMaskRotateCB  lto-llvm-6cd09c.o
    0x20001a30        -       0x00000004   Zero   RW         1216    .bss.s_wMSResidule  lto-llvm-6cd09c.o
    0x20001a34        -       0x00000004   Zero   RW         1219    .bss.s_wUSResidule  lto-llvm-6cd09c.o
    0x20001a38        -       0x00000024   Zero   RW         1173    .bss.tUsart2Buffer  lto-llvm-6cd09c.o
    0x20001a5c        -       0x00000004   Zero   RW         1167    .bss.timebase_ticks  lto-llvm-6cd09c.o
    0x20001a60        -       0x00000018   Zero   RW         1172    .bss.tmt            lto-llvm-6cd09c.o
    0x20001a78        -       0x00000200   Zero   RW           21    HEAP                startup_at32m412_416.o
    0x20001c78        -       0x00000800   Zero   RW           20    STACK               startup_at32m412_416.o


==============================================================================

Image component sizes


      Code (inc. data)   RO Data    RW Data    ZI Data      Debug   Object Name

     62862        166       9241        324       6418     530322   lto-llvm-6cd09c.o
        36          8        444          0       2560        848   startup_at32m412_416.o
        28          8          0          0          0        534   systick_wrapper_gnu.o

    ----------------------------------------------------------------------
     63268        182       9720        324       8992     531704   Object Totals
         0          0         32          0          0          0   (incl. Generated)
       342          0          3          0         14          0   (incl. Padding)

    ----------------------------------------------------------------------

      Code (inc. data)   RO Data    RW Data    ZI Data      Debug   Library Member Name

       176          0          0          0          0        168   fmodf.o
        16          6          0          0          0        116   funder.o
       194          0          0          0          0        144   lroundf.o
        58          0          0          0          0          0   __dczerorl.o
        40          8          0          0          0         80   cpp_init.o
         0          0          0          0          0          0   entry.o
         0          0          0          0          0          0   entry10a.o
         0          0          0          0          0          0   entry11a.o
         8          4          0          0          0          0   entry2.o
         4          0          0          0          0          0   entry5.o
         0          0          0          0          0          0   entry7b.o
         4          0          0          0          0          0   entry8a.o
         0          0          0          0          0          0   entry8b.o
         8          4          0          0          0          0   entry9a.o
        12          6          0          4          0         68   errno.o
        24          0          0          0          0         80   fputs.o
        30          0          0          0          0          0   handlers.o
        48         10          0          0          0         68   init.o
         0          0          0          0          0          0   iusefp.o
        98          0          0          0          0         84   ldiv.o
        30          0          0          0          0         68   llshl.o
        36          0          0          0          0         68   llsshr.o
        32          0          0          0          0         68   llushr.o
       188         20          0          0          0        160   malloc.o
        36          0          0          0          0         68   memcpya.o
        36          0          0          0          0        108   memseta.o
         0          0          0          8          0          0   mvars.o
      2300         86          0          0          0        516   printfa.o
         0          0          0          4          0          0   stderr.o
         0          0          0          4          0          0   stdout.o
        44          0          0          0          0         80   uidiv.o
        98          0          0          0          0         92   uldiv.o
        48          0          0          0          0         68   cdrcmple.o
        56          0          0          0          0         88   d2f.o
       334          0          0          0          0        148   dadd.o
        54          0          0          0          0         80   dcmpgt.o
       222          0          0          0          0        100   ddiv.o
       186          0          0          0          0        176   depilogue.o
        48          0          0          0          0         68   dfixul.o
        40          0          0          0          0         80   dfltl.o
        24          0          0          0          0         76   dfltul.o
       228          0          0          0          0         96   dmul.o
        38          0          0          0          0         68   f2d.o
       110          0          0          0          0        168   fepilogue.o
        76          0          0          0          0         76   ffixir.o
        82          0          0          0          0         96   frem.o
        60          0          0          0          0         76   frnd.o

    ----------------------------------------------------------------------
      5132        144          0         20          0       3500   Library Totals
         6          0          0          0          0          0   (incl. Padding)

    ----------------------------------------------------------------------

      Code (inc. data)   RO Data    RW Data    ZI Data      Debug   Library Name

       386          6          0          0          0        428   m_wm.l
      3134        138          0         20          0       1608   mc_w.l
      1606          0          0          0          0       1464   mf_w.l

    ----------------------------------------------------------------------
      5132        144          0         20          0       3500   Library Totals

    ----------------------------------------------------------------------

==============================================================================


      Code (inc. data)   RO Data    RW Data    ZI Data      Debug   

     68400        326       9720        344       8992     533624   Grand Totals
     68400        326       9720         64       8992     533624   ELF Image Totals (compressed)
     68400        326       9720         64          0          0   ROM Totals

==============================================================================

    Total RO  Size (Code + RO Data)                78120 (  76.29kB)
    Total RW  Size (RW Data + ZI Data)              9336 (   9.12kB)
    Total ROM Size (Code + RO Data + RW Data)      78184 (  76.35kB)

==============================================================================

